
> Configure project :composeui
w: Kotlin Multiplatform <-> Android Gradle Plugin compatibility issue:
The applied Android Gradle Plugin version (8.10.1) is higher 
than the maximum known to the Kotlin Gradle Plugin.
Tooling stability in such configuration isn't tested, please report encountered issues to https://kotl.in/issue

Minimum supported Android Gradle Plugin version: 7.1
Maximum tested Android Gradle Plugin version: 8.5

To suppress this message add 'kotlin.mpp.androidGradlePluginCompatibility.nowarn=true' to your gradle.properties

w: The Default Kotlin Hierarchy Template was not applied to 'project ':composeui'':
Explicit .dependsOn() edges were configured for the following source sets:
[androidMain, desktopMain, jvmShared]

Consider removing dependsOn-calls or disabling the default template by adding
    'kotlin.mpp.applyDefaultHierarchyTemplate=false'
to your gradle.properties

Learn more about hierarchy templates: https://kotl.in/hierarchy-template


> Configure project :cupertino
w: The Default Kotlin Hierarchy Template was not applied to 'project ':cupertino'':
Explicit .dependsOn() edges were configured for the following source sets:
[androidMain, desktopMain, jvmMain, nonIosMain, skikoMain]

Consider removing dependsOn-calls or disabling the default template by adding
    'kotlin.mpp.applyDefaultHierarchyTemplate=false'
to your gradle.properties

Learn more about hierarchy templates: https://kotl.in/hierarchy-template


> Configure project :cupertino-adaptive
w: The Default Kotlin Hierarchy Template was not applied to 'project ':cupertino-adaptive'':
Explicit .dependsOn() edges were configured for the following source sets:
[androidMain, desktopMain, jvmMain, nonIosMain, skikoMain]

Consider removing dependsOn-calls or disabling the default template by adding
    'kotlin.mpp.applyDefaultHierarchyTemplate=false'
to your gradle.properties

Learn more about hierarchy templates: https://kotl.in/hierarchy-template


> Configure project :cupertino-core
w: The Default Kotlin Hierarchy Template was not applied to 'project ':cupertino-core'':
Explicit .dependsOn() edges were configured for the following source sets:
[androidMain, desktopMain, jvmMain, nonIosMain, skikoMain]

Consider removing dependsOn-calls or disabling the default template by adding
    'kotlin.mpp.applyDefaultHierarchyTemplate=false'
to your gradle.properties

Learn more about hierarchy templates: https://kotl.in/hierarchy-template


> Configure project :cupertino-decompose
w: The Default Kotlin Hierarchy Template was not applied to 'project ':cupertino-decompose'':
Explicit .dependsOn() edges were configured for the following source sets:
[androidMain, desktopMain, jvmMain, nonIosMain, skikoMain]

Consider removing dependsOn-calls or disabling the default template by adding
    'kotlin.mpp.applyDefaultHierarchyTemplate=false'
to your gradle.properties

Learn more about hierarchy templates: https://kotl.in/hierarchy-template


> Configure project :cupertino-icons-extended
w: The Default Kotlin Hierarchy Template was not applied to 'project ':cupertino-icons-extended'':
Explicit .dependsOn() edges were configured for the following source sets:
[androidMain, desktopMain, jvmMain, nonIosMain, skikoMain]

Consider removing dependsOn-calls or disabling the default template by adding
    'kotlin.mpp.applyDefaultHierarchyTemplate=false'
to your gradle.properties

Learn more about hierarchy templates: https://kotl.in/hierarchy-template


> Configure project :cupertino-native
w: The Default Kotlin Hierarchy Template was not applied to 'project ':cupertino-native'':
Explicit .dependsOn() edges were configured for the following source sets:
[androidMain, desktopMain, jvmMain, nonIosMain, skikoMain]

Consider removing dependsOn-calls or disabling the default template by adding
    'kotlin.mpp.applyDefaultHierarchyTemplate=false'
to your gradle.properties

Learn more about hierarchy templates: https://kotl.in/hierarchy-template


> Task :demo-app:preBuild UP-TO-DATE
> Task :demo-app:preDebugBuild UP-TO-DATE
> Task :demo-app:mergeDebugNativeDebugMetadata NO-SOURCE
> Task :swiftbridge:jextract UP-TO-DATE
> Task :swiftbridge:compileJava UP-TO-DATE
> Task :swiftbridge:processResources UP-TO-DATE
> Task :swiftbridge:classes UP-TO-DATE
> Task :swiftbridge:jar UP-TO-DATE
> Task :androidbridge:checkKotlinGradlePluginConfigurationErrors SKIPPED
> Task :androidbridge:preBuild UP-TO-DATE
> Task :androidbridge:preDebugBuild UP-TO-DATE
> Task :androidbridge:generateDebugResValues UP-TO-DATE
> Task :androidbridge:generateDebugResources UP-TO-DATE
> Task :androidbridge:packageDebugResources UP-TO-DATE
> Task :androidbridge:parseDebugLocalResources UP-TO-DATE
> Task :androidbridge:generateDebugRFile UP-TO-DATE
> Task :androidbridge:compileDebugKotlin UP-TO-DATE
> Task :androidbridge:javaPreCompileDebug UP-TO-DATE
> Task :androidbridge:compileDebugJavaWithJavac NO-SOURCE
> Task :androidbridge:bundleLibCompileToJarDebug UP-TO-DATE
> Task :composeui:checkKotlinGradlePluginConfigurationErrors SKIPPED
> Task :composeui:convertXmlValueResourcesForAndroidMain NO-SOURCE
> Task :composeui:copyNonXmlValueResourcesForAndroidMain NO-SOURCE
> Task :composeui:prepareComposeResourcesTaskForAndroidMain NO-SOURCE
> Task :composeui:generateResourceAccessorsForAndroidMain SKIPPED
> Task :composeui:convertXmlValueResourcesForCommonMain NO-SOURCE
> Task :composeui:copyNonXmlValueResourcesForCommonMain NO-SOURCE
> Task :composeui:prepareComposeResourcesTaskForCommonMain NO-SOURCE
> Task :composeui:generateResourceAccessorsForCommonMain SKIPPED
> Task :composeui:convertXmlValueResourcesForJvmShared NO-SOURCE
> Task :composeui:copyNonXmlValueResourcesForJvmShared NO-SOURCE
> Task :composeui:prepareComposeResourcesTaskForJvmShared NO-SOURCE
> Task :composeui:generateResourceAccessorsForJvmShared SKIPPED
> Task :composeui:generateActualResourceCollectorsForAndroidMain SKIPPED
> Task :composeui:generateComposeResClass SKIPPED
> Task :composeui:preBuild UP-TO-DATE
> Task :composeui:preDebugBuild UP-TO-DATE
> Task :composeui:generateDebugResValues UP-TO-DATE
> Task :composeui:generateDebugResources UP-TO-DATE
> Task :composeui:packageDebugResources UP-TO-DATE
> Task :composeui:parseDebugLocalResources UP-TO-DATE
> Task :composeui:generateDebugRFile UP-TO-DATE
> Task :composeui:generateExpectResourceCollectorsForCommonMain SKIPPED
> Task :composeui:convertXmlValueResourcesForAndroidDebug NO-SOURCE
> Task :composeui:copyNonXmlValueResourcesForAndroidDebug NO-SOURCE
> Task :composeui:prepareComposeResourcesTaskForAndroidDebug NO-SOURCE
> Task :composeui:generateResourceAccessorsForAndroidDebug SKIPPED
> Task :cupertino:checkKotlinGradlePluginConfigurationErrors SKIPPED
> Task :cupertino:convertXmlValueResourcesForAndroidMain NO-SOURCE
> Task :cupertino:copyNonXmlValueResourcesForAndroidMain NO-SOURCE
> Task :cupertino:prepareComposeResourcesTaskForAndroidMain NO-SOURCE
> Task :cupertino:generateResourceAccessorsForAndroidMain SKIPPED
> Task :cupertino:convertXmlValueResourcesForCommonMain NO-SOURCE
> Task :cupertino:copyNonXmlValueResourcesForCommonMain NO-SOURCE
> Task :cupertino:prepareComposeResourcesTaskForCommonMain NO-SOURCE
> Task :cupertino:generateResourceAccessorsForCommonMain SKIPPED
> Task :cupertino:convertXmlValueResourcesForJvmMain NO-SOURCE
> Task :cupertino:copyNonXmlValueResourcesForJvmMain NO-SOURCE
> Task :cupertino:prepareComposeResourcesTaskForJvmMain NO-SOURCE
> Task :cupertino:generateResourceAccessorsForJvmMain SKIPPED
> Task :cupertino:convertXmlValueResourcesForNonIosMain NO-SOURCE
> Task :cupertino:copyNonXmlValueResourcesForNonIosMain NO-SOURCE
> Task :cupertino:prepareComposeResourcesTaskForNonIosMain NO-SOURCE
> Task :cupertino:generateResourceAccessorsForNonIosMain SKIPPED
> Task :cupertino:generateActualResourceCollectorsForAndroidMain SKIPPED
> Task :cupertino:generateComposeResClass SKIPPED
> Task :cupertino:preBuild UP-TO-DATE
> Task :cupertino:preDebugBuild UP-TO-DATE
> Task :cupertino:generateDebugResValues UP-TO-DATE
> Task :cupertino:generateDebugResources UP-TO-DATE
> Task :cupertino:packageDebugResources UP-TO-DATE
> Task :cupertino:parseDebugLocalResources UP-TO-DATE
> Task :cupertino:generateDebugRFile UP-TO-DATE
> Task :cupertino:generateExpectResourceCollectorsForCommonMain SKIPPED
> Task :cupertino:convertXmlValueResourcesForAndroidDebug NO-SOURCE
> Task :cupertino:copyNonXmlValueResourcesForAndroidDebug NO-SOURCE
> Task :cupertino:prepareComposeResourcesTaskForAndroidDebug NO-SOURCE
> Task :cupertino:generateResourceAccessorsForAndroidDebug SKIPPED
> Task :cupertino-core:checkKotlinGradlePluginConfigurationErrors SKIPPED
> Task :cupertino-core:convertXmlValueResourcesForAndroidMain NO-SOURCE
> Task :cupertino-core:copyNonXmlValueResourcesForAndroidMain NO-SOURCE
> Task :cupertino-core:prepareComposeResourcesTaskForAndroidMain NO-SOURCE
> Task :cupertino-core:generateResourceAccessorsForAndroidMain SKIPPED
> Task :cupertino-core:convertXmlValueResourcesForCommonMain NO-SOURCE
> Task :cupertino-core:copyNonXmlValueResourcesForCommonMain NO-SOURCE
> Task :cupertino-core:prepareComposeResourcesTaskForCommonMain NO-SOURCE
> Task :cupertino-core:generateResourceAccessorsForCommonMain SKIPPED
> Task :cupertino-core:convertXmlValueResourcesForJvmMain NO-SOURCE
> Task :cupertino-core:copyNonXmlValueResourcesForJvmMain NO-SOURCE
> Task :cupertino-core:prepareComposeResourcesTaskForJvmMain NO-SOURCE
> Task :cupertino-core:generateResourceAccessorsForJvmMain SKIPPED
> Task :cupertino-core:convertXmlValueResourcesForNonIosMain NO-SOURCE
> Task :cupertino-core:copyNonXmlValueResourcesForNonIosMain NO-SOURCE
> Task :cupertino-core:prepareComposeResourcesTaskForNonIosMain NO-SOURCE
> Task :cupertino-core:generateResourceAccessorsForNonIosMain SKIPPED
> Task :cupertino-core:generateActualResourceCollectorsForAndroidMain SKIPPED
> Task :cupertino-core:generateComposeResClass SKIPPED
> Task :cupertino-core:preBuild UP-TO-DATE
> Task :cupertino-core:preDebugBuild UP-TO-DATE
> Task :cupertino-core:generateDebugResValues UP-TO-DATE
> Task :cupertino-core:generateDebugResources UP-TO-DATE
> Task :cupertino-core:packageDebugResources UP-TO-DATE
> Task :cupertino-core:parseDebugLocalResources UP-TO-DATE
> Task :cupertino-core:generateDebugRFile UP-TO-DATE
> Task :cupertino-core:generateExpectResourceCollectorsForCommonMain SKIPPED
> Task :cupertino-core:convertXmlValueResourcesForAndroidDebug NO-SOURCE
> Task :cupertino-core:copyNonXmlValueResourcesForAndroidDebug NO-SOURCE
> Task :cupertino-core:prepareComposeResourcesTaskForAndroidDebug NO-SOURCE
> Task :cupertino-core:generateResourceAccessorsForAndroidDebug SKIPPED
> Task :cupertino-core:compileDebugKotlinAndroid UP-TO-DATE
> Task :cupertino-core:javaPreCompileDebug UP-TO-DATE
> Task :cupertino-core:compileDebugJavaWithJavac NO-SOURCE
> Task :cupertino-core:bundleLibCompileToJarDebug UP-TO-DATE
> Task :cupertino:compileDebugKotlinAndroid UP-TO-DATE
> Task :cupertino:javaPreCompileDebug UP-TO-DATE
> Task :cupertino:compileDebugJavaWithJavac NO-SOURCE
> Task :cupertino:bundleLibCompileToJarDebug UP-TO-DATE
> Task :cupertino-adaptive:checkKotlinGradlePluginConfigurationErrors SKIPPED
> Task :cupertino-adaptive:convertXmlValueResourcesForAndroidMain NO-SOURCE
> Task :cupertino-adaptive:copyNonXmlValueResourcesForAndroidMain NO-SOURCE
> Task :cupertino-adaptive:prepareComposeResourcesTaskForAndroidMain NO-SOURCE
> Task :cupertino-adaptive:generateResourceAccessorsForAndroidMain SKIPPED
> Task :cupertino-adaptive:convertXmlValueResourcesForCommonMain NO-SOURCE
> Task :cupertino-adaptive:copyNonXmlValueResourcesForCommonMain NO-SOURCE
> Task :cupertino-adaptive:prepareComposeResourcesTaskForCommonMain NO-SOURCE
> Task :cupertino-adaptive:generateResourceAccessorsForCommonMain SKIPPED
> Task :cupertino-adaptive:convertXmlValueResourcesForJvmMain NO-SOURCE
> Task :cupertino-adaptive:copyNonXmlValueResourcesForJvmMain NO-SOURCE
> Task :cupertino-adaptive:prepareComposeResourcesTaskForJvmMain NO-SOURCE
> Task :cupertino-adaptive:generateResourceAccessorsForJvmMain SKIPPED
> Task :cupertino-adaptive:convertXmlValueResourcesForNonIosMain NO-SOURCE
> Task :cupertino-adaptive:copyNonXmlValueResourcesForNonIosMain NO-SOURCE
> Task :cupertino-adaptive:prepareComposeResourcesTaskForNonIosMain NO-SOURCE
> Task :cupertino-adaptive:generateResourceAccessorsForNonIosMain SKIPPED
> Task :cupertino-adaptive:generateActualResourceCollectorsForAndroidMain SKIPPED
> Task :cupertino-adaptive:generateComposeResClass SKIPPED
> Task :cupertino-adaptive:preBuild UP-TO-DATE
> Task :cupertino-adaptive:preDebugBuild UP-TO-DATE
> Task :cupertino-adaptive:generateDebugResValues UP-TO-DATE
> Task :cupertino-adaptive:generateDebugResources UP-TO-DATE
> Task :cupertino-adaptive:packageDebugResources UP-TO-DATE
> Task :cupertino-adaptive:parseDebugLocalResources UP-TO-DATE
> Task :cupertino-adaptive:generateDebugRFile UP-TO-DATE
> Task :cupertino-adaptive:generateExpectResourceCollectorsForCommonMain SKIPPED
> Task :cupertino-adaptive:convertXmlValueResourcesForAndroidDebug NO-SOURCE
> Task :cupertino-adaptive:copyNonXmlValueResourcesForAndroidDebug NO-SOURCE
> Task :cupertino-adaptive:prepareComposeResourcesTaskForAndroidDebug NO-SOURCE
> Task :cupertino-adaptive:generateResourceAccessorsForAndroidDebug SKIPPED
> Task :cupertino-native:checkKotlinGradlePluginConfigurationErrors SKIPPED
> Task :cupertino-native:convertXmlValueResourcesForAndroidMain NO-SOURCE
> Task :cupertino-native:copyNonXmlValueResourcesForAndroidMain NO-SOURCE
> Task :cupertino-native:prepareComposeResourcesTaskForAndroidMain NO-SOURCE
> Task :cupertino-native:generateResourceAccessorsForAndroidMain SKIPPED
> Task :cupertino-native:convertXmlValueResourcesForCommonMain NO-SOURCE
> Task :cupertino-native:copyNonXmlValueResourcesForCommonMain NO-SOURCE
> Task :cupertino-native:prepareComposeResourcesTaskForCommonMain NO-SOURCE
> Task :cupertino-native:generateResourceAccessorsForCommonMain SKIPPED
> Task :cupertino-native:convertXmlValueResourcesForJvmMain NO-SOURCE
> Task :cupertino-native:copyNonXmlValueResourcesForJvmMain NO-SOURCE
> Task :cupertino-native:prepareComposeResourcesTaskForJvmMain NO-SOURCE
> Task :cupertino-native:generateResourceAccessorsForJvmMain SKIPPED
> Task :cupertino-native:convertXmlValueResourcesForNonIosMain NO-SOURCE
> Task :cupertino-native:copyNonXmlValueResourcesForNonIosMain NO-SOURCE
> Task :cupertino-native:prepareComposeResourcesTaskForNonIosMain NO-SOURCE
> Task :cupertino-native:generateResourceAccessorsForNonIosMain SKIPPED
> Task :cupertino-native:generateActualResourceCollectorsForAndroidMain SKIPPED
> Task :cupertino-native:generateComposeResClass SKIPPED
> Task :cupertino-native:preBuild UP-TO-DATE
> Task :cupertino-native:preDebugBuild UP-TO-DATE
> Task :cupertino-native:generateDebugResValues UP-TO-DATE
> Task :cupertino-native:generateDebugResources UP-TO-DATE
> Task :cupertino-native:packageDebugResources UP-TO-DATE
> Task :cupertino-native:parseDebugLocalResources UP-TO-DATE
> Task :cupertino-native:generateDebugRFile UP-TO-DATE
> Task :cupertino-native:generateExpectResourceCollectorsForCommonMain SKIPPED
> Task :cupertino-native:convertXmlValueResourcesForAndroidDebug NO-SOURCE
> Task :cupertino-native:copyNonXmlValueResourcesForAndroidDebug NO-SOURCE
> Task :cupertino-native:prepareComposeResourcesTaskForAndroidDebug NO-SOURCE
> Task :cupertino-native:generateResourceAccessorsForAndroidDebug SKIPPED
> Task :cupertino-native:compileDebugKotlinAndroid UP-TO-DATE
> Task :cupertino-native:javaPreCompileDebug UP-TO-DATE
> Task :cupertino-native:compileDebugJavaWithJavac NO-SOURCE
> Task :cupertino-native:bundleLibCompileToJarDebug UP-TO-DATE
> Task :cupertino-adaptive:compileDebugKotlinAndroid UP-TO-DATE
> Task :cupertino-adaptive:javaPreCompileDebug UP-TO-DATE
> Task :cupertino-adaptive:compileDebugJavaWithJavac NO-SOURCE
> Task :cupertino-adaptive:bundleLibCompileToJarDebug UP-TO-DATE
> Task :cupertino-decompose:checkKotlinGradlePluginConfigurationErrors SKIPPED
> Task :cupertino-decompose:convertXmlValueResourcesForAndroidMain NO-SOURCE
> Task :cupertino-decompose:copyNonXmlValueResourcesForAndroidMain NO-SOURCE
> Task :cupertino-decompose:prepareComposeResourcesTaskForAndroidMain NO-SOURCE
> Task :cupertino-decompose:generateResourceAccessorsForAndroidMain SKIPPED
> Task :cupertino-decompose:convertXmlValueResourcesForCommonMain NO-SOURCE
> Task :cupertino-decompose:copyNonXmlValueResourcesForCommonMain NO-SOURCE
> Task :cupertino-decompose:prepareComposeResourcesTaskForCommonMain NO-SOURCE
> Task :cupertino-decompose:generateResourceAccessorsForCommonMain SKIPPED
> Task :cupertino-decompose:convertXmlValueResourcesForJvmMain NO-SOURCE
> Task :cupertino-decompose:copyNonXmlValueResourcesForJvmMain NO-SOURCE
> Task :cupertino-decompose:prepareComposeResourcesTaskForJvmMain NO-SOURCE
> Task :cupertino-decompose:generateResourceAccessorsForJvmMain SKIPPED
> Task :cupertino-decompose:convertXmlValueResourcesForNonIosMain NO-SOURCE
> Task :cupertino-decompose:copyNonXmlValueResourcesForNonIosMain NO-SOURCE
> Task :cupertino-decompose:prepareComposeResourcesTaskForNonIosMain NO-SOURCE
> Task :cupertino-decompose:generateResourceAccessorsForNonIosMain SKIPPED
> Task :cupertino-decompose:generateActualResourceCollectorsForAndroidMain SKIPPED
> Task :cupertino-decompose:generateComposeResClass SKIPPED
> Task :cupertino-decompose:preBuild UP-TO-DATE
> Task :cupertino-decompose:preDebugBuild UP-TO-DATE
> Task :cupertino-decompose:generateDebugResValues UP-TO-DATE
> Task :cupertino-decompose:generateDebugResources UP-TO-DATE
> Task :cupertino-decompose:packageDebugResources UP-TO-DATE
> Task :cupertino-decompose:parseDebugLocalResources UP-TO-DATE
> Task :cupertino-decompose:generateDebugRFile UP-TO-DATE
> Task :cupertino-decompose:generateExpectResourceCollectorsForCommonMain SKIPPED
> Task :cupertino-decompose:convertXmlValueResourcesForAndroidDebug NO-SOURCE
> Task :cupertino-decompose:copyNonXmlValueResourcesForAndroidDebug NO-SOURCE
> Task :cupertino-decompose:prepareComposeResourcesTaskForAndroidDebug NO-SOURCE
> Task :cupertino-decompose:generateResourceAccessorsForAndroidDebug SKIPPED
> Task :cupertino-decompose:compileDebugKotlinAndroid UP-TO-DATE
> Task :cupertino-decompose:javaPreCompileDebug UP-TO-DATE
> Task :cupertino-decompose:compileDebugJavaWithJavac NO-SOURCE
> Task :cupertino-decompose:bundleLibCompileToJarDebug UP-TO-DATE
> Task :cupertino-icons-extended:checkKotlinGradlePluginConfigurationErrors SKIPPED
> Task :cupertino-icons-extended:convertXmlValueResourcesForAndroidMain NO-SOURCE
> Task :cupertino-icons-extended:copyNonXmlValueResourcesForAndroidMain NO-SOURCE
> Task :cupertino-icons-extended:prepareComposeResourcesTaskForAndroidMain NO-SOURCE
> Task :cupertino-icons-extended:generateResourceAccessorsForAndroidMain SKIPPED
> Task :cupertino-icons-extended:convertXmlValueResourcesForCommonMain NO-SOURCE
> Task :cupertino-icons-extended:copyNonXmlValueResourcesForCommonMain NO-SOURCE
> Task :cupertino-icons-extended:prepareComposeResourcesTaskForCommonMain NO-SOURCE
> Task :cupertino-icons-extended:generateResourceAccessorsForCommonMain SKIPPED
> Task :cupertino-icons-extended:convertXmlValueResourcesForJvmMain NO-SOURCE
> Task :cupertino-icons-extended:copyNonXmlValueResourcesForJvmMain NO-SOURCE
> Task :cupertino-icons-extended:prepareComposeResourcesTaskForJvmMain NO-SOURCE
> Task :cupertino-icons-extended:generateResourceAccessorsForJvmMain SKIPPED
> Task :cupertino-icons-extended:convertXmlValueResourcesForNonIosMain NO-SOURCE
> Task :cupertino-icons-extended:copyNonXmlValueResourcesForNonIosMain NO-SOURCE
> Task :cupertino-icons-extended:prepareComposeResourcesTaskForNonIosMain NO-SOURCE
> Task :cupertino-icons-extended:generateResourceAccessorsForNonIosMain SKIPPED
> Task :cupertino-icons-extended:generateActualResourceCollectorsForAndroidMain SKIPPED
> Task :cupertino-icons-extended:generateComposeResClass SKIPPED
> Task :cupertino-icons-extended:preBuild UP-TO-DATE
> Task :cupertino-icons-extended:preDebugBuild UP-TO-DATE
> Task :cupertino-icons-extended:generateDebugResValues UP-TO-DATE
> Task :cupertino-icons-extended:generateDebugResources UP-TO-DATE
> Task :cupertino-icons-extended:packageDebugResources UP-TO-DATE
> Task :cupertino-icons-extended:parseDebugLocalResources UP-TO-DATE
> Task :cupertino-icons-extended:generateDebugRFile UP-TO-DATE
> Task :cupertino-icons-extended:generateExpectResourceCollectorsForCommonMain SKIPPED
> Task :cupertino-icons-extended:convertXmlValueResourcesForAndroidDebug NO-SOURCE
> Task :cupertino-icons-extended:copyNonXmlValueResourcesForAndroidDebug NO-SOURCE
> Task :cupertino-icons-extended:prepareComposeResourcesTaskForAndroidDebug NO-SOURCE
> Task :cupertino-icons-extended:generateResourceAccessorsForAndroidDebug SKIPPED
> Task :cupertino-icons-extended:compileDebugKotlinAndroid UP-TO-DATE
> Task :cupertino-icons-extended:javaPreCompileDebug UP-TO-DATE
> Task :cupertino-icons-extended:compileDebugJavaWithJavac NO-SOURCE
> Task :cupertino-icons-extended:bundleLibCompileToJarDebug UP-TO-DATE
> Task :composeui:compileDebugKotlinAndroid UP-TO-DATE
> Task :composeui:javaPreCompileDebug UP-TO-DATE
> Task :composeui:compileDebugJavaWithJavac NO-SOURCE
> Task :composeui:bundleLibCompileToJarDebug UP-TO-DATE
> Task :demo-app:checkKotlinGradlePluginConfigurationErrors SKIPPED
> Task :androidbridge:compileDebugLibraryResources UP-TO-DATE
> Task :composeui:compileDebugLibraryResources UP-TO-DATE
> Task :cupertino:compileDebugLibraryResources UP-TO-DATE
> Task :cupertino-adaptive:compileDebugLibraryResources UP-TO-DATE
> Task :cupertino-core:compileDebugLibraryResources UP-TO-DATE
> Task :cupertino-decompose:compileDebugLibraryResources UP-TO-DATE
> Task :cupertino-icons-extended:compileDebugLibraryResources UP-TO-DATE
> Task :cupertino-native:compileDebugLibraryResources UP-TO-DATE
> Task :androidbridge:writeDebugAarMetadata UP-TO-DATE
> Task :composeui:writeDebugAarMetadata UP-TO-DATE
> Task :cupertino:writeDebugAarMetadata UP-TO-DATE
> Task :cupertino-adaptive:writeDebugAarMetadata UP-TO-DATE
> Task :cupertino-core:writeDebugAarMetadata UP-TO-DATE
> Task :cupertino-decompose:writeDebugAarMetadata UP-TO-DATE
> Task :cupertino-icons-extended:writeDebugAarMetadata UP-TO-DATE
> Task :cupertino-native:writeDebugAarMetadata UP-TO-DATE
> Task :demo-app:checkDebugAarMetadata UP-TO-DATE
> Task :demo-app:generateDebugResValues UP-TO-DATE
> Task :demo-app:mapDebugSourceSetPaths UP-TO-DATE
> Task :demo-app:generateDebugResources UP-TO-DATE
> Task :demo-app:mergeDebugResources UP-TO-DATE
> Task :demo-app:packageDebugResources UP-TO-DATE
> Task :demo-app:parseDebugLocalResources UP-TO-DATE
> Task :demo-app:createDebugCompatibleScreenManifests UP-TO-DATE
> Task :androidbridge:extractDeepLinksDebug UP-TO-DATE
> Task :androidbridge:processDebugManifest UP-TO-DATE
> Task :composeui:extractDeepLinksDebug UP-TO-DATE
> Task :composeui:processDebugManifest UP-TO-DATE
> Task :cupertino:extractDeepLinksDebug UP-TO-DATE
> Task :cupertino:processDebugManifest UP-TO-DATE
> Task :cupertino-adaptive:extractDeepLinksDebug UP-TO-DATE
> Task :cupertino-adaptive:processDebugManifest UP-TO-DATE
> Task :cupertino-core:extractDeepLinksDebug UP-TO-DATE
> Task :cupertino-core:processDebugManifest UP-TO-DATE
> Task :cupertino-decompose:extractDeepLinksDebug UP-TO-DATE
> Task :cupertino-decompose:processDebugManifest UP-TO-DATE
> Task :cupertino-icons-extended:extractDeepLinksDebug UP-TO-DATE
> Task :cupertino-icons-extended:processDebugManifest UP-TO-DATE
> Task :cupertino-native:extractDeepLinksDebug UP-TO-DATE
> Task :cupertino-native:processDebugManifest UP-TO-DATE
> Task :demo-app:extractDeepLinksDebug UP-TO-DATE
> Task :demo-app:processDebugMainManifest UP-TO-DATE
> Task :demo-app:processDebugManifest UP-TO-DATE
> Task :demo-app:processDebugManifestForPackage UP-TO-DATE
> Task :demo-app:processDebugResources UP-TO-DATE
> Task :demo-app:compileDebugKotlin UP-TO-DATE
> Task :demo-app:javaPreCompileDebug UP-TO-DATE
> Task :demo-app:compileDebugJavaWithJavac NO-SOURCE
> Task :androidbridge:mergeDebugShaders UP-TO-DATE
> Task :androidbridge:compileDebugShaders NO-SOURCE
> Task :androidbridge:generateDebugAssets UP-TO-DATE
> Task :androidbridge:mergeDebugAssets UP-TO-DATE
> Task :composeui:mergeDebugShaders UP-TO-DATE
> Task :composeui:compileDebugShaders NO-SOURCE
> Task :composeui:copyDebugComposeResourcesToAndroidAssets UP-TO-DATE
> Task :composeui:debugAssetsCopyForAGP NO-SOURCE
> Task :composeui:generateDebugAssets UP-TO-DATE
> Task :composeui:mergeDebugAssets UP-TO-DATE
> Task :cupertino:mergeDebugShaders UP-TO-DATE
> Task :cupertino:compileDebugShaders NO-SOURCE
> Task :cupertino:copyDebugComposeResourcesToAndroidAssets UP-TO-DATE
> Task :cupertino:debugAssetsCopyForAGP NO-SOURCE
> Task :cupertino:generateDebugAssets UP-TO-DATE
> Task :cupertino:mergeDebugAssets UP-TO-DATE
> Task :cupertino-adaptive:mergeDebugShaders UP-TO-DATE
> Task :cupertino-adaptive:compileDebugShaders NO-SOURCE
> Task :cupertino-adaptive:copyDebugComposeResourcesToAndroidAssets UP-TO-DATE
> Task :cupertino-adaptive:debugAssetsCopyForAGP NO-SOURCE
> Task :cupertino-adaptive:generateDebugAssets UP-TO-DATE
> Task :cupertino-adaptive:mergeDebugAssets UP-TO-DATE
> Task :cupertino-core:mergeDebugShaders UP-TO-DATE
> Task :cupertino-core:compileDebugShaders NO-SOURCE
> Task :cupertino-core:copyDebugComposeResourcesToAndroidAssets UP-TO-DATE
> Task :cupertino-core:debugAssetsCopyForAGP NO-SOURCE
> Task :cupertino-core:generateDebugAssets UP-TO-DATE
> Task :cupertino-core:mergeDebugAssets UP-TO-DATE
> Task :cupertino-decompose:mergeDebugShaders UP-TO-DATE
> Task :cupertino-decompose:compileDebugShaders NO-SOURCE
> Task :cupertino-decompose:copyDebugComposeResourcesToAndroidAssets UP-TO-DATE
> Task :cupertino-decompose:debugAssetsCopyForAGP NO-SOURCE
> Task :cupertino-decompose:generateDebugAssets UP-TO-DATE
> Task :cupertino-decompose:mergeDebugAssets UP-TO-DATE
> Task :cupertino-icons-extended:mergeDebugShaders UP-TO-DATE
> Task :cupertino-icons-extended:compileDebugShaders NO-SOURCE
> Task :cupertino-icons-extended:copyDebugComposeResourcesToAndroidAssets UP-TO-DATE
> Task :cupertino-icons-extended:debugAssetsCopyForAGP NO-SOURCE
> Task :cupertino-icons-extended:generateDebugAssets UP-TO-DATE
> Task :cupertino-icons-extended:mergeDebugAssets UP-TO-DATE
> Task :cupertino-native:mergeDebugShaders UP-TO-DATE
> Task :cupertino-native:compileDebugShaders NO-SOURCE
> Task :cupertino-native:copyDebugComposeResourcesToAndroidAssets UP-TO-DATE
> Task :cupertino-native:debugAssetsCopyForAGP NO-SOURCE
> Task :cupertino-native:generateDebugAssets UP-TO-DATE
> Task :cupertino-native:mergeDebugAssets UP-TO-DATE
> Task :demo-app:mergeDebugShaders UP-TO-DATE
> Task :demo-app:compileDebugShaders NO-SOURCE
> Task :demo-app:generateDebugAssets UP-TO-DATE
> Task :demo-app:mergeDebugAssets UP-TO-DATE
> Task :demo-app:compressDebugAssets UP-TO-DATE
> Task :demo-app:l8DexDesugarLibDebug UP-TO-DATE
> Task :androidbridge:processDebugJavaRes UP-TO-DATE
> Task :composeui:processDebugJavaRes UP-TO-DATE
> Task :cupertino:processDebugJavaRes UP-TO-DATE
> Task :cupertino-adaptive:processDebugJavaRes UP-TO-DATE
> Task :cupertino-core:processDebugJavaRes UP-TO-DATE
> Task :cupertino-decompose:processDebugJavaRes UP-TO-DATE
> Task :cupertino-icons-extended:processDebugJavaRes UP-TO-DATE
> Task :cupertino-native:processDebugJavaRes UP-TO-DATE
> Task :demo-app:processDebugJavaRes UP-TO-DATE
> Task :demo-app:mergeDebugJavaResource UP-TO-DATE
> Task :demo-app:checkDebugDuplicateClasses UP-TO-DATE
> Task :demo-app:desugarDebugFileDependencies UP-TO-DATE
> Task :demo-app:mergeExtDexDebug UP-TO-DATE
> Task :composeui:bundleLibRuntimeToDirDebug UP-TO-DATE
> Task :androidbridge:bundleLibRuntimeToDirDebug UP-TO-DATE
> Task :cupertino-adaptive:bundleLibRuntimeToDirDebug UP-TO-DATE
> Task :cupertino-native:bundleLibRuntimeToDirDebug UP-TO-DATE
> Task :cupertino-icons-extended:bundleLibRuntimeToDirDebug UP-TO-DATE
> Task :cupertino:bundleLibRuntimeToDirDebug UP-TO-DATE
> Task :cupertino-decompose:bundleLibRuntimeToDirDebug UP-TO-DATE
> Task :cupertino-core:bundleLibRuntimeToDirDebug UP-TO-DATE
> Task :demo-app:dexBuilderDebug UP-TO-DATE
> Task :demo-app:mergeLibDexDebug UP-TO-DATE
> Task :demo-app:mergeProjectDexDebug UP-TO-DATE
> Task :androidbridge:mergeDebugJniLibFolders UP-TO-DATE
> Task :androidbridge:mergeDebugNativeLibs NO-SOURCE
> Task :androidbridge:copyDebugJniLibsProjectOnly UP-TO-DATE
> Task :composeui:mergeDebugJniLibFolders UP-TO-DATE
> Task :composeui:mergeDebugNativeLibs NO-SOURCE
> Task :composeui:copyDebugJniLibsProjectOnly UP-TO-DATE
> Task :cupertino:mergeDebugJniLibFolders UP-TO-DATE
> Task :cupertino:mergeDebugNativeLibs NO-SOURCE
> Task :cupertino:copyDebugJniLibsProjectOnly UP-TO-DATE
> Task :cupertino-adaptive:mergeDebugJniLibFolders UP-TO-DATE
> Task :cupertino-adaptive:mergeDebugNativeLibs NO-SOURCE
> Task :cupertino-adaptive:copyDebugJniLibsProjectOnly UP-TO-DATE
> Task :cupertino-core:mergeDebugJniLibFolders UP-TO-DATE
> Task :cupertino-core:mergeDebugNativeLibs NO-SOURCE
> Task :cupertino-core:copyDebugJniLibsProjectOnly UP-TO-DATE
> Task :cupertino-decompose:mergeDebugJniLibFolders UP-TO-DATE
> Task :cupertino-decompose:mergeDebugNativeLibs NO-SOURCE
> Task :cupertino-decompose:copyDebugJniLibsProjectOnly UP-TO-DATE
> Task :cupertino-icons-extended:mergeDebugJniLibFolders UP-TO-DATE
> Task :cupertino-icons-extended:mergeDebugNativeLibs NO-SOURCE
> Task :cupertino-icons-extended:copyDebugJniLibsProjectOnly UP-TO-DATE
> Task :cupertino-native:mergeDebugJniLibFolders UP-TO-DATE
> Task :cupertino-native:mergeDebugNativeLibs NO-SOURCE
> Task :cupertino-native:copyDebugJniLibsProjectOnly UP-TO-DATE
> Task :demo-app:mergeDebugJniLibFolders UP-TO-DATE
> Task :demo-app:mergeDebugNativeLibs UP-TO-DATE
> Task :demo-app:stripDebugDebugSymbols UP-TO-DATE
> Task :demo-app:validateSigningDebug UP-TO-DATE
> Task :demo-app:writeDebugAppMetadata UP-TO-DATE
> Task :demo-app:writeDebugSigningConfigVersions UP-TO-DATE
> Task :demo-app:packageDebug
> Task :demo-app:createDebugApkListingFileRedirect UP-TO-DATE
> Task :demo-app:assembleDebug
[Incubating] Problems report is available at: file:///Users/mac/SwiftKey/AndroidSwiftUI/build/reports/problems/problems-report.html

Deprecated Gradle features were used in this build, making it incompatible with Gradle 9.0.

You can use '--warning-mode all' to show the individual deprecation warnings and determine if they come from your own scripts or plugins.

For more on this, please refer to https://docs.gradle.org/8.11.1/userguide/command_line_interface.html#sec:command_line_warnings in the Gradle documentation.

BUILD SUCCESSFUL in 1s
190 actionable tasks: 1 executed, 189 up-to-date
