warning: 'android': Conflicting identity for swift-android-native: dependency 'github.com/swift-android-sdk/swift-android-native' and dependency 'github.com/millertechnologyperu/swift-android-native' both point to the same package identity 'swift-android-native'. The dependencies are introduced through the following chains: (A) /users/mac/swiftkey/androidswiftui/demo/swift->/users/mac/swiftkey/androidswiftui->github.com/pureswift/android->github.com/swift-android-sdk/swift-android-native (B) /users/mac/swiftkey/androidswiftui/demo/swift->/users/mac/swiftkey/androidswiftui->github.com/millertechnologyperu/swift-android-native. If there are multiple chains that lead to the same dependency, only the first chain is shown here. To see all chains use debug output option. To resolve the conflict, coordinate with the maintainer of the package that introduces the conflicting dependency. This will be escalated to an error in future versions of SwiftPM.
[0/3] Write swift-version-43AF9A9ED32E53B.txt
[1/4] Compiling CSwiftJavaJNI dummy.c
[2/8] Compiling CSystem shims.c
[3/8] Compiling _SwiftSyntaxCShims PlatformMutex.c
[4/8] Compiling _SubprocessCShims process_shims.c
[5/10] Write Objects.LinkFileList
[6/10] Linking SwiftJavaMacros-tool
[7/10] Write Objects.LinkFileList
[8/10] Linking swift-java-tool
[9/10] Applying swift-java-tool
[10/14] Write swift-version-43AF9A9ED32E53B.txt
[11/14] Write Objects.LinkFileList
[12/14] Linking StaticBuildConfigPluginExecutable-tool
[13/14] Applying StaticBuildConfigPluginExecutable-tool
[0/1] Planning build
Building for debugging...
[0/3] Write sources
[1/3] Write swift-version-43AF9A9ED32E53B.txt
[3/8] Compiling SwiftUICore CupertinoDefaults.swift
[4/8] Compiling SwiftUICore CupertinoPresentation.swift
[5/8] Compiling SwiftUICore LazyStacks.swift
[6/65] Compiling SwiftUICore Text.swift
[7/65] Compiling SwiftUICore Transition.swift
[8/65] Compiling SwiftUICore VideoPlayer.swift
[9/68] Compiling SwiftUICore Gradient.swift
[10/68] Compiling SwiftUICore Label.swift
[11/68] Compiling SwiftUICore Link.swift
[12/71] Compiling SwiftUICore Shapes.swift
[13/71] Compiling SwiftUICore Stacks.swift
[14/71] Compiling SwiftUICore Stepper.swift
[15/71] Compiling SwiftUICore CupertinoCatalogView.swift
[16/71] Compiling SwiftUICore Views.swift
[17/71] Compiling SwiftUICore RenderNode.swift
[18/71] Compiling SwiftUICore State.swift
[19/71] Compiling SwiftUICore AppearanceModifiers.swift
[20/71] Compiling SwiftUICore ControlStyles.swift
[21/71] Compiling SwiftUICore InteractionModifiers.swift
[22/71] Compiling SwiftUICore KeyboardModifiers.swift
[23/71] Compiling SwiftUICore ForEach.swift
[24/71] Compiling SwiftUICore Form.swift
[25/71] Compiling SwiftUICore GeometryReader.swift
[26/71] Compiling SwiftUICore ContextMenu.swift
[27/71] Compiling SwiftUICore Controls.swift
[28/71] Compiling SwiftUICore DatePicker.swift
[29/71] Compiling SwiftUICore DisclosureGroup.swift
[30/71] Compiling SwiftUICore Map.swift
[31/71] Compiling SwiftUICore Menu.swift
[32/71] Compiling SwiftUICore Overlay.swift
[33/71] Compiling SwiftUICore View.swift
[34/71] Compiling SwiftUICore ViewBuilder.swift
[35/71] Compiling SwiftUICore ViewHost.swift
[36/71] Compiling SwiftUICore SubtreeAnchors.swift
[37/71] Compiling SwiftUICore TabView.swift
[38/71] Compiling SwiftUICore Toolbar.swift
[39/71] Compiling SwiftUICore Presentation.swift
[40/71] Compiling SwiftUICore AsyncImage.swift
[41/71] Compiling SwiftUICore Button.swift
[42/71] Compiling SwiftUICore ComposableView.swift
[43/71] Compiling SwiftUICore CupertinoTextEntry.swift
[44/71] Compiling SwiftUICore Environment.swift
[45/71] Compiling SwiftUICore Evaluator.swift
[46/71] Compiling SwiftUICore FocusState.swift
[47/71] Compiling SwiftUICore Picker.swift
[48/71] Compiling SwiftUICore Popover.swift
[49/71] Compiling SwiftUICore ProgressView.swift
[50/71] Compiling SwiftUICore Modifiers.swift
[51/71] Compiling SwiftUICore TextModifiers.swift
[52/71] Compiling SwiftUICore Navigation.swift
[53/71] Compiling SwiftUICore Preferences.swift
[54/71] Compiling SwiftUICore Animation.swift
[55/71] Compiling SwiftUICore Color.swift
[56/71] Compiling SwiftUICore CupertinoComponent.swift
[57/71] Compiling SwiftUICore CupertinoControls.swift
[58/71] Compiling SwiftUICore Gesture.swift
/Users/mac/SwiftKey/AndroidSwiftUI/SwiftUICore/Sources/SwiftUICore/List.swift:48:17: warning: variable 'rowContext' was never mutated; consider changing to 'let' constant
46 |             let element = elements[index]
47 |             let key = "#\(identityString(keyFor(element)))"
48 |             var rowContext = ResolveContext(
   |                 `- warning: variable 'rowContext' was never mutated; consider changing to 'let' constant
49 |                 storage: storage,
50 |                 callbacks: callbacks,
[59/71] Compiling SwiftUICore Grids.swift
/Users/mac/SwiftKey/AndroidSwiftUI/SwiftUICore/Sources/SwiftUICore/List.swift:48:17: warning: variable 'rowContext' was never mutated; consider changing to 'let' constant
46 |             let element = elements[index]
47 |             let key = "#\(identityString(keyFor(element)))"
48 |             var rowContext = ResolveContext(
   |                 `- warning: variable 'rowContext' was never mutated; consider changing to 'let' constant
49 |                 storage: storage,
50 |                 callbacks: callbacks,
[60/71] Compiling SwiftUICore List.swift
/Users/mac/SwiftKey/AndroidSwiftUI/SwiftUICore/Sources/SwiftUICore/List.swift:48:17: warning: variable 'rowContext' was never mutated; consider changing to 'let' constant
46 |             let element = elements[index]
47 |             let key = "#\(identityString(keyFor(element)))"
48 |             var rowContext = ResolveContext(
   |                 `- warning: variable 'rowContext' was never mutated; consider changing to 'let' constant
49 |                 storage: storage,
50 |                 callbacks: callbacks,
[61/71] Compiling SwiftUICore Accessibility.swift
/Users/mac/SwiftKey/AndroidSwiftUI/SwiftUICore/Sources/SwiftUICore/List.swift:48:17: warning: variable 'rowContext' was never mutated; consider changing to 'let' constant
46 |             let element = elements[index]
47 |             let key = "#\(identityString(keyFor(element)))"
48 |             var rowContext = ResolveContext(
   |                 `- warning: variable 'rowContext' was never mutated; consider changing to 'let' constant
49 |                 storage: storage,
50 |                 callbacks: callbacks,
[62/71] Compiling SwiftUICore CupertinoPickers.swift
[63/71] Compiling SwiftUICore CupertinoRichText.swift
[64/71] Compiling SwiftUICore CupertinoSections.swift
[65/71] Compiling SwiftUICore CupertinoState.swift
[66/71] Emitting module SwiftUICore
[67/71] Compiling SwiftUICore CupertinoHostEffects.swift
[68/71] Compiling SwiftUICore CupertinoIcons.swift
[69/71] Compiling SwiftUICore CupertinoLayout.swift
[70/71] Compiling SwiftUICore CupertinoNavigation.swift
[71/118] Compiling CSwiftJavaJNI dummy.c
[72/124] Compiling _SwiftSyntaxCShims PlatformMutex.c
[73/124] Wrapping AST for SwiftUICore for debugging
[74/124] Compiling CSystem shims.c
[75/132] Compiling _SubprocessCShims process_shims.c
[76/132] Write Objects.LinkFileList
[79/132] Compiling SwiftKeyUI WorkspaceView.swift
[80/132] Compiling SwiftKeyUI SwiftKeyAppearance.swift
[81/132] Compiling SwiftKeyUI SwiftKeyPublicKeyView.swift
[81/132] Linking StaticBuildConfigPluginExecutable-tool
[82/132] Linking SwiftJavaMacros-tool
[84/99] Compiling SwiftKeyUI SwiftKeyIdentityView.swift
[85/99] Compiling SwiftKeyUI SwiftKeyComponents.swift
[86/99] Emitting module SwiftKeyUI
[87/99] Compiling SwiftKeyUI PhoneProtocolView.swift
[88/104] Run -print-static-build-config
[89/104] Copying static-build-config.json
[90/104] Write Objects.LinkFileList
[92/104] Compiling ComposeUI Materializer.swift
[93/104] Emitting module ComposeUI
[94/104] Compiling ComposeUI BridgeRuntime.swift
[95/104] Compiling ComposeUI KotlinBindings.swift
[96/104] Compiling ComposeUI SwiftCallbackSink.swift
[97/104] Linking swift-java-tool
2026-09-20T23:48:00-0700 info swift-java: [swift_java] Run JExtractCommand: /Users/mac/SwiftKey/AndroidSwiftUI/Demo/swift/.build/arm64-apple-macosx/debug/swift-java-tool jextract --config /Users/mac/SwiftKey/AndroidSwiftUI/Sources/BridgeExport/swift-java.config --swift-module BridgeExport --input-swift /Users/mac/SwiftKey/AndroidSwiftUI/Sources/BridgeExport/ --output-java /Users/mac/SwiftKey/AndroidSwiftUI/Demo/swift/.build/plugins/outputs/androidswiftui/BridgeExport/destination/JExtractSwiftPlugin/src/generated/java --output-swift /Users/mac/SwiftKey/AndroidSwiftUI/Demo/swift/.build/plugins/outputs/androidswiftui/BridgeExport/destination/JExtractSwiftPlugin/Sources --write-empty-files --depends-on SwiftJava=/Users/mac/SwiftKey/AndroidSwiftUI/Demo/swift/.build/checkouts/swift-java/Sources/SwiftJava/swift-java.config,/Users/mac/SwiftKey/AndroidSwiftUI/Demo/swift/.build/checkouts/swift-java/Sources/SwiftJava/ --depends-on SwiftJavaRuntimeSupport=/Users/mac/SwiftKey/AndroidSwiftUI/Demo/swift/.build/checkouts/swift-java/Sources/SwiftJavaRuntimeSupport/swift-java.config,/Users/mac/SwiftKey/AndroidSwiftUI/Demo/swift/.build/checkouts/swift-java/Sources/SwiftJavaRuntimeSupport/ --depends-on SwiftJava=/Users/mac/SwiftKey/AndroidSwiftUI/Demo/swift/.build/checkouts/swift-java/Sources/SwiftJava/swift-java.config,/Users/mac/SwiftKey/AndroidSwiftUI/Demo/swift/.build/checkouts/swift-java/Sources/SwiftJava/ --depends-on SwiftJavaRuntimeSupport=/Users/mac/SwiftKey/AndroidSwiftUI/Demo/swift/.build/checkouts/swift-java/Sources/SwiftJavaRuntimeSupport/swift-java.config,/Users/mac/SwiftKey/AndroidSwiftUI/Demo/swift/.build/checkouts/swift-java/Sources/SwiftJavaRuntimeSupport/ --linker-export-list-output /Users/mac/SwiftKey/AndroidSwiftUI/Demo/swift/.build/plugins/outputs/androidswiftui/BridgeExport/destination/JExtractSwiftPlugin/swift-java-jni-exports.map --generated-java-sources-list-file-output jextract-generated-sources.txt
2026-09-20T23:48:00-0700 info swift-java: [swift_java] Current work directory: /Users/mac/SwiftKey/AndroidSwiftUI/Demo/swift
[debug][swift-java] Load config from passed in path: file:///Users/mac/SwiftKey/AndroidSwiftUI/Sources/BridgeExport/swift-java.config
[debug][swift-java] Running 'swift-java jextract' in mode: jni
[debug][swift-java] Dependency configs: 4
[info][JExtractSwiftLib/Swift2Java.swift:51](run()) Input swift = /Users/mac/SwiftKey/AndroidSwiftUI/Sources/BridgeExport/ 
[info][JExtractSwiftLib/Swift2Java.swift:53](run()) Input paths = [/Users/mac/SwiftKey/AndroidSwiftUI/Sources/BridgeExport/] 
[info][JExtractSwiftLib/JavaSourceDependencies.swift:78](loadSwiftSources(from:log:)) Loaded 78 source file(s) for dependency module 'SwiftJava' from ["/Users/mac/SwiftKey/AndroidSwiftUI/Demo/swift/.build/checkouts/swift-java/Sources/SwiftJava"] 
[info][JExtractSwiftLib/JavaSourceDependencies.swift:78](loadSwiftSources(from:log:)) Loaded 11 source file(s) for dependency module 'SwiftJavaRuntimeSupport' from ["/Users/mac/SwiftKey/AndroidSwiftUI/Demo/swift/.build/checkouts/swift-java/Sources/SwiftJavaRuntimeSupport"] 
[info][JExtractSwiftLib/JavaSourceDependencies.swift:78](loadSwiftSources(from:log:)) Loaded 78 source file(s) for dependency module 'SwiftJava' from ["/Users/mac/SwiftKey/AndroidSwiftUI/Demo/swift/.build/checkouts/swift-java/Sources/SwiftJava"] 
[info][JExtractSwiftLib/JavaSourceDependencies.swift:78](loadSwiftSources(from:log:)) Loaded 11 source file(s) for dependency module 'SwiftJavaRuntimeSupport' from ["/Users/mac/SwiftKey/AndroidSwiftUI/Demo/swift/.build/checkouts/swift-java/Sources/SwiftJavaRuntimeSupport"] 
[info][JExtractSwiftLib/JNISwift2JavaGenerator+SwiftThunkPrinting.swift:73](writeSwiftThunkSources(_:)) Generated: BridgeExportModule+SwiftJava.swift (at file:///Users/mac/SwiftKey/AndroidSwiftUI/Demo/swift/.build/plugins/outputs/androidswiftui/BridgeExport/destination/JExtractSwiftPlugin/Sources/BridgeExportModule+SwiftJava.swift) 
[warning][JExtractSwiftLib/JNISwift2JavaGenerator+SwiftThunkPrinting.swift:93](writeSwiftThunkSources(_:)) Writing types in file group: /Users/mac/SwiftKey/AndroidSwiftUI/Sources/BridgeExport/BridgeExport.swift: ["BridgeHost", "SwiftTask"] 
[info][JExtractSwiftLib/JNISwift2JavaGenerator+SwiftThunkPrinting.swift:103](writeSwiftThunkSources(_:)) Printing Swift thunks for type: BridgeHost 
[info][JExtractSwiftLib/JNISwift2JavaGenerator+SwiftThunkPrinting.swift:103](writeSwiftThunkSources(_:)) Printing Swift thunks for type: SwiftTask 
[warning][JExtractSwiftLib/JNISwift2JavaGenerator+SwiftThunkPrinting.swift:116](writeSwiftThunkSources(_:)) Write Swift thunks file: BridgeExport+SwiftJava.swift 
[info][JExtractSwiftLib/JNISwift2JavaGenerator+SwiftThunkPrinting.swift:123](writeSwiftThunkSources(_:)) Done writing Swift thunks to: file:///Users/mac/SwiftKey/AndroidSwiftUI/Demo/swift/.build/plugins/outputs/androidswiftui/BridgeExport/destination/JExtractSwiftPlugin/Sources/BridgeExport+SwiftJava.swift 
[info][JExtractSwiftLib/JNISwift2JavaGenerator+JavaBindingsPrinting.swift:104](writeGeneratedFile(_:filename:displayName:into:)) [swift-java] Generated: BridgeHost.java (at file:///Users/mac/SwiftKey/AndroidSwiftUI/Demo/swift/.build/plugins/outputs/androidswiftui/BridgeExport/destination/JExtractSwiftPlugin/src/generated/java/com/pureswift/bridge/BridgeHost.java) 
[info][JExtractSwiftLib/JNISwift2JavaGenerator+JavaBindingsPrinting.swift:104](writeGeneratedFile(_:filename:displayName:into:)) [swift-java] Generated: SwiftTask.java (at file:///Users/mac/SwiftKey/AndroidSwiftUI/Demo/swift/.build/plugins/outputs/androidswiftui/BridgeExport/destination/JExtractSwiftPlugin/src/generated/java/com/pureswift/bridge/SwiftTask.java) 
[info][JExtractSwiftLib/JNISwift2JavaGenerator+JavaBindingsPrinting.swift:104](writeGeneratedFile(_:filename:displayName:into:)) [swift-java] Generated: BridgeExport.java (at file:///Users/mac/SwiftKey/AndroidSwiftUI/Demo/swift/.build/plugins/outputs/androidswiftui/BridgeExport/destination/JExtractSwiftPlugin/src/generated/java/com/pureswift/bridge/BridgeExport.java) 
[info][JExtractSwiftLib/JNISwift2JavaGenerator+JavaBindingsPrinting.swift:104](writeGeneratedFile(_:filename:displayName:into:)) [swift-java] Generated: BridgeHostBox.java (at file:///Users/mac/SwiftKey/AndroidSwiftUI/Demo/swift/.build/plugins/outputs/androidswiftui/BridgeExport/destination/JExtractSwiftPlugin/src/generated/java/com/pureswift/bridge/BridgeHostBox.java) 
[info][JExtractSwiftLib/JNISwift2JavaGenerator+JavaBindingsPrinting.swift:85](writeExportedJavaSources(_:)) Generated file at file:///Users/mac/SwiftKey/AndroidSwiftUI/Demo/swift/.build/plugins/outputs/androidswiftui/BridgeExport/destination/JExtractSwiftPlugin/src/generated/java/jextract-generated-sources.txt 
[info][JExtractSwiftLib/JNISwift2JavaGenerator+SwiftThunkPrinting.swift:177](writeLinkerExportList()) [swift-java] Generated linker export list (15 symbols): /Users/mac/SwiftKey/AndroidSwiftUI/Demo/swift/.build/plugins/outputs/androidswiftui/BridgeExport/destination/JExtractSwiftPlugin/swift-java-jni-exports.map 
[swift-java] Write empty [1] 'expected' files in: /Users/mac/SwiftKey/AndroidSwiftUI/Demo/swift/.build/plugins/outputs/androidswiftui/BridgeExport/destination/JExtractSwiftPlugin/Sources/
[swift-java] Imported Swift module 'BridgeExport': done.
[98/104] Generate Java wrappers for Swift types
To honour the JVM settings for this build a single-use Daemon process will be forked. For more on this, please refer to https://docs.gradle.org/9.4.0/userguide/gradle_daemon.html#sec:disabling_the_daemon in the Gradle documentation.
Daemon will be stopped at the end of the build 
Configuration on demand is an incubating feature.
[swift-java] JDK 21 detected — skipping: SwiftKitFFM, Samples:SwiftAndJavaJarFFMSampleLib, Samples:SwiftJavaExtractFFMSampleApp
Type-safe project accessors is an incubating feature.
> Task :BuildLogic:checkKotlinGradlePluginConfigurationErrors SKIPPED
> Task :BuildLogic:generateExternalPluginSpecBuilders UP-TO-DATE
> Task :BuildLogic:extractPrecompiledScriptPluginPlugins UP-TO-DATE
> Task :BuildLogic:compilePluginsBlocks UP-TO-DATE
> Task :BuildLogic:generatePrecompiledScriptPluginAccessors UP-TO-DATE
> Task :BuildLogic:generateScriptPluginAdapters UP-TO-DATE
> Task :BuildLogic:compileKotlin UP-TO-DATE
> Task :BuildLogic:compileJava NO-SOURCE
> Task :BuildLogic:pluginDescriptors UP-TO-DATE
> Task :BuildLogic:processResources UP-TO-DATE
> Task :BuildLogic:classes UP-TO-DATE
> Task :BuildLogic:jar UP-TO-DATE
> Task :SwiftKitCore:compileJava UP-TO-DATE
> Task :SwiftKitCore:processResources UP-TO-DATE
> Task :SwiftKitCore:classes UP-TO-DATE
> Task :SwiftKitCore:jar UP-TO-DATE
> Task :SwiftKitCore:startScripts UP-TO-DATE
> Task :SwiftKitCore:distTar UP-TO-DATE
> Task :SwiftKitCore:distZip UP-TO-DATE
> Task :SwiftKitCore:assemble UP-TO-DATE
> Task :SwiftKitCore:compileTestJava UP-TO-DATE
> Task :SwiftKitCore:processTestResources NO-SOURCE
> Task :SwiftKitCore:testClasses UP-TO-DATE
> Task :SwiftKitCore:test UP-TO-DATE
> Task :SwiftKitCore:check UP-TO-DATE
> Task :SwiftKitCore:compileSwift UP-TO-DATE
> Task :SwiftKitCore:build UP-TO-DATE

BUILD SUCCESSFUL in 3s
18 actionable tasks: 18 up-to-date
2026-09-20T23:48:05-0700 info swift-java: [swift_java] Run ConfigureCommand: /Users/mac/SwiftKey/AndroidSwiftUI/Demo/swift/.build/arm64-apple-macosx/debug/swift-java-tool configure --output-directory /Users/mac/SwiftKey/AndroidSwiftUI/Demo/swift/.build/plugins/outputs/androidswiftui/BridgeExport/destination/JExtractSwiftPlugin/compiled-java-output --cp /Users/mac/SwiftKey/AndroidSwiftUI/Demo/swift/.build/plugins/outputs/androidswiftui/BridgeExport/destination/JExtractSwiftPlugin/compiled-java-output --swift-module BridgeExport --swift-type-prefix Java
2026-09-20T23:48:05-0700 info swift-java: [swift_java] Current work directory: /Users/mac/SwiftKey/AndroidSwiftUI/Demo/swift
2026-09-20T23:48:05-0700 warning swift-java: [swift_java] [swift-java] Failed to load initial configuration. Proceeding with empty configuration.
[debug][swift-java] Load config from module base directory: /Users/mac/SwiftKey/AndroidSwiftUI/Demo/swift/Sources/BridgeExport
Failed to read SwiftJava configuration at 'file:///Users/mac/SwiftKey/AndroidSwiftUI/Demo/swift/Sources/BridgeExport/swift-java.config', error: Error Domain=NSCocoaErrorDomain Code=260 "The file “swift-java.config” couldn’t be opened because there is no such file." UserInfo={NSFilePath=/Users/mac/SwiftKey/AndroidSwiftUI/Demo/swift/Sources/BridgeExport/swift-java.config, NSURL=./Sources/BridgeExport/swift-java.config -- file:///Users/mac/SwiftKey/AndroidSwiftUI/Demo/swift/, NSUnderlyingError=0x1060debf0 {Error Domain=NSPOSIXErrorDomain Code=2 "No such file or directory"}}
[debug][swift-java] Searching for *.swift-java.classpath files in: file:///Users/mac/SwiftKey/AndroidSwiftUI/Demo/swift/Sources/BridgeExport
[warning][swift-java][JavaVirtualMachine] Missing classpath element: file:///Users/mac/SwiftKey/AndroidSwiftUI/Demo/swift/%5B%22/Users/mac/SwiftKey/AndroidSwiftUI/Demo/swift/.build/plugins/outputs/androidswiftui/BridgeExport/destination/JExtractSwiftPlugin/compiled-java-output%22%5D
2026-09-20T23:48:05-0700 info swift-java:configure: [swift_java] Run: emit configuration...
2026-09-20T23:48:05-0700 info swift-java: [swift_java] Configure Java type 'com.pureswift.bridge.BridgeHostBox' as 'JavaBridgeHostBox' Swift type.
2026-09-20T23:48:05-0700 info swift-java: [swift_java] Configure Java type 'com.pureswift.bridge.BridgeHost' as 'JavaBridgeHost' Swift type.
2026-09-20T23:48:05-0700 info swift-java: [swift_java] Configure Java type 'com.pureswift.bridge.BridgeExport$bridgeScheduleMain' as 'JavaBridgeExport.bridgeScheduleMain' Swift type.
2026-09-20T23:48:05-0700 info swift-java: [swift_java] Configure Java type 'com.pureswift.bridge.BridgeExport' as 'JavaBridgeExport' Swift type.
2026-09-20T23:48:05-0700 info swift-java: [swift_java] Configure Java type 'com.pureswift.bridge.SwiftTask' as 'JavaSwiftTask' Swift type.
2026-09-20T23:48:05-0700 info swift-java: [swift_java] Configure Java type 'com.pureswift.bridge.BridgeExport$bridgeScheduleMain$block' as 'JavaBridgeExport.bridgeScheduleMain.block' Swift type.
[debug][swift-java] Importing classpath entry: /Users/mac/SwiftKey/AndroidSwiftUI/Demo/swift/.build/plugins/outputs/androidswiftui/BridgeExport/destination/JExtractSwiftPlugin/compiled-java-output
[debug][swift-java] Importing classpath as directory: /Users/mac/SwiftKey/AndroidSwiftUI/Demo/swift/.build/plugins/outputs/androidswiftui/BridgeExport/destination/JExtractSwiftPlugin/compiled-java-output
[trace][swift-java] Writing swift-java configuration file to '/Users/mac/SwiftKey/AndroidSwiftUI/Demo/swift/.build/plugins/outputs/androidswiftui/BridgeExport/destination/JExtractSwiftPlugin/compiled-java-output/swift-java.config'... done.
2026-09-20T23:48:05-0700 info swift-java: [swift_java] Run WrapJavaCommand: /Users/mac/SwiftKey/AndroidSwiftUI/Demo/swift/.build/arm64-apple-macosx/debug/swift-java-tool wrap-java --swift-module BridgeExport --output-directory /Users/mac/SwiftKey/AndroidSwiftUI/Demo/swift/.build/plugins/outputs/androidswiftui/BridgeExport/destination/JExtractSwiftPlugin/Sources --config /Users/mac/SwiftKey/AndroidSwiftUI/Demo/swift/.build/plugins/outputs/androidswiftui/BridgeExport/destination/JExtractSwiftPlugin/compiled-java-output/swift-java.config --cp /Users/mac/SwiftKey/AndroidSwiftUI/Demo/swift/.build/checkouts/swift-java/SwiftKitCore/build/classes/java/main --single-swift-file-output WrapJavaGenerated.swift --depends-on SwiftJava=/Users/mac/SwiftKey/AndroidSwiftUI/Demo/swift/.build/checkouts/swift-java/Sources/SwiftJava/swift-java.config,/Users/mac/SwiftKey/AndroidSwiftUI/Demo/swift/.build/checkouts/swift-java/Sources/SwiftJava/ --depends-on SwiftJavaRuntimeSupport=/Users/mac/SwiftKey/AndroidSwiftUI/Demo/swift/.build/checkouts/swift-java/Sources/SwiftJavaRuntimeSupport/swift-java.config,/Users/mac/SwiftKey/AndroidSwiftUI/Demo/swift/.build/checkouts/swift-java/Sources/SwiftJavaRuntimeSupport/ --depends-on SwiftJava=/Users/mac/SwiftKey/AndroidSwiftUI/Demo/swift/.build/checkouts/swift-java/Sources/SwiftJava/swift-java.config,/Users/mac/SwiftKey/AndroidSwiftUI/Demo/swift/.build/checkouts/swift-java/Sources/SwiftJava/ --depends-on SwiftJavaRuntimeSupport=/Users/mac/SwiftKey/AndroidSwiftUI/Demo/swift/.build/checkouts/swift-java/Sources/SwiftJavaRuntimeSupport/swift-java.config,/Users/mac/SwiftKey/AndroidSwiftUI/Demo/swift/.build/checkouts/swift-java/Sources/SwiftJavaRuntimeSupport/
2026-09-20T23:48:05-0700 info swift-java: [swift_java] Current work directory: /Users/mac/SwiftKey/AndroidSwiftUI/Demo/swift
[debug][swift-java] Load config from passed in path: file:///Users/mac/SwiftKey/AndroidSwiftUI/Demo/swift/.build/plugins/outputs/androidswiftui/BridgeExport/destination/JExtractSwiftPlugin/compiled-java-output/swift-java.config
self.filterInclude = []
[trace][swift-java] Cache directory: none
[debug][swift-java] Searching for *.swift-java.classpath files in: file:///Users/mac/SwiftKey/AndroidSwiftUI/Demo/swift/Sources/BridgeExport
[debug][swift-java] Dependency configs: 4
[trace][swift-java] Add dependency config (SwiftJava) classpath elements: 0
[trace][swift-java] Add dependency config (SwiftJavaRuntimeSupport) classpath elements: 1
[trace][swift-java] Add dependency config (SwiftJavaRuntimeSupport) classpath element: SwiftKitCore/build/classes/java/main
[trace][swift-java] Add dependency config (SwiftJava) classpath elements: 0
[trace][swift-java] Add dependency config (SwiftJavaRuntimeSupport) classpath elements: 1
[trace][swift-java] Add dependency config (SwiftJavaRuntimeSupport) classpath element: SwiftKitCore/build/classes/java/main
[warning][swift-java][JavaVirtualMachine] Missing classpath element: file:///Users/mac/SwiftKey/AndroidSwiftUI/Demo/swift/%5B%22/Users/mac/SwiftKey/AndroidSwiftUI/Demo/swift/.build/plugins/outputs/androidswiftui/BridgeExport/destination/JExtractSwiftPlugin/compiled-java-output%22%5D
[warning][swift-java][JavaVirtualMachine] Missing classpath element: file:///Users/mac/SwiftKey/AndroidSwiftUI/Demo/swift/%5B%22/Users/mac/SwiftKey/AndroidSwiftUI/Demo/swift/.build/checkouts/swift-java/SwiftKitCore/build/classes/java/main%22%5D
[warning][swift-java][JavaVirtualMachine] Missing classpath element: file:///Users/mac/SwiftKey/AndroidSwiftUI/Demo/swift/SwiftKitCore/build/classes/java/main
[warning][swift-java][JavaVirtualMachine] Missing classpath element: file:///Users/mac/SwiftKey/AndroidSwiftUI/Demo/swift/SwiftKitCore/build/classes/java/main
2026-09-20T23:48:05-0700 info swift-java: [swift_java] Active include filters: []
2026-09-20T23:48:05-0700 info swift-java: [swift_java] Active exclude filters: []
2026-09-20T23:48:05-0700 info swift-java: [swift_java] Wrapping java type: com.pureswift.bridge.BridgeExport$bridgeScheduleMain$block
2026-09-20T23:48:05-0700 info swift-java: [swift_java] Wrapping java type: com.pureswift.bridge.BridgeHost
2026-09-20T23:48:05-0700 info swift-java: [swift_java] Wrapping java type: com.pureswift.bridge.SwiftTask
2026-09-20T23:48:05-0700 info swift-java: [swift_java] Wrapping java type: com.pureswift.bridge.BridgeExport
2026-09-20T23:48:05-0700 info swift-java: [swift_java] Skip Java type: com.pureswift.bridge.BridgeHostBox (does not match minimum access level)
2026-09-20T23:48:05-0700 info swift-java: [swift_java] Wrapping java type: com.pureswift.bridge.BridgeExport$bridgeScheduleMain
2026-09-20T23:48:05-0700 info swift-java: [swift_java] OK now we go to nested classes
[warning] Unable to translate 'com.pureswift.bridge.BridgeHost' interface 'org.swift.swiftkit.core.SwiftDowncastable': Java class 'org.swift.swiftkit.core.SwiftDowncastable' has not been translated into Swift
[warning] Unable to translate 'com.pureswift.bridge.SwiftTask' method '$cleanup': Java class 'org.swift.swiftkit.core.SwiftInstanceCleanup' has not been translated into Swift
[trace][swift-java] Writing Java class translation to '/Users/mac/SwiftKey/AndroidSwiftUI/Demo/swift/.build/plugins/outputs/androidswiftui/BridgeExport/destination/JExtractSwiftPlugin/Sources/WrapJavaGenerated.swift'... done.
[99/106] Build SwiftKitCore, compile Java callbacks, and generate Swift wrappers
[100/106] Write sources
[102/112] Compiling BridgeExport WrapJavaGenerated.swift
[103/112] Emitting module BridgeExport
[104/112] Compiling BridgeExport BridgeExport+SwiftJava.swift
[105/112] Compiling BridgeExport BridgeExport.swift
[106/112] Compiling BridgeExport BridgeExportModule+SwiftJava.swift
[107/112] Compiling BridgeExport Foundation+SwiftJava.swift
[108/113] Wrapping AST for BridgeExport for debugging
[110/118] Compiling AndroidSwiftUI AndroidApplication.swift
[111/118] Compiling AndroidSwiftUI SwiftUIHostView.swift
[112/118] Emitting module AndroidSwiftUI
[113/118] Compiling AndroidSwiftUI SwiftUIActivity.swift
[114/118] Compiling AndroidSwiftUI AndroidSwiftUI.swift
[115/117] Write Objects.LinkFileList
[116/117] Linking libSwiftAndroidApp.so
Build of product 'SwiftAndroidApp' complete! (23.01s)

> Configure project :composeui
w: Kotlin Multiplatform <-> Android Gradle Plugin compatibility issue:
The applied Android Gradle Plugin version (8.10.1) is higher 
than the maximum known to the Kotlin Gradle Plugin.
Tooling stability in such configuration isn't tested, please report encountered issues to https://kotl.in/issue

Minimum supported Android Gradle Plugin version: 7.1
Maximum tested Android Gradle Plugin version: 8.5

To suppress this message add 'kotlin.mpp.androidGradlePluginCompatibility.nowarn=true' to your gradle.properties

w: The Default Kotlin Hierarchy Template was not applied to 'project ':composeui'':
Explicit .dependsOn() edges were configured for the following source sets:
[androidMain, desktopMain, jvmShared]

Consider removing dependsOn-calls or disabling the default template by adding
    'kotlin.mpp.applyDefaultHierarchyTemplate=false'
to your gradle.properties

Learn more about hierarchy templates: https://kotl.in/hierarchy-template


> Configure project :cupertino
w: The Default Kotlin Hierarchy Template was not applied to 'project ':cupertino'':
Explicit .dependsOn() edges were configured for the following source sets:
[androidMain, desktopMain, jvmMain, nonIosMain, skikoMain]

Consider removing dependsOn-calls or disabling the default template by adding
    'kotlin.mpp.applyDefaultHierarchyTemplate=false'
to your gradle.properties

Learn more about hierarchy templates: https://kotl.in/hierarchy-template


> Configure project :cupertino-adaptive
w: The Default Kotlin Hierarchy Template was not applied to 'project ':cupertino-adaptive'':
Explicit .dependsOn() edges were configured for the following source sets:
[androidMain, desktopMain, jvmMain, nonIosMain, skikoMain]

Consider removing dependsOn-calls or disabling the default template by adding
    'kotlin.mpp.applyDefaultHierarchyTemplate=false'
to your gradle.properties

Learn more about hierarchy templates: https://kotl.in/hierarchy-template


> Configure project :cupertino-core
w: The Default Kotlin Hierarchy Template was not applied to 'project ':cupertino-core'':
Explicit .dependsOn() edges were configured for the following source sets:
[androidMain, desktopMain, jvmMain, nonIosMain, skikoMain]

Consider removing dependsOn-calls or disabling the default template by adding
    'kotlin.mpp.applyDefaultHierarchyTemplate=false'
to your gradle.properties

Learn more about hierarchy templates: https://kotl.in/hierarchy-template


> Configure project :cupertino-decompose
w: The Default Kotlin Hierarchy Template was not applied to 'project ':cupertino-decompose'':
Explicit .dependsOn() edges were configured for the following source sets:
[androidMain, desktopMain, jvmMain, nonIosMain, skikoMain]

Consider removing dependsOn-calls or disabling the default template by adding
    'kotlin.mpp.applyDefaultHierarchyTemplate=false'
to your gradle.properties

Learn more about hierarchy templates: https://kotl.in/hierarchy-template


> Configure project :cupertino-icons-extended
w: The Default Kotlin Hierarchy Template was not applied to 'project ':cupertino-icons-extended'':
Explicit .dependsOn() edges were configured for the following source sets:
[androidMain, desktopMain, jvmMain, nonIosMain, skikoMain]

Consider removing dependsOn-calls or disabling the default template by adding
    'kotlin.mpp.applyDefaultHierarchyTemplate=false'
to your gradle.properties

Learn more about hierarchy templates: https://kotl.in/hierarchy-template


> Configure project :cupertino-native
w: The Default Kotlin Hierarchy Template was not applied to 'project ':cupertino-native'':
Explicit .dependsOn() edges were configured for the following source sets:
[androidMain, desktopMain, jvmMain, nonIosMain, skikoMain]

Consider removing dependsOn-calls or disabling the default template by adding
    'kotlin.mpp.applyDefaultHierarchyTemplate=false'
to your gradle.properties

Learn more about hierarchy templates: https://kotl.in/hierarchy-template


> Task :demo-app:preBuild UP-TO-DATE
> Task :demo-app:preDebugBuild UP-TO-DATE
> Task :demo-app:mergeDebugNativeDebugMetadata NO-SOURCE
> Task :swiftbridge:jextract UP-TO-DATE
> Task :swiftbridge:compileJava UP-TO-DATE
> Task :swiftbridge:processResources UP-TO-DATE
> Task :swiftbridge:classes UP-TO-DATE
> Task :swiftbridge:jar UP-TO-DATE
> Task :androidbridge:checkKotlinGradlePluginConfigurationErrors SKIPPED
> Task :androidbridge:preBuild UP-TO-DATE
> Task :androidbridge:preDebugBuild UP-TO-DATE
> Task :androidbridge:generateDebugResValues UP-TO-DATE
> Task :androidbridge:generateDebugResources UP-TO-DATE
> Task :androidbridge:packageDebugResources UP-TO-DATE
> Task :androidbridge:parseDebugLocalResources UP-TO-DATE
> Task :androidbridge:generateDebugRFile UP-TO-DATE
> Task :androidbridge:compileDebugKotlin UP-TO-DATE
> Task :androidbridge:javaPreCompileDebug UP-TO-DATE
> Task :androidbridge:compileDebugJavaWithJavac NO-SOURCE
> Task :androidbridge:bundleLibCompileToJarDebug UP-TO-DATE
> Task :composeui:checkKotlinGradlePluginConfigurationErrors SKIPPED
> Task :composeui:convertXmlValueResourcesForAndroidMain NO-SOURCE
> Task :composeui:copyNonXmlValueResourcesForAndroidMain NO-SOURCE
> Task :composeui:prepareComposeResourcesTaskForAndroidMain NO-SOURCE
> Task :composeui:generateResourceAccessorsForAndroidMain SKIPPED
> Task :composeui:convertXmlValueResourcesForCommonMain NO-SOURCE
> Task :composeui:copyNonXmlValueResourcesForCommonMain NO-SOURCE
> Task :composeui:prepareComposeResourcesTaskForCommonMain NO-SOURCE
> Task :composeui:generateResourceAccessorsForCommonMain SKIPPED
> Task :composeui:convertXmlValueResourcesForJvmShared NO-SOURCE
> Task :composeui:copyNonXmlValueResourcesForJvmShared NO-SOURCE
> Task :composeui:prepareComposeResourcesTaskForJvmShared NO-SOURCE
> Task :composeui:generateResourceAccessorsForJvmShared SKIPPED
> Task :composeui:generateActualResourceCollectorsForAndroidMain SKIPPED
> Task :composeui:generateComposeResClass SKIPPED
> Task :composeui:preBuild UP-TO-DATE
> Task :composeui:preDebugBuild UP-TO-DATE
> Task :composeui:generateDebugResValues UP-TO-DATE
> Task :composeui:generateDebugResources UP-TO-DATE
> Task :composeui:packageDebugResources UP-TO-DATE
> Task :composeui:parseDebugLocalResources UP-TO-DATE
> Task :composeui:generateDebugRFile UP-TO-DATE
> Task :composeui:generateExpectResourceCollectorsForCommonMain SKIPPED
> Task :composeui:convertXmlValueResourcesForAndroidDebug NO-SOURCE
> Task :composeui:copyNonXmlValueResourcesForAndroidDebug NO-SOURCE
> Task :composeui:prepareComposeResourcesTaskForAndroidDebug NO-SOURCE
> Task :composeui:generateResourceAccessorsForAndroidDebug SKIPPED
> Task :cupertino:checkKotlinGradlePluginConfigurationErrors SKIPPED
> Task :cupertino:convertXmlValueResourcesForAndroidMain NO-SOURCE
> Task :cupertino:copyNonXmlValueResourcesForAndroidMain NO-SOURCE
> Task :cupertino:prepareComposeResourcesTaskForAndroidMain NO-SOURCE
> Task :cupertino:generateResourceAccessorsForAndroidMain SKIPPED
> Task :cupertino:convertXmlValueResourcesForCommonMain NO-SOURCE
> Task :cupertino:copyNonXmlValueResourcesForCommonMain NO-SOURCE
> Task :cupertino:prepareComposeResourcesTaskForCommonMain NO-SOURCE
> Task :cupertino:generateResourceAccessorsForCommonMain SKIPPED
> Task :cupertino:convertXmlValueResourcesForJvmMain NO-SOURCE
> Task :cupertino:copyNonXmlValueResourcesForJvmMain NO-SOURCE
> Task :cupertino:prepareComposeResourcesTaskForJvmMain NO-SOURCE
> Task :cupertino:generateResourceAccessorsForJvmMain SKIPPED
> Task :cupertino:convertXmlValueResourcesForNonIosMain NO-SOURCE
> Task :cupertino:copyNonXmlValueResourcesForNonIosMain NO-SOURCE
> Task :cupertino:prepareComposeResourcesTaskForNonIosMain NO-SOURCE
> Task :cupertino:generateResourceAccessorsForNonIosMain SKIPPED
> Task :cupertino:generateActualResourceCollectorsForAndroidMain SKIPPED
> Task :cupertino:generateComposeResClass SKIPPED
> Task :cupertino:preBuild UP-TO-DATE
> Task :cupertino:preDebugBuild UP-TO-DATE
> Task :cupertino:generateDebugResValues UP-TO-DATE
> Task :cupertino:generateDebugResources UP-TO-DATE
> Task :cupertino:packageDebugResources UP-TO-DATE
> Task :cupertino:parseDebugLocalResources UP-TO-DATE
> Task :cupertino:generateDebugRFile UP-TO-DATE
> Task :cupertino:generateExpectResourceCollectorsForCommonMain SKIPPED
> Task :cupertino:convertXmlValueResourcesForAndroidDebug NO-SOURCE
> Task :cupertino:copyNonXmlValueResourcesForAndroidDebug NO-SOURCE
> Task :cupertino:prepareComposeResourcesTaskForAndroidDebug NO-SOURCE
> Task :cupertino:generateResourceAccessorsForAndroidDebug SKIPPED
> Task :cupertino-core:checkKotlinGradlePluginConfigurationErrors SKIPPED
> Task :cupertino-core:convertXmlValueResourcesForAndroidMain NO-SOURCE
> Task :cupertino-core:copyNonXmlValueResourcesForAndroidMain NO-SOURCE
> Task :cupertino-core:prepareComposeResourcesTaskForAndroidMain NO-SOURCE
> Task :cupertino-core:generateResourceAccessorsForAndroidMain SKIPPED
> Task :cupertino-core:convertXmlValueResourcesForCommonMain NO-SOURCE
> Task :cupertino-core:copyNonXmlValueResourcesForCommonMain NO-SOURCE
> Task :cupertino-core:prepareComposeResourcesTaskForCommonMain NO-SOURCE
> Task :cupertino-core:generateResourceAccessorsForCommonMain SKIPPED
> Task :cupertino-core:convertXmlValueResourcesForJvmMain NO-SOURCE
> Task :cupertino-core:copyNonXmlValueResourcesForJvmMain NO-SOURCE
> Task :cupertino-core:prepareComposeResourcesTaskForJvmMain NO-SOURCE
> Task :cupertino-core:generateResourceAccessorsForJvmMain SKIPPED
> Task :cupertino-core:convertXmlValueResourcesForNonIosMain NO-SOURCE
> Task :cupertino-core:copyNonXmlValueResourcesForNonIosMain NO-SOURCE
> Task :cupertino-core:prepareComposeResourcesTaskForNonIosMain NO-SOURCE
> Task :cupertino-core:generateResourceAccessorsForNonIosMain SKIPPED
> Task :cupertino-core:generateActualResourceCollectorsForAndroidMain SKIPPED
> Task :cupertino-core:generateComposeResClass SKIPPED
> Task :cupertino-core:preBuild UP-TO-DATE
> Task :cupertino-core:preDebugBuild UP-TO-DATE
> Task :cupertino-core:generateDebugResValues UP-TO-DATE
> Task :cupertino-core:generateDebugResources UP-TO-DATE
> Task :cupertino-core:packageDebugResources UP-TO-DATE
> Task :cupertino-core:parseDebugLocalResources UP-TO-DATE
> Task :cupertino-core:generateDebugRFile UP-TO-DATE
> Task :cupertino-core:generateExpectResourceCollectorsForCommonMain SKIPPED
> Task :cupertino-core:convertXmlValueResourcesForAndroidDebug NO-SOURCE
> Task :cupertino-core:copyNonXmlValueResourcesForAndroidDebug NO-SOURCE
> Task :cupertino-core:prepareComposeResourcesTaskForAndroidDebug NO-SOURCE
> Task :cupertino-core:generateResourceAccessorsForAndroidDebug SKIPPED
> Task :cupertino-core:compileDebugKotlinAndroid UP-TO-DATE
> Task :cupertino-core:javaPreCompileDebug UP-TO-DATE
> Task :cupertino-core:compileDebugJavaWithJavac NO-SOURCE
> Task :cupertino-core:bundleLibCompileToJarDebug UP-TO-DATE
> Task :cupertino:compileDebugKotlinAndroid UP-TO-DATE
> Task :cupertino:javaPreCompileDebug UP-TO-DATE
> Task :cupertino:compileDebugJavaWithJavac NO-SOURCE
> Task :cupertino:bundleLibCompileToJarDebug UP-TO-DATE
> Task :cupertino-adaptive:checkKotlinGradlePluginConfigurationErrors SKIPPED
> Task :cupertino-adaptive:convertXmlValueResourcesForAndroidMain NO-SOURCE
> Task :cupertino-adaptive:copyNonXmlValueResourcesForAndroidMain NO-SOURCE
> Task :cupertino-adaptive:prepareComposeResourcesTaskForAndroidMain NO-SOURCE
> Task :cupertino-adaptive:generateResourceAccessorsForAndroidMain SKIPPED
> Task :cupertino-adaptive:convertXmlValueResourcesForCommonMain NO-SOURCE
> Task :cupertino-adaptive:copyNonXmlValueResourcesForCommonMain NO-SOURCE
> Task :cupertino-adaptive:prepareComposeResourcesTaskForCommonMain NO-SOURCE
> Task :cupertino-adaptive:generateResourceAccessorsForCommonMain SKIPPED
> Task :cupertino-adaptive:convertXmlValueResourcesForJvmMain NO-SOURCE
> Task :cupertino-adaptive:copyNonXmlValueResourcesForJvmMain NO-SOURCE
> Task :cupertino-adaptive:prepareComposeResourcesTaskForJvmMain NO-SOURCE
> Task :cupertino-adaptive:generateResourceAccessorsForJvmMain SKIPPED
> Task :cupertino-adaptive:convertXmlValueResourcesForNonIosMain NO-SOURCE
> Task :cupertino-adaptive:copyNonXmlValueResourcesForNonIosMain NO-SOURCE
> Task :cupertino-adaptive:prepareComposeResourcesTaskForNonIosMain NO-SOURCE
> Task :cupertino-adaptive:generateResourceAccessorsForNonIosMain SKIPPED
> Task :cupertino-adaptive:generateActualResourceCollectorsForAndroidMain SKIPPED
> Task :cupertino-adaptive:generateComposeResClass SKIPPED
> Task :cupertino-adaptive:preBuild UP-TO-DATE
> Task :cupertino-adaptive:preDebugBuild UP-TO-DATE
> Task :cupertino-adaptive:generateDebugResValues UP-TO-DATE
> Task :cupertino-adaptive:generateDebugResources UP-TO-DATE
> Task :cupertino-adaptive:packageDebugResources UP-TO-DATE
> Task :cupertino-adaptive:parseDebugLocalResources UP-TO-DATE
> Task :cupertino-adaptive:generateDebugRFile UP-TO-DATE
> Task :cupertino-adaptive:generateExpectResourceCollectorsForCommonMain SKIPPED
> Task :cupertino-adaptive:convertXmlValueResourcesForAndroidDebug NO-SOURCE
> Task :cupertino-adaptive:copyNonXmlValueResourcesForAndroidDebug NO-SOURCE
> Task :cupertino-adaptive:prepareComposeResourcesTaskForAndroidDebug NO-SOURCE
> Task :cupertino-adaptive:generateResourceAccessorsForAndroidDebug SKIPPED
> Task :cupertino-native:checkKotlinGradlePluginConfigurationErrors SKIPPED
> Task :cupertino-native:convertXmlValueResourcesForAndroidMain NO-SOURCE
> Task :cupertino-native:copyNonXmlValueResourcesForAndroidMain NO-SOURCE
> Task :cupertino-native:prepareComposeResourcesTaskForAndroidMain NO-SOURCE
> Task :cupertino-native:generateResourceAccessorsForAndroidMain SKIPPED
> Task :cupertino-native:convertXmlValueResourcesForCommonMain NO-SOURCE
> Task :cupertino-native:copyNonXmlValueResourcesForCommonMain NO-SOURCE
> Task :cupertino-native:prepareComposeResourcesTaskForCommonMain NO-SOURCE
> Task :cupertino-native:generateResourceAccessorsForCommonMain SKIPPED
> Task :cupertino-native:convertXmlValueResourcesForJvmMain NO-SOURCE
> Task :cupertino-native:copyNonXmlValueResourcesForJvmMain NO-SOURCE
> Task :cupertino-native:prepareComposeResourcesTaskForJvmMain NO-SOURCE
> Task :cupertino-native:generateResourceAccessorsForJvmMain SKIPPED
> Task :cupertino-native:convertXmlValueResourcesForNonIosMain NO-SOURCE
> Task :cupertino-native:copyNonXmlValueResourcesForNonIosMain NO-SOURCE
> Task :cupertino-native:prepareComposeResourcesTaskForNonIosMain NO-SOURCE
> Task :cupertino-native:generateResourceAccessorsForNonIosMain SKIPPED
> Task :cupertino-native:generateActualResourceCollectorsForAndroidMain SKIPPED
> Task :cupertino-native:generateComposeResClass SKIPPED
> Task :cupertino-native:preBuild UP-TO-DATE
> Task :cupertino-native:preDebugBuild UP-TO-DATE
> Task :cupertino-native:generateDebugResValues UP-TO-DATE
> Task :cupertino-native:generateDebugResources UP-TO-DATE
> Task :cupertino-native:packageDebugResources UP-TO-DATE
> Task :cupertino-native:parseDebugLocalResources UP-TO-DATE
> Task :cupertino-native:generateDebugRFile UP-TO-DATE
> Task :cupertino-native:generateExpectResourceCollectorsForCommonMain SKIPPED
> Task :cupertino-native:convertXmlValueResourcesForAndroidDebug NO-SOURCE
> Task :cupertino-native:copyNonXmlValueResourcesForAndroidDebug NO-SOURCE
> Task :cupertino-native:prepareComposeResourcesTaskForAndroidDebug NO-SOURCE
> Task :cupertino-native:generateResourceAccessorsForAndroidDebug SKIPPED
> Task :cupertino-native:compileDebugKotlinAndroid UP-TO-DATE
> Task :cupertino-native:javaPreCompileDebug UP-TO-DATE
> Task :cupertino-native:compileDebugJavaWithJavac NO-SOURCE
> Task :cupertino-native:bundleLibCompileToJarDebug UP-TO-DATE
> Task :cupertino-adaptive:compileDebugKotlinAndroid UP-TO-DATE
> Task :cupertino-adaptive:javaPreCompileDebug UP-TO-DATE
> Task :cupertino-adaptive:compileDebugJavaWithJavac NO-SOURCE
> Task :cupertino-adaptive:bundleLibCompileToJarDebug UP-TO-DATE
> Task :cupertino-decompose:checkKotlinGradlePluginConfigurationErrors SKIPPED
> Task :cupertino-decompose:convertXmlValueResourcesForAndroidMain NO-SOURCE
> Task :cupertino-decompose:copyNonXmlValueResourcesForAndroidMain NO-SOURCE
> Task :cupertino-decompose:prepareComposeResourcesTaskForAndroidMain NO-SOURCE
> Task :cupertino-decompose:generateResourceAccessorsForAndroidMain SKIPPED
> Task :cupertino-decompose:convertXmlValueResourcesForCommonMain NO-SOURCE
> Task :cupertino-decompose:copyNonXmlValueResourcesForCommonMain NO-SOURCE
> Task :cupertino-decompose:prepareComposeResourcesTaskForCommonMain NO-SOURCE
> Task :cupertino-decompose:generateResourceAccessorsForCommonMain SKIPPED
> Task :cupertino-decompose:convertXmlValueResourcesForJvmMain NO-SOURCE
> Task :cupertino-decompose:copyNonXmlValueResourcesForJvmMain NO-SOURCE
> Task :cupertino-decompose:prepareComposeResourcesTaskForJvmMain NO-SOURCE
> Task :cupertino-decompose:generateResourceAccessorsForJvmMain SKIPPED
> Task :cupertino-decompose:convertXmlValueResourcesForNonIosMain NO-SOURCE
> Task :cupertino-decompose:copyNonXmlValueResourcesForNonIosMain NO-SOURCE
> Task :cupertino-decompose:prepareComposeResourcesTaskForNonIosMain NO-SOURCE
> Task :cupertino-decompose:generateResourceAccessorsForNonIosMain SKIPPED
> Task :cupertino-decompose:generateActualResourceCollectorsForAndroidMain SKIPPED
> Task :cupertino-decompose:generateComposeResClass SKIPPED
> Task :cupertino-decompose:preBuild UP-TO-DATE
> Task :cupertino-decompose:preDebugBuild UP-TO-DATE
> Task :cupertino-decompose:generateDebugResValues UP-TO-DATE
> Task :cupertino-decompose:generateDebugResources UP-TO-DATE
> Task :cupertino-decompose:packageDebugResources UP-TO-DATE
> Task :cupertino-decompose:parseDebugLocalResources UP-TO-DATE
> Task :cupertino-decompose:generateDebugRFile UP-TO-DATE
> Task :cupertino-decompose:generateExpectResourceCollectorsForCommonMain SKIPPED
> Task :cupertino-decompose:convertXmlValueResourcesForAndroidDebug NO-SOURCE
> Task :cupertino-decompose:copyNonXmlValueResourcesForAndroidDebug NO-SOURCE
> Task :cupertino-decompose:prepareComposeResourcesTaskForAndroidDebug NO-SOURCE
> Task :cupertino-decompose:generateResourceAccessorsForAndroidDebug SKIPPED
> Task :cupertino-decompose:compileDebugKotlinAndroid UP-TO-DATE
> Task :cupertino-decompose:javaPreCompileDebug UP-TO-DATE
> Task :cupertino-decompose:compileDebugJavaWithJavac NO-SOURCE
> Task :cupertino-decompose:bundleLibCompileToJarDebug UP-TO-DATE
> Task :cupertino-icons-extended:checkKotlinGradlePluginConfigurationErrors SKIPPED
> Task :cupertino-icons-extended:convertXmlValueResourcesForAndroidMain NO-SOURCE
> Task :cupertino-icons-extended:copyNonXmlValueResourcesForAndroidMain NO-SOURCE
> Task :cupertino-icons-extended:prepareComposeResourcesTaskForAndroidMain NO-SOURCE
> Task :cupertino-icons-extended:generateResourceAccessorsForAndroidMain SKIPPED
> Task :cupertino-icons-extended:convertXmlValueResourcesForCommonMain NO-SOURCE
> Task :cupertino-icons-extended:copyNonXmlValueResourcesForCommonMain NO-SOURCE
> Task :cupertino-icons-extended:prepareComposeResourcesTaskForCommonMain NO-SOURCE
> Task :cupertino-icons-extended:generateResourceAccessorsForCommonMain SKIPPED
> Task :cupertino-icons-extended:convertXmlValueResourcesForJvmMain NO-SOURCE
> Task :cupertino-icons-extended:copyNonXmlValueResourcesForJvmMain NO-SOURCE
> Task :cupertino-icons-extended:prepareComposeResourcesTaskForJvmMain NO-SOURCE
> Task :cupertino-icons-extended:generateResourceAccessorsForJvmMain SKIPPED
> Task :cupertino-icons-extended:convertXmlValueResourcesForNonIosMain NO-SOURCE
> Task :cupertino-icons-extended:copyNonXmlValueResourcesForNonIosMain NO-SOURCE
> Task :cupertino-icons-extended:prepareComposeResourcesTaskForNonIosMain NO-SOURCE
> Task :cupertino-icons-extended:generateResourceAccessorsForNonIosMain SKIPPED
> Task :cupertino-icons-extended:generateActualResourceCollectorsForAndroidMain SKIPPED
> Task :cupertino-icons-extended:generateComposeResClass SKIPPED
> Task :cupertino-icons-extended:preBuild UP-TO-DATE
> Task :cupertino-icons-extended:preDebugBuild UP-TO-DATE
> Task :cupertino-icons-extended:generateDebugResValues UP-TO-DATE
> Task :cupertino-icons-extended:generateDebugResources UP-TO-DATE
> Task :cupertino-icons-extended:packageDebugResources UP-TO-DATE
> Task :cupertino-icons-extended:parseDebugLocalResources UP-TO-DATE
> Task :cupertino-icons-extended:generateDebugRFile UP-TO-DATE
> Task :cupertino-icons-extended:generateExpectResourceCollectorsForCommonMain SKIPPED
> Task :cupertino-icons-extended:convertXmlValueResourcesForAndroidDebug NO-SOURCE
> Task :cupertino-icons-extended:copyNonXmlValueResourcesForAndroidDebug NO-SOURCE
> Task :cupertino-icons-extended:prepareComposeResourcesTaskForAndroidDebug NO-SOURCE
> Task :cupertino-icons-extended:generateResourceAccessorsForAndroidDebug SKIPPED
> Task :cupertino-icons-extended:compileDebugKotlinAndroid UP-TO-DATE
> Task :cupertino-icons-extended:javaPreCompileDebug UP-TO-DATE
> Task :cupertino-icons-extended:compileDebugJavaWithJavac NO-SOURCE
> Task :cupertino-icons-extended:bundleLibCompileToJarDebug UP-TO-DATE
> Task :composeui:compileDebugKotlinAndroid UP-TO-DATE
> Task :composeui:javaPreCompileDebug UP-TO-DATE
> Task :composeui:compileDebugJavaWithJavac NO-SOURCE
> Task :demo-app:checkKotlinGradlePluginConfigurationErrors SKIPPED
> Task :androidbridge:compileDebugLibraryResources UP-TO-DATE
> Task :composeui:compileDebugLibraryResources UP-TO-DATE
> Task :cupertino:compileDebugLibraryResources UP-TO-DATE
> Task :cupertino-adaptive:compileDebugLibraryResources UP-TO-DATE
> Task :cupertino-core:compileDebugLibraryResources UP-TO-DATE
> Task :cupertino-decompose:compileDebugLibraryResources UP-TO-DATE
> Task :cupertino-icons-extended:compileDebugLibraryResources UP-TO-DATE
> Task :cupertino-native:compileDebugLibraryResources UP-TO-DATE
> Task :androidbridge:writeDebugAarMetadata UP-TO-DATE
> Task :composeui:writeDebugAarMetadata UP-TO-DATE
> Task :cupertino:writeDebugAarMetadata UP-TO-DATE
> Task :cupertino-adaptive:writeDebugAarMetadata UP-TO-DATE
> Task :cupertino-core:writeDebugAarMetadata UP-TO-DATE
> Task :cupertino-decompose:writeDebugAarMetadata UP-TO-DATE
> Task :cupertino-icons-extended:writeDebugAarMetadata UP-TO-DATE
> Task :cupertino-native:writeDebugAarMetadata UP-TO-DATE
> Task :composeui:bundleLibCompileToJarDebug
> Task :demo-app:checkDebugAarMetadata UP-TO-DATE
> Task :demo-app:generateDebugResValues UP-TO-DATE
> Task :demo-app:mapDebugSourceSetPaths UP-TO-DATE
> Task :demo-app:generateDebugResources UP-TO-DATE
> Task :demo-app:mergeDebugResources UP-TO-DATE
> Task :demo-app:packageDebugResources UP-TO-DATE
> Task :demo-app:parseDebugLocalResources UP-TO-DATE
> Task :demo-app:createDebugCompatibleScreenManifests UP-TO-DATE
> Task :androidbridge:extractDeepLinksDebug UP-TO-DATE
> Task :androidbridge:processDebugManifest UP-TO-DATE
> Task :composeui:extractDeepLinksDebug UP-TO-DATE
> Task :composeui:processDebugManifest UP-TO-DATE
> Task :cupertino:extractDeepLinksDebug UP-TO-DATE
> Task :cupertino:processDebugManifest UP-TO-DATE
> Task :cupertino-adaptive:extractDeepLinksDebug UP-TO-DATE
> Task :cupertino-adaptive:processDebugManifest UP-TO-DATE
> Task :cupertino-core:extractDeepLinksDebug UP-TO-DATE
> Task :cupertino-core:processDebugManifest UP-TO-DATE
> Task :cupertino-decompose:extractDeepLinksDebug UP-TO-DATE
> Task :cupertino-decompose:processDebugManifest UP-TO-DATE
> Task :cupertino-icons-extended:extractDeepLinksDebug UP-TO-DATE
> Task :cupertino-icons-extended:processDebugManifest UP-TO-DATE
> Task :cupertino-native:extractDeepLinksDebug UP-TO-DATE
> Task :cupertino-native:processDebugManifest UP-TO-DATE
> Task :demo-app:extractDeepLinksDebug UP-TO-DATE
> Task :demo-app:processDebugMainManifest UP-TO-DATE
> Task :demo-app:processDebugManifest UP-TO-DATE
> Task :demo-app:processDebugManifestForPackage UP-TO-DATE
> Task :demo-app:processDebugResources UP-TO-DATE
> Task :demo-app:javaPreCompileDebug UP-TO-DATE
> Task :androidbridge:mergeDebugShaders UP-TO-DATE
> Task :androidbridge:compileDebugShaders NO-SOURCE
> Task :androidbridge:generateDebugAssets UP-TO-DATE
> Task :androidbridge:mergeDebugAssets UP-TO-DATE
> Task :composeui:mergeDebugShaders UP-TO-DATE
> Task :composeui:compileDebugShaders NO-SOURCE
> Task :composeui:copyDebugComposeResourcesToAndroidAssets UP-TO-DATE
> Task :composeui:debugAssetsCopyForAGP NO-SOURCE
> Task :composeui:generateDebugAssets UP-TO-DATE
> Task :composeui:mergeDebugAssets UP-TO-DATE
> Task :cupertino:mergeDebugShaders UP-TO-DATE
> Task :cupertino:compileDebugShaders NO-SOURCE
> Task :cupertino:copyDebugComposeResourcesToAndroidAssets UP-TO-DATE
> Task :cupertino:debugAssetsCopyForAGP NO-SOURCE
> Task :cupertino:generateDebugAssets UP-TO-DATE
> Task :cupertino:mergeDebugAssets UP-TO-DATE
> Task :cupertino-adaptive:mergeDebugShaders UP-TO-DATE
> Task :cupertino-adaptive:compileDebugShaders NO-SOURCE
> Task :cupertino-adaptive:copyDebugComposeResourcesToAndroidAssets UP-TO-DATE
> Task :cupertino-adaptive:debugAssetsCopyForAGP NO-SOURCE
> Task :cupertino-adaptive:generateDebugAssets UP-TO-DATE
> Task :cupertino-adaptive:mergeDebugAssets UP-TO-DATE
> Task :cupertino-core:mergeDebugShaders UP-TO-DATE
> Task :cupertino-core:compileDebugShaders NO-SOURCE
> Task :cupertino-core:copyDebugComposeResourcesToAndroidAssets UP-TO-DATE
> Task :cupertino-core:debugAssetsCopyForAGP NO-SOURCE
> Task :cupertino-core:generateDebugAssets UP-TO-DATE
> Task :cupertino-core:mergeDebugAssets UP-TO-DATE
> Task :cupertino-decompose:mergeDebugShaders UP-TO-DATE
> Task :cupertino-decompose:compileDebugShaders NO-SOURCE
> Task :cupertino-decompose:copyDebugComposeResourcesToAndroidAssets UP-TO-DATE
> Task :cupertino-decompose:debugAssetsCopyForAGP NO-SOURCE
> Task :cupertino-decompose:generateDebugAssets UP-TO-DATE
> Task :cupertino-decompose:mergeDebugAssets UP-TO-DATE
> Task :cupertino-icons-extended:mergeDebugShaders UP-TO-DATE
> Task :cupertino-icons-extended:compileDebugShaders NO-SOURCE
> Task :cupertino-icons-extended:copyDebugComposeResourcesToAndroidAssets UP-TO-DATE
> Task :cupertino-icons-extended:debugAssetsCopyForAGP NO-SOURCE
> Task :cupertino-icons-extended:generateDebugAssets UP-TO-DATE
> Task :cupertino-icons-extended:mergeDebugAssets UP-TO-DATE
> Task :cupertino-native:mergeDebugShaders UP-TO-DATE
> Task :cupertino-native:compileDebugShaders NO-SOURCE
> Task :cupertino-native:copyDebugComposeResourcesToAndroidAssets UP-TO-DATE
> Task :cupertino-native:debugAssetsCopyForAGP NO-SOURCE
> Task :cupertino-native:generateDebugAssets UP-TO-DATE
> Task :cupertino-native:mergeDebugAssets UP-TO-DATE
> Task :demo-app:mergeDebugShaders UP-TO-DATE
> Task :demo-app:compileDebugShaders NO-SOURCE
> Task :demo-app:generateDebugAssets UP-TO-DATE
> Task :demo-app:mergeDebugAssets UP-TO-DATE
> Task :demo-app:compressDebugAssets UP-TO-DATE
> Task :demo-app:l8DexDesugarLibDebug UP-TO-DATE
> Task :androidbridge:processDebugJavaRes UP-TO-DATE
> Task :composeui:processDebugJavaRes UP-TO-DATE
> Task :cupertino:processDebugJavaRes UP-TO-DATE
> Task :cupertino-adaptive:processDebugJavaRes UP-TO-DATE
> Task :cupertino-core:processDebugJavaRes UP-TO-DATE
> Task :cupertino-decompose:processDebugJavaRes UP-TO-DATE
> Task :cupertino-icons-extended:processDebugJavaRes UP-TO-DATE
> Task :cupertino-native:processDebugJavaRes UP-TO-DATE
> Task :demo-app:checkDebugDuplicateClasses UP-TO-DATE
> Task :demo-app:desugarDebugFileDependencies UP-TO-DATE
> Task :demo-app:mergeExtDexDebug UP-TO-DATE
> Task :demo-app:compileDebugKotlin
> Task :demo-app:compileDebugJavaWithJavac NO-SOURCE
> Task :demo-app:processDebugJavaRes UP-TO-DATE
> Task :demo-app:mergeDebugJavaResource UP-TO-DATE
> Task :androidbridge:bundleLibRuntimeToDirDebug UP-TO-DATE
> Task :cupertino-adaptive:bundleLibRuntimeToDirDebug UP-TO-DATE
> Task :cupertino-native:bundleLibRuntimeToDirDebug UP-TO-DATE
> Task :cupertino-icons-extended:bundleLibRuntimeToDirDebug UP-TO-DATE
> Task :cupertino:bundleLibRuntimeToDirDebug UP-TO-DATE
> Task :cupertino-decompose:bundleLibRuntimeToDirDebug UP-TO-DATE
> Task :cupertino-core:bundleLibRuntimeToDirDebug UP-TO-DATE
> Task :demo-app:dexBuilderDebug UP-TO-DATE
> Task :demo-app:mergeProjectDexDebug UP-TO-DATE
> Task :androidbridge:mergeDebugJniLibFolders UP-TO-DATE
> Task :androidbridge:mergeDebugNativeLibs NO-SOURCE
> Task :androidbridge:copyDebugJniLibsProjectOnly UP-TO-DATE
> Task :composeui:mergeDebugJniLibFolders UP-TO-DATE
> Task :composeui:mergeDebugNativeLibs NO-SOURCE
> Task :composeui:copyDebugJniLibsProjectOnly UP-TO-DATE
> Task :cupertino:mergeDebugJniLibFolders UP-TO-DATE
> Task :cupertino:mergeDebugNativeLibs NO-SOURCE
> Task :cupertino:copyDebugJniLibsProjectOnly UP-TO-DATE
> Task :cupertino-adaptive:mergeDebugJniLibFolders UP-TO-DATE
> Task :cupertino-adaptive:mergeDebugNativeLibs NO-SOURCE
> Task :cupertino-adaptive:copyDebugJniLibsProjectOnly UP-TO-DATE
> Task :cupertino-core:mergeDebugJniLibFolders UP-TO-DATE
> Task :cupertino-core:mergeDebugNativeLibs NO-SOURCE
> Task :cupertino-core:copyDebugJniLibsProjectOnly UP-TO-DATE
> Task :cupertino-decompose:mergeDebugJniLibFolders UP-TO-DATE
> Task :cupertino-decompose:mergeDebugNativeLibs NO-SOURCE
> Task :cupertino-decompose:copyDebugJniLibsProjectOnly UP-TO-DATE
> Task :cupertino-icons-extended:mergeDebugJniLibFolders UP-TO-DATE
> Task :cupertino-icons-extended:mergeDebugNativeLibs NO-SOURCE
> Task :cupertino-icons-extended:copyDebugJniLibsProjectOnly UP-TO-DATE
> Task :cupertino-native:mergeDebugJniLibFolders UP-TO-DATE
> Task :cupertino-native:mergeDebugNativeLibs NO-SOURCE
> Task :cupertino-native:copyDebugJniLibsProjectOnly UP-TO-DATE
> Task :composeui:bundleLibRuntimeToDirDebug
> Task :demo-app:mergeDebugJniLibFolders
> Task :demo-app:validateSigningDebug UP-TO-DATE
> Task :demo-app:writeDebugAppMetadata UP-TO-DATE
> Task :demo-app:writeDebugSigningConfigVersions UP-TO-DATE
> Task :demo-app:mergeLibDexDebug
> Task :demo-app:mergeDebugNativeLibs
> Task :demo-app:stripDebugDebugSymbols
> Task :demo-app:packageDebug
> Task :demo-app:createDebugApkListingFileRedirect UP-TO-DATE
> Task :demo-app:assembleDebug
[Incubating] Problems report is available at: file:///Users/mac/SwiftKey/AndroidSwiftUI/build/reports/problems/problems-report.html

Deprecated Gradle features were used in this build, making it incompatible with Gradle 9.0.

You can use '--warning-mode all' to show the individual deprecation warnings and determine if they come from your own scripts or plugins.

For more on this, please refer to https://docs.gradle.org/8.11.1/userguide/command_line_interface.html#sec:command_line_warnings in the Gradle documentation.

BUILD SUCCESSFUL in 3s
190 actionable tasks: 8 executed, 182 up-to-date
APK: /Users/mac/SwiftKey/AndroidSwiftUI/Demo/app/build/outputs/apk/debug/demo-app-debug.apk
