Starting a Gradle Daemon, 1 busy Daemon could not be reused, use --status for details

> Configure project :composeui
w: Kotlin Multiplatform <-> Android Gradle Plugin compatibility issue:
The applied Android Gradle Plugin version (8.10.1) is higher 
than the maximum known to the Kotlin Gradle Plugin.
Tooling stability in such configuration isn't tested, please report encountered issues to https://kotl.in/issue

Minimum supported Android Gradle Plugin version: 7.1
Maximum tested Android Gradle Plugin version: 8.5

To suppress this message add 'kotlin.mpp.androidGradlePluginCompatibility.nowarn=true' to your gradle.properties

w: The Default Kotlin Hierarchy Template was not applied to 'project ':composeui'':
Explicit .dependsOn() edges were configured for the following source sets:
[androidMain, desktopMain, jvmShared]

Consider removing dependsOn-calls or disabling the default template by adding
    'kotlin.mpp.applyDefaultHierarchyTemplate=false'
to your gradle.properties

Learn more about hierarchy templates: https://kotl.in/hierarchy-template


> Task :androidbridge:preBuild UP-TO-DATE
> Task :androidbridge:preDebugBuild UP-TO-DATE
> Task :composeui:preBuild UP-TO-DATE
> Task :composeui:preDebugBuild UP-TO-DATE
> Task :demo-app:preBuild UP-TO-DATE
> Task :demo-app:preDebugBuild UP-TO-DATE
> Task :androidbridge:writeDebugAarMetadata
> Task :composeui:writeDebugAarMetadata

> Task :demo-app:checkDebugAarMetadata
Warning: SDK processing. This version only understands SDK XML versions up to 3 but an SDK XML file of version 4 was encountered. This can happen if you use versions of Android Studio and the command-line tools that were released at different times.
[Incubating] Problems report is available at: file:///Users/mac/SwiftKey/AndroidSwiftUI/build/reports/problems/problems-report.html

Deprecated Gradle features were used in this build, making it incompatible with Gradle 9.0.

You can use '--warning-mode all' to show the individual deprecation warnings and determine if they come from your own scripts or plugins.

For more on this, please refer to https://docs.gradle.org/8.11.1/userguide/command_line_interface.html#sec:command_line_warnings in the Gradle documentation.

BUILD SUCCESSFUL in 3m 28s
3 actionable tasks: 3 executed
