warning: 'android': Conflicting identity for swift-android-native: dependency 'github.com/swift-android-sdk/swift-android-native' and dependency 'github.com/millertechnologyperu/swift-android-native' both point to the same package identity 'swift-android-native'. The dependencies are introduced through the following chains: (A) /users/mac/swiftkey/androidswiftui->github.com/pureswift/android->github.com/swift-android-sdk/swift-android-native (B) /users/mac/swiftkey/androidswiftui->github.com/millertechnologyperu/swift-android-native. If there are multiple chains that lead to the same dependency, only the first chain is shown here. To see all chains use debug output option. To resolve the conflict, coordinate with the maintainer of the package that introduces the conflicting dependency. This will be escalated to an error in future versions of SwiftPM.
[0/3] Compiling CSystem shims.c
[1/7] Write swift-version-43AF9A9ED32E53B.txt
[2/7] Compiling _SwiftSyntaxCShims PlatformMutex.c
[3/7] Compiling _SubprocessCShims process_shims.c
[4/7] Write Objects.LinkFileList
[5/7] Linking StaticBuildConfigPluginExecutable-tool
[6/7] Applying StaticBuildConfigPluginExecutable-tool
[7/10] Write swift-version-43AF9A9ED32E53B.txt
[8/11] Compiling CSwiftJavaJNI dummy.c
[9/14] Write Objects.LinkFileList
[10/14] Linking SwiftJavaMacros-tool
[11/14] Write Objects.LinkFileList
[12/14] Linking swift-java-tool
[13/14] Applying swift-java-tool
[0/1] Planning build
Building for debugging...
[0/3] Write sources
[1/10] Compiling _SwiftSyntaxCShims PlatformMutex.c
[2/10] Write swift-version-43AF9A9ED32E53B.txt
[3/11] Compiling CSwiftJavaJNI dummy.c
[4/17] Compiling CSystem shims.c
[5/18] Compiling _SubprocessCShims process_shims.c
[6/18] Write Objects.LinkFileList
[8/18] Linking StaticBuildConfigPluginExecutable-tool
[9/18] Linking SwiftJavaMacros-tool
[10/17] Run -print-static-build-config
[11/17] Copying static-build-config.json
[12/17] Write Objects.LinkFileList
[13/17] Linking swift-java-tool
2026-09-19T14:38:14-0700 info swift-java: [swift_java] Run JExtractCommand: /Users/mac/SwiftKey/AndroidSwiftUI/.build/arm64-apple-macosx/debug/swift-java-tool jextract --config /Users/mac/SwiftKey/AndroidSwiftUI/Sources/BridgeExport/swift-java.config --swift-module BridgeExport --input-swift /Users/mac/SwiftKey/AndroidSwiftUI/Sources/BridgeExport/ --output-java /Users/mac/SwiftKey/AndroidSwiftUI/.build/plugins/outputs/androidswiftui/BridgeExport/destination/JExtractSwiftPlugin/src/generated/java --output-swift /Users/mac/SwiftKey/AndroidSwiftUI/.build/plugins/outputs/androidswiftui/BridgeExport/destination/JExtractSwiftPlugin/Sources --write-empty-files --depends-on SwiftJava=/Users/mac/SwiftKey/AndroidSwiftUI/.build/checkouts/swift-java/Sources/SwiftJava/swift-java.config,/Users/mac/SwiftKey/AndroidSwiftUI/.build/checkouts/swift-java/Sources/SwiftJava/ --depends-on SwiftJavaRuntimeSupport=/Users/mac/SwiftKey/AndroidSwiftUI/.build/checkouts/swift-java/Sources/SwiftJavaRuntimeSupport/swift-java.config,/Users/mac/SwiftKey/AndroidSwiftUI/.build/checkouts/swift-java/Sources/SwiftJavaRuntimeSupport/ --depends-on SwiftJava=/Users/mac/SwiftKey/AndroidSwiftUI/.build/checkouts/swift-java/Sources/SwiftJava/swift-java.config,/Users/mac/SwiftKey/AndroidSwiftUI/.build/checkouts/swift-java/Sources/SwiftJava/ --depends-on SwiftJavaRuntimeSupport=/Users/mac/SwiftKey/AndroidSwiftUI/.build/checkouts/swift-java/Sources/SwiftJavaRuntimeSupport/swift-java.config,/Users/mac/SwiftKey/AndroidSwiftUI/.build/checkouts/swift-java/Sources/SwiftJavaRuntimeSupport/ --linker-export-list-output /Users/mac/SwiftKey/AndroidSwiftUI/.build/plugins/outputs/androidswiftui/BridgeExport/destination/JExtractSwiftPlugin/swift-java-jni-exports.map --generated-java-sources-list-file-output jextract-generated-sources.txt
2026-09-19T14:38:14-0700 info swift-java: [swift_java] Current work directory: /Users/mac/SwiftKey/AndroidSwiftUI
[debug][swift-java] Load config from passed in path: file:///Users/mac/SwiftKey/AndroidSwiftUI/Sources/BridgeExport/swift-java.config
[debug][swift-java] Running 'swift-java jextract' in mode: jni
[debug][swift-java] Dependency configs: 4
[info][JExtractSwiftLib/Swift2Java.swift:51](run()) Input swift = /Users/mac/SwiftKey/AndroidSwiftUI/Sources/BridgeExport/ 
[info][JExtractSwiftLib/Swift2Java.swift:53](run()) Input paths = [/Users/mac/SwiftKey/AndroidSwiftUI/Sources/BridgeExport/] 
[info][JExtractSwiftLib/JavaSourceDependencies.swift:78](loadSwiftSources(from:log:)) Loaded 78 source file(s) for dependency module 'SwiftJava' from ["/Users/mac/SwiftKey/AndroidSwiftUI/.build/checkouts/swift-java/Sources/SwiftJava"] 
[info][JExtractSwiftLib/JavaSourceDependencies.swift:78](loadSwiftSources(from:log:)) Loaded 11 source file(s) for dependency module 'SwiftJavaRuntimeSupport' from ["/Users/mac/SwiftKey/AndroidSwiftUI/.build/checkouts/swift-java/Sources/SwiftJavaRuntimeSupport"] 
[info][JExtractSwiftLib/JavaSourceDependencies.swift:78](loadSwiftSources(from:log:)) Loaded 78 source file(s) for dependency module 'SwiftJava' from ["/Users/mac/SwiftKey/AndroidSwiftUI/.build/checkouts/swift-java/Sources/SwiftJava"] 
[info][JExtractSwiftLib/JavaSourceDependencies.swift:78](loadSwiftSources(from:log:)) Loaded 11 source file(s) for dependency module 'SwiftJavaRuntimeSupport' from ["/Users/mac/SwiftKey/AndroidSwiftUI/.build/checkouts/swift-java/Sources/SwiftJavaRuntimeSupport"] 
[info][JExtractSwiftLib/JNISwift2JavaGenerator+SwiftThunkPrinting.swift:73](writeSwiftThunkSources(_:)) Generated: BridgeExportModule+SwiftJava.swift (at file:///Users/mac/SwiftKey/AndroidSwiftUI/.build/plugins/outputs/androidswiftui/BridgeExport/destination/JExtractSwiftPlugin/Sources/BridgeExportModule+SwiftJava.swift) 
[warning][JExtractSwiftLib/JNISwift2JavaGenerator+SwiftThunkPrinting.swift:93](writeSwiftThunkSources(_:)) Writing types in file group: /Users/mac/SwiftKey/AndroidSwiftUI/Sources/BridgeExport/BridgeExport.swift: ["BridgeHost", "SwiftTask"] 
[info][JExtractSwiftLib/JNISwift2JavaGenerator+SwiftThunkPrinting.swift:103](writeSwiftThunkSources(_:)) Printing Swift thunks for type: BridgeHost 
[info][JExtractSwiftLib/JNISwift2JavaGenerator+SwiftThunkPrinting.swift:103](writeSwiftThunkSources(_:)) Printing Swift thunks for type: SwiftTask 
[warning][JExtractSwiftLib/JNISwift2JavaGenerator+SwiftThunkPrinting.swift:116](writeSwiftThunkSources(_:)) Write Swift thunks file: BridgeExport+SwiftJava.swift 
[info][JExtractSwiftLib/JNISwift2JavaGenerator+SwiftThunkPrinting.swift:123](writeSwiftThunkSources(_:)) Done writing Swift thunks to: file:///Users/mac/SwiftKey/AndroidSwiftUI/.build/plugins/outputs/androidswiftui/BridgeExport/destination/JExtractSwiftPlugin/Sources/BridgeExport+SwiftJava.swift 
[info][JExtractSwiftLib/JNISwift2JavaGenerator+JavaBindingsPrinting.swift:104](writeGeneratedFile(_:filename:displayName:into:)) [swift-java] Generated: BridgeHost.java (at file:///Users/mac/SwiftKey/AndroidSwiftUI/.build/plugins/outputs/androidswiftui/BridgeExport/destination/JExtractSwiftPlugin/src/generated/java/com/pureswift/bridge/BridgeHost.java) 
[info][JExtractSwiftLib/JNISwift2JavaGenerator+JavaBindingsPrinting.swift:104](writeGeneratedFile(_:filename:displayName:into:)) [swift-java] Generated: SwiftTask.java (at file:///Users/mac/SwiftKey/AndroidSwiftUI/.build/plugins/outputs/androidswiftui/BridgeExport/destination/JExtractSwiftPlugin/src/generated/java/com/pureswift/bridge/SwiftTask.java) 
[info][JExtractSwiftLib/JNISwift2JavaGenerator+JavaBindingsPrinting.swift:104](writeGeneratedFile(_:filename:displayName:into:)) [swift-java] Generated: BridgeExport.java (at file:///Users/mac/SwiftKey/AndroidSwiftUI/.build/plugins/outputs/androidswiftui/BridgeExport/destination/JExtractSwiftPlugin/src/generated/java/com/pureswift/bridge/BridgeExport.java) 
[info][JExtractSwiftLib/JNISwift2JavaGenerator+JavaBindingsPrinting.swift:104](writeGeneratedFile(_:filename:displayName:into:)) [swift-java] Generated: BridgeHostBox.java (at file:///Users/mac/SwiftKey/AndroidSwiftUI/.build/plugins/outputs/androidswiftui/BridgeExport/destination/JExtractSwiftPlugin/src/generated/java/com/pureswift/bridge/BridgeHostBox.java) 
[info][JExtractSwiftLib/JNISwift2JavaGenerator+JavaBindingsPrinting.swift:85](writeExportedJavaSources(_:)) Generated file at file:///Users/mac/SwiftKey/AndroidSwiftUI/.build/plugins/outputs/androidswiftui/BridgeExport/destination/JExtractSwiftPlugin/src/generated/java/jextract-generated-sources.txt 
[info][JExtractSwiftLib/JNISwift2JavaGenerator+SwiftThunkPrinting.swift:177](writeLinkerExportList()) [swift-java] Generated linker export list (15 symbols): /Users/mac/SwiftKey/AndroidSwiftUI/.build/plugins/outputs/androidswiftui/BridgeExport/destination/JExtractSwiftPlugin/swift-java-jni-exports.map 
[swift-java] Write empty [1] 'expected' files in: /Users/mac/SwiftKey/AndroidSwiftUI/.build/plugins/outputs/androidswiftui/BridgeExport/destination/JExtractSwiftPlugin/Sources/
[swift-java] Imported Swift module 'BridgeExport': done.
[14/17] Generate Java wrappers for Swift types
To honour the JVM settings for this build a single-use Daemon process will be forked. For more on this, please refer to https://docs.gradle.org/9.4.0/userguide/gradle_daemon.html#sec:disabling_the_daemon in the Gradle documentation.
Daemon will be stopped at the end of the build 
Configuration on demand is an incubating feature.
[swift-java] JDK 21 detected — skipping: SwiftKitFFM, Samples:SwiftAndJavaJarFFMSampleLib, Samples:SwiftJavaExtractFFMSampleApp
Type-safe project accessors is an incubating feature.
> Task :BuildLogic:checkKotlinGradlePluginConfigurationErrors SKIPPED
> Task :BuildLogic:generateExternalPluginSpecBuilders UP-TO-DATE
> Task :BuildLogic:extractPrecompiledScriptPluginPlugins UP-TO-DATE
> Task :BuildLogic:compilePluginsBlocks UP-TO-DATE
> Task :BuildLogic:generatePrecompiledScriptPluginAccessors UP-TO-DATE
> Task :BuildLogic:generateScriptPluginAdapters UP-TO-DATE
> Task :BuildLogic:compileKotlin UP-TO-DATE
> Task :BuildLogic:compileJava NO-SOURCE
> Task :BuildLogic:pluginDescriptors UP-TO-DATE
> Task :BuildLogic:processResources UP-TO-DATE
> Task :BuildLogic:classes UP-TO-DATE
> Task :BuildLogic:jar UP-TO-DATE
> Task :SwiftKitCore:compileJava UP-TO-DATE
> Task :SwiftKitCore:processResources UP-TO-DATE
> Task :SwiftKitCore:classes UP-TO-DATE
> Task :SwiftKitCore:jar UP-TO-DATE
> Task :SwiftKitCore:startScripts UP-TO-DATE
> Task :SwiftKitCore:distTar UP-TO-DATE
> Task :SwiftKitCore:distZip UP-TO-DATE
> Task :SwiftKitCore:assemble UP-TO-DATE
> Task :SwiftKitCore:compileTestJava UP-TO-DATE
> Task :SwiftKitCore:processTestResources NO-SOURCE
> Task :SwiftKitCore:testClasses UP-TO-DATE
> Task :SwiftKitCore:test UP-TO-DATE
> Task :SwiftKitCore:check UP-TO-DATE
> Task :SwiftKitCore:compileSwift UP-TO-DATE
> Task :SwiftKitCore:build UP-TO-DATE

BUILD SUCCESSFUL in 3s
18 actionable tasks: 18 up-to-date
2026-09-19T14:38:19-0700 info swift-java: [swift_java] Run ConfigureCommand: /Users/mac/SwiftKey/AndroidSwiftUI/.build/arm64-apple-macosx/debug/swift-java-tool configure --output-directory /Users/mac/SwiftKey/AndroidSwiftUI/.build/plugins/outputs/androidswiftui/BridgeExport/destination/JExtractSwiftPlugin/compiled-java-output --cp /Users/mac/SwiftKey/AndroidSwiftUI/.build/plugins/outputs/androidswiftui/BridgeExport/destination/JExtractSwiftPlugin/compiled-java-output --swift-module BridgeExport --swift-type-prefix Java
2026-09-19T14:38:19-0700 info swift-java: [swift_java] Current work directory: /Users/mac/SwiftKey/AndroidSwiftUI
[debug][swift-java] Load config from module base directory: /Users/mac/SwiftKey/AndroidSwiftUI/Sources/BridgeExport
[debug][swift-java] Searching for *.swift-java.classpath files in: file:///Users/mac/SwiftKey/AndroidSwiftUI/Sources/BridgeExport/
[warning][swift-java][JavaVirtualMachine] Missing classpath element: file:///Users/mac/SwiftKey/AndroidSwiftUI/%5B%22/Users/mac/SwiftKey/AndroidSwiftUI/.build/plugins/outputs/androidswiftui/BridgeExport/destination/JExtractSwiftPlugin/compiled-java-output%22%5D
2026-09-19T14:38:19-0700 info swift-java:configure: [swift_java] Run: emit configuration...
2026-09-19T14:38:19-0700 info swift-java: [swift_java] Configure Java type 'com.pureswift.bridge.BridgeHostBox' as 'JavaBridgeHostBox' Swift type.
2026-09-19T14:38:19-0700 info swift-java: [swift_java] Configure Java type 'com.pureswift.bridge.BridgeHost' as 'JavaBridgeHost' Swift type.
2026-09-19T14:38:19-0700 info swift-java: [swift_java] Configure Java type 'com.pureswift.bridge.BridgeExport$bridgeScheduleMain' as 'JavaBridgeExport.bridgeScheduleMain' Swift type.
2026-09-19T14:38:19-0700 info swift-java: [swift_java] Configure Java type 'com.pureswift.bridge.BridgeExport' as 'JavaBridgeExport' Swift type.
2026-09-19T14:38:19-0700 info swift-java: [swift_java] Configure Java type 'com.pureswift.bridge.SwiftTask' as 'JavaSwiftTask' Swift type.
2026-09-19T14:38:19-0700 info swift-java: [swift_java] Configure Java type 'com.pureswift.bridge.BridgeExport$bridgeScheduleMain$block' as 'JavaBridgeExport.bridgeScheduleMain.block' Swift type.
[debug][swift-java] Importing classpath entry: /Users/mac/SwiftKey/AndroidSwiftUI/.build/plugins/outputs/androidswiftui/BridgeExport/destination/JExtractSwiftPlugin/compiled-java-output
[debug][swift-java] Importing classpath as directory: /Users/mac/SwiftKey/AndroidSwiftUI/.build/plugins/outputs/androidswiftui/BridgeExport/destination/JExtractSwiftPlugin/compiled-java-output
[trace][swift-java] Writing swift-java configuration file to '/Users/mac/SwiftKey/AndroidSwiftUI/.build/plugins/outputs/androidswiftui/BridgeExport/destination/JExtractSwiftPlugin/compiled-java-output/swift-java.config'... done.
2026-09-19T14:38:19-0700 info swift-java: [swift_java] Run WrapJavaCommand: /Users/mac/SwiftKey/AndroidSwiftUI/.build/arm64-apple-macosx/debug/swift-java-tool wrap-java --swift-module BridgeExport --output-directory /Users/mac/SwiftKey/AndroidSwiftUI/.build/plugins/outputs/androidswiftui/BridgeExport/destination/JExtractSwiftPlugin/Sources --config /Users/mac/SwiftKey/AndroidSwiftUI/.build/plugins/outputs/androidswiftui/BridgeExport/destination/JExtractSwiftPlugin/compiled-java-output/swift-java.config --cp /Users/mac/SwiftKey/AndroidSwiftUI/.build/checkouts/swift-java/SwiftKitCore/build/classes/java/main --single-swift-file-output WrapJavaGenerated.swift --depends-on SwiftJava=/Users/mac/SwiftKey/AndroidSwiftUI/.build/checkouts/swift-java/Sources/SwiftJava/swift-java.config,/Users/mac/SwiftKey/AndroidSwiftUI/.build/checkouts/swift-java/Sources/SwiftJava/ --depends-on SwiftJavaRuntimeSupport=/Users/mac/SwiftKey/AndroidSwiftUI/.build/checkouts/swift-java/Sources/SwiftJavaRuntimeSupport/swift-java.config,/Users/mac/SwiftKey/AndroidSwiftUI/.build/checkouts/swift-java/Sources/SwiftJavaRuntimeSupport/ --depends-on SwiftJava=/Users/mac/SwiftKey/AndroidSwiftUI/.build/checkouts/swift-java/Sources/SwiftJava/swift-java.config,/Users/mac/SwiftKey/AndroidSwiftUI/.build/checkouts/swift-java/Sources/SwiftJava/ --depends-on SwiftJavaRuntimeSupport=/Users/mac/SwiftKey/AndroidSwiftUI/.build/checkouts/swift-java/Sources/SwiftJavaRuntimeSupport/swift-java.config,/Users/mac/SwiftKey/AndroidSwiftUI/.build/checkouts/swift-java/Sources/SwiftJavaRuntimeSupport/
2026-09-19T14:38:19-0700 info swift-java: [swift_java] Current work directory: /Users/mac/SwiftKey/AndroidSwiftUI
[debug][swift-java] Load config from passed in path: file:///Users/mac/SwiftKey/AndroidSwiftUI/.build/plugins/outputs/androidswiftui/BridgeExport/destination/JExtractSwiftPlugin/compiled-java-output/swift-java.config
self.filterInclude = []
[trace][swift-java] Cache directory: none
[debug][swift-java] Searching for *.swift-java.classpath files in: file:///Users/mac/SwiftKey/AndroidSwiftUI/Sources/BridgeExport/
[debug][swift-java] Dependency configs: 4
[trace][swift-java] Add dependency config (SwiftJava) classpath elements: 0
[trace][swift-java] Add dependency config (SwiftJavaRuntimeSupport) classpath elements: 1
[trace][swift-java] Add dependency config (SwiftJavaRuntimeSupport) classpath element: SwiftKitCore/build/classes/java/main
[trace][swift-java] Add dependency config (SwiftJava) classpath elements: 0
[trace][swift-java] Add dependency config (SwiftJavaRuntimeSupport) classpath elements: 1
[trace][swift-java] Add dependency config (SwiftJavaRuntimeSupport) classpath element: SwiftKitCore/build/classes/java/main
[warning][swift-java][JavaVirtualMachine] Missing classpath element: file:///Users/mac/SwiftKey/AndroidSwiftUI/%5B%22/Users/mac/SwiftKey/AndroidSwiftUI/.build/plugins/outputs/androidswiftui/BridgeExport/destination/JExtractSwiftPlugin/compiled-java-output%22%5D
[warning][swift-java][JavaVirtualMachine] Missing classpath element: file:///Users/mac/SwiftKey/AndroidSwiftUI/%5B%22/Users/mac/SwiftKey/AndroidSwiftUI/.build/checkouts/swift-java/SwiftKitCore/build/classes/java/main%22%5D
[warning][swift-java][JavaVirtualMachine] Missing classpath element: file:///Users/mac/SwiftKey/AndroidSwiftUI/SwiftKitCore/build/classes/java/main
[warning][swift-java][JavaVirtualMachine] Missing classpath element: file:///Users/mac/SwiftKey/AndroidSwiftUI/SwiftKitCore/build/classes/java/main
2026-09-19T14:38:19-0700 info swift-java: [swift_java] Active include filters: []
2026-09-19T14:38:19-0700 info swift-java: [swift_java] Active exclude filters: []
2026-09-19T14:38:19-0700 info swift-java: [swift_java] Wrapping java type: com.pureswift.bridge.BridgeExport$bridgeScheduleMain
2026-09-19T14:38:19-0700 info swift-java: [swift_java] Wrapping java type: com.pureswift.bridge.BridgeExport
2026-09-19T14:38:19-0700 info swift-java: [swift_java] Wrapping java type: com.pureswift.bridge.SwiftTask
2026-09-19T14:38:19-0700 info swift-java: [swift_java] Wrapping java type: com.pureswift.bridge.BridgeExport$bridgeScheduleMain$block
2026-09-19T14:38:19-0700 info swift-java: [swift_java] Wrapping java type: com.pureswift.bridge.BridgeHost
2026-09-19T14:38:19-0700 info swift-java: [swift_java] Skip Java type: com.pureswift.bridge.BridgeHostBox (does not match minimum access level)
2026-09-19T14:38:19-0700 info swift-java: [swift_java] OK now we go to nested classes
[warning] Unable to translate 'com.pureswift.bridge.SwiftTask' method '$cleanup': Java class 'org.swift.swiftkit.core.SwiftInstanceCleanup' has not been translated into Swift
[warning] Unable to translate 'com.pureswift.bridge.BridgeHost' interface 'org.swift.swiftkit.core.SwiftDowncastable': Java class 'org.swift.swiftkit.core.SwiftDowncastable' has not been translated into Swift
[trace][swift-java] Writing Java class translation to '/Users/mac/SwiftKey/AndroidSwiftUI/.build/plugins/outputs/androidswiftui/BridgeExport/destination/JExtractSwiftPlugin/Sources/WrapJavaGenerated.swift'... done.
[15/19] Build SwiftKitCore, compile Java callbacks, and generate Swift wrappers
[16/19] Write sources
[18/24] Compiling BridgeExport WrapJavaGenerated.swift
[19/24] Compiling BridgeExport Foundation+SwiftJava.swift
[20/24] Compiling BridgeExport BridgeExportModule+SwiftJava.swift
[21/24] Emitting module BridgeExport
[22/24] Compiling BridgeExport BridgeExport+SwiftJava.swift
[23/61] Compiling SwiftUIDesktopDemo SearchablePlaygrounds.swift
[24/61] Compiling SwiftUIDesktopDemo StatePlaygrounds.swift
[25/61] Compiling SwiftUIDesktopDemo FramePlaygrounds.swift
[26/61] Compiling SwiftUIDesktopDemo GeometryPlaygrounds.swift
[27/63] Compiling SwiftUIDesktopDemo InteractionPlaygrounds.swift
[28/63] Compiling SwiftUIDesktopDemo LabelPlaygrounds.swift
[29/63] Compiling SwiftUIDesktopDemo AndroidProtocolBridge.swift
[30/63] Compiling SwiftUIDesktopDemo AnimationPlaygrounds.swift
[31/63] Compiling SwiftUIDesktopDemo AppStoragePlaygrounds.swift
[32/63] Compiling SwiftUIDesktopDemo GesturePlaygrounds.swift
[33/63] Compiling SwiftUIDesktopDemo GraphicsPlaygrounds.swift
[34/63] Compiling SwiftUIDesktopDemo AppearancePlaygrounds.swift
[35/63] Compiling SwiftUIDesktopDemo BindablePlaygrounds.swift
[36/63] Compiling SwiftUIDesktopDemo Catalog.swift
[37/63] Compiling SwiftUIDesktopDemo CatalogSupport.swift
[38/63] Compiling SwiftUIDesktopDemo HardwareKeyView.swift
[39/63] Compiling SwiftUIDesktopDemo ImagePlaygrounds.swift
[40/63] Compiling SwiftUIDesktopDemo PopoverPlaygrounds.swift
[41/63] Compiling SwiftUIDesktopDemo PreferencePlaygrounds.swift
[42/63] Compiling SwiftUIDesktopDemo LinkPlaygrounds.swift
[43/63] Compiling SwiftUIDesktopDemo MoreControlsPlaygrounds.swift
[44/63] Compiling SwiftUIDesktopDemo ContainerPlaygrounds.swift
[45/63] Compiling SwiftUIDesktopDemo ContextMenuPlaygrounds.swift
[46/63] Compiling SwiftUIDesktopDemo LayoutPlaygrounds.swift
[47/63] Compiling SwiftUIDesktopDemo LazyStackPlaygrounds.swift
[48/63] Compiling SwiftUIDesktopDemo PresentationPlaygrounds.swift
[49/63] Compiling SwiftUIDesktopDemo RepresentablePlaygrounds.swift
[50/63] Emitting module SwiftUIDesktopDemo
[51/63] Compiling SwiftUIDesktopDemo DisclosurePlaygrounds.swift
[52/63] Compiling SwiftUIDesktopDemo FocusPlaygrounds.swift
[53/63] Compiling SwiftUIDesktopDemo AndroidLifecycleStubs.swift
[54/63] Compiling SwiftUIDesktopDemo DesktopDemo.swift
[55/63] Compiling SwiftUIDesktopDemo AccessibilityPlaygrounds.swift
[56/63] Compiling SwiftUIDesktopDemo FormInputPlaygrounds.swift
[57/63] Compiling SwiftUIDesktopDemo FormPlaygrounds.swift
[58/63] Compiling SwiftUIDesktopDemo ControlPlaygrounds.swift
[59/63] Compiling SwiftUIDesktopDemo ControlStylePlaygrounds.swift
[60/63] Compiling SwiftUIDesktopDemo StylePlaygrounds.swift
[61/63] Compiling SwiftUIDesktopDemo ToolbarPlaygrounds.swift
[61/63] Write Objects.LinkFileList
[62/63] Linking libSwiftUIDesktopDemo.dylib
Build of product 'SwiftUIDesktopDemo' complete! (17.72s)

> Configure project :composeui
w: Kotlin Multiplatform <-> Android Gradle Plugin compatibility issue:
The applied Android Gradle Plugin version (8.10.1) is higher 
than the maximum known to the Kotlin Gradle Plugin.
Tooling stability in such configuration isn't tested, please report encountered issues to https://kotl.in/issue

Minimum supported Android Gradle Plugin version: 7.1
Maximum tested Android Gradle Plugin version: 8.5

To suppress this message add 'kotlin.mpp.androidGradlePluginCompatibility.nowarn=true' to your gradle.properties

w: The Default Kotlin Hierarchy Template was not applied to 'project ':composeui'':
Explicit .dependsOn() edges were configured for the following source sets:
[androidMain, desktopMain, jvmShared]

Consider removing dependsOn-calls or disabling the default template by adding
    'kotlin.mpp.applyDefaultHierarchyTemplate=false'
to your gradle.properties

Learn more about hierarchy templates: https://kotl.in/hierarchy-template


> Task :composeui:checkKotlinGradlePluginConfigurationErrors SKIPPED
> Task :composeui:convertXmlValueResourcesForCommonMain NO-SOURCE
> Task :composeui:copyNonXmlValueResourcesForCommonMain NO-SOURCE
> Task :composeui:prepareComposeResourcesTaskForCommonMain NO-SOURCE
> Task :composeui:generateResourceAccessorsForCommonMain SKIPPED
> Task :composeui:convertXmlValueResourcesForDesktopMain NO-SOURCE
> Task :composeui:copyNonXmlValueResourcesForDesktopMain NO-SOURCE
> Task :composeui:prepareComposeResourcesTaskForDesktopMain NO-SOURCE
> Task :composeui:generateResourceAccessorsForDesktopMain SKIPPED
> Task :composeui:convertXmlValueResourcesForJvmShared NO-SOURCE
> Task :composeui:copyNonXmlValueResourcesForJvmShared NO-SOURCE
> Task :composeui:prepareComposeResourcesTaskForJvmShared NO-SOURCE
> Task :composeui:generateResourceAccessorsForJvmShared SKIPPED
> Task :composeui:generateActualResourceCollectorsForDesktopMain SKIPPED
> Task :composeui:generateComposeResClass SKIPPED
> Task :composeui:generateExpectResourceCollectorsForCommonMain SKIPPED
> Task :swiftbridge:jextract UP-TO-DATE
> Task :swiftbridge:compileJava UP-TO-DATE
> Task :swiftbridge:processResources UP-TO-DATE
> Task :swiftbridge:classes UP-TO-DATE
> Task :swiftbridge:jar UP-TO-DATE
> Task :composeui:assembleDesktopMainResources
> Task :composeui:desktopProcessResources
> Task :demo-desktop:checkKotlinGradlePluginConfigurationErrors SKIPPED
> Task :demo-desktop:convertXmlValueResourcesForCommonMain NO-SOURCE
> Task :demo-desktop:copyNonXmlValueResourcesForCommonMain NO-SOURCE
> Task :demo-desktop:prepareComposeResourcesTaskForCommonMain NO-SOURCE
> Task :demo-desktop:generateResourceAccessorsForCommonMain SKIPPED
> Task :demo-desktop:convertXmlValueResourcesForJvmMain NO-SOURCE
> Task :demo-desktop:copyNonXmlValueResourcesForJvmMain NO-SOURCE
> Task :demo-desktop:prepareComposeResourcesTaskForJvmMain NO-SOURCE
> Task :demo-desktop:generateResourceAccessorsForJvmMain SKIPPED
> Task :demo-desktop:generateActualResourceCollectorsForJvmMain SKIPPED
> Task :demo-desktop:generateComposeResClass SKIPPED
> Task :demo-desktop:generateExpectResourceCollectorsForCommonMain SKIPPED
> Task :demo-desktop:convertXmlValueResourcesForCommonTest NO-SOURCE
> Task :demo-desktop:copyNonXmlValueResourcesForCommonTest NO-SOURCE
> Task :demo-desktop:prepareComposeResourcesTaskForCommonTest NO-SOURCE
> Task :demo-desktop:generateResourceAccessorsForCommonTest SKIPPED
> Task :demo-desktop:convertXmlValueResourcesForJvmTest NO-SOURCE
> Task :demo-desktop:copyNonXmlValueResourcesForJvmTest NO-SOURCE
> Task :demo-desktop:prepareComposeResourcesTaskForJvmTest NO-SOURCE
> Task :demo-desktop:generateResourceAccessorsForJvmTest SKIPPED
> Task :demo-desktop:assembleJvmMainResources
> Task :demo-desktop:jvmProcessResources
> Task :demo-desktop:assembleJvmTestResources
> Task :demo-desktop:jvmTestProcessResources

> Task :composeui:compileKotlinDesktop
w: file:///Users/mac/SwiftKey/AndroidSwiftUI/composeui/src/commonMain/kotlin/com/pureswift/swiftui/ImageFetch.kt:14:19 'constructor(p0: String!): URL' is deprecated. Deprecated in Java.
w: file:///Users/mac/SwiftKey/AndroidSwiftUI/composeui/src/commonMain/kotlin/com/pureswift/swiftui/ImageFetch.kt:28:27 'constructor(p0: URL!, p1: String!): URL' is deprecated. Deprecated in Java.

> Task :composeui:desktopMainClasses
> Task :composeui:desktopJar
> Task :demo-desktop:compileKotlinJvm
> Task :demo-desktop:jvmMainClasses
> Task :demo-desktop:jvmJar
> Task :demo-desktop:compileTestKotlinJvm
> Task :demo-desktop:jvmTestClasses
> Task :demo-desktop:jvmTest
[Incubating] Problems report is available at: file:///Users/mac/SwiftKey/AndroidSwiftUI/build/reports/problems/problems-report.html

Deprecated Gradle features were used in this build, making it incompatible with Gradle 9.0.

You can use '--warning-mode all' to show the individual deprecation warnings and determine if they come from your own scripts or plugins.

For more on this, please refer to https://docs.gradle.org/8.11.1/userguide/command_line_interface.html#sec:command_line_warnings in the Gradle documentation.

BUILD SUCCESSFUL in 27s
16 actionable tasks: 12 executed, 4 up-to-date
