warning: 'android': Conflicting identity for swift-android-native: dependency 'github.com/swift-android-sdk/swift-android-native' and dependency 'github.com/millertechnologyperu/swift-android-native' both point to the same package identity 'swift-android-native'. The dependencies are introduced through the following chains: (A) /users/mac/swiftkey/androidswiftui->github.com/pureswift/android->github.com/swift-android-sdk/swift-android-native (B) /users/mac/swiftkey/androidswiftui->github.com/millertechnologyperu/swift-android-native. If there are multiple chains that lead to the same dependency, only the first chain is shown here. To see all chains use debug output option. To resolve the conflict, coordinate with the maintainer of the package that introduces the conflicting dependency. This will be escalated to an error in future versions of SwiftPM.
warning: 'android': Conflicting identity for swift-android-native: dependency 'github.com/swift-android-sdk/swift-android-native' and dependency 'github.com/millertechnologyperu/swift-android-native' both point to the same package identity 'swift-android-native'. The dependencies are introduced through the following chains: (A) /users/mac/swiftkey/androidswiftui->github.com/pureswift/android->github.com/swift-android-sdk/swift-android-native (B) /users/mac/swiftkey/androidswiftui->github.com/millertechnologyperu/swift-android-native. If there are multiple chains that lead to the same dependency, only the first chain is shown here. To see all chains use debug output option. To resolve the conflict, coordinate with the maintainer of the package that introduces the conflicting dependency. This will be escalated to an error in future versions of SwiftPM.
Building for debugging...
[Computing dependencies]
[Provisioning 22 / 72]
[Pre-planning 1 / 1649]
[Planning deferred tasks]
[Starting]
[2 / 30] swift-java_SwiftExtract
[4 / 30] swift-java_SwiftExtract
[5 / 27] BridgeExport
2026-09-19T06:58:08-0700 info swift-java: [swift_java] Run JExtractCommand: /Users/mac/SwiftKey/AndroidSwiftUI/.build/out/Products/Debug/swift-java jextract --config /Users/mac/SwiftKey/AndroidSwiftUI/Sources/BridgeExport/swift-java.config --swift-module BridgeExport --input-swift /Users/mac/SwiftKey/AndroidSwiftUI/Sources/BridgeExport/ --output-java /Users/mac/SwiftKey/AndroidSwiftUI/.build/plugins/outputs/androidswiftui/BridgeExport/destination/JExtractSwiftPlugin/src/generated/java --output-swift /Users/mac/SwiftKey/AndroidSwiftUI/.build/plugins/outputs/androidswiftui/BridgeExport/destination/JExtractSwiftPlugin/Sources --write-empty-files --depends-on SwiftJava=/Users/mac/SwiftKey/AndroidSwiftUI/.build/checkouts/swift-java/Sources/SwiftJava/swift-java.config,/Users/mac/SwiftKey/AndroidSwiftUI/.build/checkouts/swift-java/Sources/SwiftJava/ --depends-on SwiftJavaRuntimeSupport=/Users/mac/SwiftKey/AndroidSwiftUI/.build/checkouts/swift-java/Sources/SwiftJavaRuntimeSupport/swift-java.config,/Users/mac/SwiftKey/AndroidSwiftUI/.build/checkouts/swift-java/Sources/SwiftJavaRuntimeSupport/ --depends-on SwiftJava=/Users/mac/SwiftKey/AndroidSwiftUI/.build/checkouts/swift-java/Sources/SwiftJava/swift-java.config,/Users/mac/SwiftKey/AndroidSwiftUI/.build/checkouts/swift-java/Sources/SwiftJava/ --depends-on SwiftJavaRuntimeSupport=/Users/mac/SwiftKey/AndroidSwiftUI/.build/checkouts/swift-java/Sources/SwiftJavaRuntimeSupport/swift-java.config,/Users/mac/SwiftKey/AndroidSwiftUI/.build/checkouts/swift-java/Sources/SwiftJavaRuntimeSupport/ --linker-export-list-output /Users/mac/SwiftKey/AndroidSwiftUI/.build/plugins/outputs/androidswiftui/BridgeExport/destination/JExtractSwiftPlugin/swift-java-jni-exports.map --generated-java-sources-list-file-output jextract-generated-sources.txt
2026-09-19T06:58:08-0700 info swift-java: [swift_java] Current work directory: /Users/mac/SwiftKey/AndroidSwiftUI
[debug][swift-java] Load config from passed in path: file:///Users/mac/SwiftKey/AndroidSwiftUI/Sources/BridgeExport/swift-java.config
[debug][swift-java] Running 'swift-java jextract' in mode: jni
[debug][swift-java] Dependency configs: 4
[info][JExtractSwiftLib/Swift2Java.swift:51](run()) Input swift = /Users/mac/SwiftKey/AndroidSwiftUI/Sources/BridgeExport/ 
[info][JExtractSwiftLib/Swift2Java.swift:53](run()) Input paths = [/Users/mac/SwiftKey/AndroidSwiftUI/Sources/BridgeExport/] 
[info][JExtractSwiftLib/JavaSourceDependencies.swift:78](loadSwiftSources(from:log:)) Loaded 78 source file(s) for dependency module 'SwiftJava' from ["/Users/mac/SwiftKey/AndroidSwiftUI/.build/checkouts/swift-java/Sources/SwiftJava"] 
[info][JExtractSwiftLib/JavaSourceDependencies.swift:78](loadSwiftSources(from:log:)) Loaded 11 source file(s) for dependency module 'SwiftJavaRuntimeSupport' from ["/Users/mac/SwiftKey/AndroidSwiftUI/.build/checkouts/swift-java/Sources/SwiftJavaRuntimeSupport"] 
[info][JExtractSwiftLib/JavaSourceDependencies.swift:78](loadSwiftSources(from:log:)) Loaded 78 source file(s) for dependency module 'SwiftJava' from ["/Users/mac/SwiftKey/AndroidSwiftUI/.build/checkouts/swift-java/Sources/SwiftJava"] 
[info][JExtractSwiftLib/JavaSourceDependencies.swift:78](loadSwiftSources(from:log:)) Loaded 11 source file(s) for dependency module 'SwiftJavaRuntimeSupport' from ["/Users/mac/SwiftKey/AndroidSwiftUI/.build/checkouts/swift-java/Sources/SwiftJavaRuntimeSupport"] 
[info][JExtractSwiftLib/JNISwift2JavaGenerator+SwiftThunkPrinting.swift:73](writeSwiftThunkSources(_:)) Generated: BridgeExportModule+SwiftJava.swift (at file:///Users/mac/SwiftKey/AndroidSwiftUI/.build/plugins/outputs/androidswiftui/BridgeExport/destination/JExtractSwiftPlugin/Sources/BridgeExportModule+SwiftJava.swift) 
[warning][JExtractSwiftLib/JNISwift2JavaGenerator+SwiftThunkPrinting.swift:93](writeSwiftThunkSources(_:)) Writing types in file group: /Users/mac/SwiftKey/AndroidSwiftUI/Sources/BridgeExport/BridgeExport.swift: ["SwiftTask", "BridgeHost"] 
[info][JExtractSwiftLib/JNISwift2JavaGenerator+SwiftThunkPrinting.swift:103](writeSwiftThunkSources(_:)) Printing Swift thunks for type: BridgeHost 
[info][JExtractSwiftLib/JNISwift2JavaGenerator+SwiftThunkPrinting.swift:103](writeSwiftThunkSources(_:)) Printing Swift thunks for type: SwiftTask 
[warning][JExtractSwiftLib/JNISwift2JavaGenerator+SwiftThunkPrinting.swift:116](writeSwiftThunkSources(_:)) Write Swift thunks file: BridgeExport+SwiftJava.swift 
[info][JExtractSwiftLib/JNISwift2JavaGenerator+SwiftThunkPrinting.swift:123](writeSwiftThunkSources(_:)) Done writing Swift thunks to: file:///Users/mac/SwiftKey/AndroidSwiftUI/.build/plugins/outputs/androidswiftui/BridgeExport/destination/JExtractSwiftPlugin/Sources/BridgeExport+SwiftJava.swift 
[info][JExtractSwiftLib/JNISwift2JavaGenerator+JavaBindingsPrinting.swift:104](writeGeneratedFile(_:filename:displayName:into:)) [swift-java] Generated: BridgeHost.java (at file:///Users/mac/SwiftKey/AndroidSwiftUI/.build/plugins/outputs/androidswiftui/BridgeExport/destination/JExtractSwiftPlugin/src/generated/java/com/pureswift/bridge/BridgeHost.java) 
[info][JExtractSwiftLib/JNISwift2JavaGenerator+JavaBindingsPrinting.swift:104](writeGeneratedFile(_:filename:displayName:into:)) [swift-java] Generated: SwiftTask.java (at file:///Users/mac/SwiftKey/AndroidSwiftUI/.build/plugins/outputs/androidswiftui/BridgeExport/destination/JExtractSwiftPlugin/src/generated/java/com/pureswift/bridge/SwiftTask.java) 
[info][JExtractSwiftLib/JNISwift2JavaGenerator+JavaBindingsPrinting.swift:104](writeGeneratedFile(_:filename:displayName:into:)) [swift-java] Generated: BridgeExport.java (at file:///Users/mac/SwiftKey/AndroidSwiftUI/.build/plugins/outputs/androidswiftui/BridgeExport/destination/JExtractSwiftPlugin/src/generated/java/com/pureswift/bridge/BridgeExport.java) 
[info][JExtractSwiftLib/JNISwift2JavaGenerator+JavaBindingsPrinting.swift:104](writeGeneratedFile(_:filename:displayName:into:)) [swift-java] Generated: BridgeHostBox.java (at file:///Users/mac/SwiftKey/AndroidSwiftUI/.build/plugins/outputs/androidswiftui/BridgeExport/destination/JExtractSwiftPlugin/src/generated/java/com/pureswift/bridge/BridgeHostBox.java) 
[info][JExtractSwiftLib/JNISwift2JavaGenerator+JavaBindingsPrinting.swift:85](writeExportedJavaSources(_:)) Generated file at file:///Users/mac/SwiftKey/AndroidSwiftUI/.build/plugins/outputs/androidswiftui/BridgeExport/destination/JExtractSwiftPlugin/src/generated/java/jextract-generated-sources.txt 
[info][JExtractSwiftLib/JNISwift2JavaGenerator+SwiftThunkPrinting.swift:177](writeLinkerExportList()) [swift-java] Generated linker export list (15 symbols): /Users/mac/SwiftKey/AndroidSwiftUI/.build/plugins/outputs/androidswiftui/BridgeExport/destination/JExtractSwiftPlugin/swift-java-jni-exports.map 
[swift-java] Write empty [1] 'expected' files in: /Users/mac/SwiftKey/AndroidSwiftUI/.build/plugins/outputs/androidswiftui/BridgeExport/destination/JExtractSwiftPlugin/Sources/
[swift-java] Imported Swift module 'BridgeExport': done.

Welcome to Gradle 9.4.0!

Here are the highlights of this release:
 - Java 26 support
 - Non-class-based JVM tests
 - Enhanced console progress bar

For more details see https://docs.gradle.org/9.4.0/release-notes.html

To honour the JVM settings for this build a single-use Daemon process will be forked. For more on this, please refer to https://docs.gradle.org/9.4.0/userguide/gradle_daemon.html#sec:disabling_the_daemon in the Gradle documentation.
Daemon will be stopped at the end of the build 
Configuration on demand is an incubating feature.
[swift-java] JDK 21 detected — skipping: SwiftKitFFM, Samples:SwiftAndJavaJarFFMSampleLib, Samples:SwiftJavaExtractFFMSampleApp
Type-safe project accessors is an incubating feature.
Error: gradle :SwiftKitCore:build failed with exit status exited(143)
Invocation: /Users/mac/SwiftKey/AndroidSwiftUI/.build/out/Products/Debug/swift-java java-callbacks-build --swift-java-tool /Users/mac/SwiftKey/AndroidSwiftUI/.build/out/Products/Debug/swift-java --gradle-executable /Users/mac/SwiftKey/AndroidSwiftUI/.build/checkouts/swift-java/gradlew --gradle-project-dir /Users/mac/SwiftKey/AndroidSwiftUI/.build/checkouts/swift-java/ --gradle-user-home /Users/mac/SwiftKey/AndroidSwiftUI/.build/plugins/outputs/androidswiftui/BridgeExport/destination/JExtractSwiftPlugin/gradle-user-home --javac /opt/homebrew/opt/openjdk@21/libexec/openjdk.jdk/Contents/Home/bin/javac --java-sources-list /Users/mac/SwiftKey/AndroidSwiftUI/.build/plugins/outputs/androidswiftui/BridgeExport/destination/JExtractSwiftPlugin/src/generated/java/jextract-generated-sources.txt --java-output-directory /Users/mac/SwiftKey/AndroidSwiftUI/.build/plugins/outputs/androidswiftui/BridgeExport/destination/JExtractSwiftPlugin/compiled-java-output --swift-kit-core-classpath /Users/mac/SwiftKey/AndroidSwiftUI/.build/checkouts/swift-java/SwiftKitCore/build/classes/java/main --swift-module BridgeExport --swift-type-prefix Java --output-directory /Users/mac/SwiftKey/AndroidSwiftUI/.build/plugins/outputs/androidswiftui/BridgeExport/destination/JExtractSwiftPlugin/Sources --single-swift-file-output WrapJavaGenerated.swift --depends-on SwiftJava=/Users/mac/SwiftKey/AndroidSwiftUI/.build/checkouts/swift-java/Sources/SwiftJava/swift-java.config,/Users/mac/SwiftKey/AndroidSwiftUI/.build/checkouts/swift-java/Sources/SwiftJava/ --depends-on SwiftJavaRuntimeSupport=/Users/mac/SwiftKey/AndroidSwiftUI/.build/checkouts/swift-java/Sources/SwiftJavaRuntimeSupport/swift-java.config,/Users/mac/SwiftKey/AndroidSwiftUI/.build/checkouts/swift-java/Sources/SwiftJavaRuntimeSupport/ --depends-on SwiftJava=/Users/mac/SwiftKey/AndroidSwiftUI/.build/checkouts/swift-java/Sources/SwiftJava/swift-java.config,/Users/mac/SwiftKey/AndroidSwiftUI/.build/checkouts/swift-java/Sources/SwiftJava/ --depends-on SwiftJavaRuntimeSupport=/Users/mac/SwiftKey/AndroidSwiftUI/.build/checkouts/swift-java/Sources/SwiftJavaRuntimeSupport/swift-java.config,/Users/mac/SwiftKey/AndroidSwiftUI/.build/checkouts/swift-java/Sources/SwiftJavaRuntimeSupport/
error: CustomTask Build\ SwiftKitCore,\ compile\ Java\ callbacks,\ and\ generate\ Swift\ wrappers 250908d2a8ad78ef406fd4faa5df200b failed with a nonzero exit code. Command line:     cd /Users/mac/SwiftKey/AndroidSwiftUI
    /Users/mac/SwiftKey/AndroidSwiftUI/.build/out/Products/Debug/swift-java java-callbacks-build --swift-java-tool /Users/mac/SwiftKey/AndroidSwiftUI/.build/out/Products/Debug/swift-java --gradle-executable /Users/mac/SwiftKey/AndroidSwiftUI/.build/checkouts/swift-java/gradlew --gradle-project-dir /Users/mac/SwiftKey/AndroidSwiftUI/.build/checkouts/swift-java/ --gradle-user-home /Users/mac/SwiftKey/AndroidSwiftUI/.build/plugins/outputs/androidswiftui/BridgeExport/destination/JExtractSwiftPlugin/gradle-user-home --javac /opt/homebrew/opt/openjdk@21/libexec/openjdk.jdk/Contents/Home/bin/javac --java-sources-list /Users/mac/SwiftKey/AndroidSwiftUI/.build/plugins/outputs/androidswiftui/BridgeExport/destination/JExtractSwiftPlugin/src/generated/java/jextract-generated-sources.txt --java-output-directory /Users/mac/SwiftKey/AndroidSwiftUI/.build/plugins/outputs/androidswiftui/BridgeExport/destination/JExtractSwiftPlugin/compiled-java-output --swift-kit-core-classpath /Users/mac/SwiftKey/AndroidSwiftUI/.build/checkouts/swift-java/SwiftKitCore/build/classes/java/main --swift-module BridgeExport --swift-type-prefix Java --output-directory /Users/mac/SwiftKey/AndroidSwiftUI/.build/plugins/outputs/androidswiftui/BridgeExport/destination/JExtractSwiftPlugin/Sources --single-swift-file-output WrapJavaGenerated.swift --depends-on SwiftJava\=/Users/mac/SwiftKey/AndroidSwiftUI/.build/checkouts/swift-java/Sources/SwiftJava/swift-java.config,/Users/mac/SwiftKey/AndroidSwiftUI/.build/checkouts/swift-java/Sources/SwiftJava/ --depends-on SwiftJavaRuntimeSupport\=/Users/mac/SwiftKey/AndroidSwiftUI/.build/checkouts/swift-java/Sources/SwiftJavaRuntimeSupport/swift-java.config,/Users/mac/SwiftKey/AndroidSwiftUI/.build/checkouts/swift-java/Sources/SwiftJavaRuntimeSupport/ --depends-on SwiftJava\=/Users/mac/SwiftKey/AndroidSwiftUI/.build/checkouts/swift-java/Sources/SwiftJava/swift-java.config,/Users/mac/SwiftKey/AndroidSwiftUI/.build/checkouts/swift-java/Sources/SwiftJava/ --depends-on SwiftJavaRuntimeSupport\=/Users/mac/SwiftKey/AndroidSwiftUI/.build/checkouts/swift-java/Sources/SwiftJavaRuntimeSupport/swift-java.config,/Users/mac/SwiftKey/AndroidSwiftUI/.build/checkouts/swift-java/Sources/SwiftJavaRuntimeSupport/
error: Build failed
