Apple Swift version 6.3.2 (swift-6.3.2-RELEASE)
Target: arm64-apple-macosx26.0
warning: 'android': Conflicting identity for swift-android-native: dependency 'github.com/swift-android-sdk/swift-android-native' and dependency 'github.com/millertechnologyperu/swift-android-native' both point to the same package identity 'swift-android-native'. The dependencies are introduced through the following chains: (A) /users/mac/swiftkey/androidswiftui->github.com/pureswift/android->github.com/swift-android-sdk/swift-android-native (B) /users/mac/swiftkey/androidswiftui->github.com/millertechnologyperu/swift-android-native. If there are multiple chains that lead to the same dependency, only the first chain is shown here. To see all chains use debug output option. To resolve the conflict, coordinate with the maintainer of the package that introduces the conflicting dependency. This will be escalated to an error in future versions of SwiftPM.
[0/53] Write sources
[4/53] Write swift-java-tool-entitlement.plist
[4/53] Write sources
[4/53] Copying dummy.json
[4/53] Write sources
[43/53] Compiling CSwiftJavaJNI dummy.c
[44/53] Write swift-version-43AF9A9ED32E53B.txt
[45/121] Compiling CSystem shims.c
[46/161] Compiling _SwiftSyntaxCShims PlatformMutex.c
[47/161] Compiling _SubprocessCShims process_shims.c
[49/161] Compiling SwiftSyntax602 Empty.swift
[50/161] Emitting module SwiftSyntax602
[51/161] Compiling SystemPackage FileType.swift
[52/161] Compiling SystemPackage Identifiers.swift
[53/163] Compiling SystemPackage FileFlags.swift
[54/163] Compiling SystemPackage FileMode.swift
[55/163] Compiling SwiftSyntax510 Empty.swift
[56/163] Emitting module SwiftSyntax510
[57/163] Compiling Logging LogEvent.swift
[58/163] Compiling InternalCollectionsUtilities Span+Extras.swift
[59/163] Compiling Logging LogHandler.swift
[60/164] Compiling SwiftSyntax603 Empty.swift
[61/164] Emitting module SwiftSyntax603
[62/164] Compiling InternalCollectionsUtilities UInt+first and last set bit.swift
[63/164] Emitting module InternalCollectionsUtilities
[64/164] Compiling SystemPackage Util+StringArray.swift
[65/164] Compiling SystemPackage Util.swift
[66/164] Compiling InternalCollectionsUtilities Integer rank.swift
[67/164] Compiling SystemPackage FileDescriptor.swift
[68/164] Compiling SystemPackage FileHelpers.swift
[69/164] Compiling InternalCollectionsUtilities FixedWidthInteger+roundUpToPowerOfTwo.swift
[70/164] Compiling Logging LoggingSystem.swift
[71/164] Emitting module SwiftSyntax601
[72/164] Compiling SwiftSyntax601 Empty.swift
[73/164] Emitting module SwiftSyntax509
[74/164] Compiling SwiftSyntax509 Empty.swift
[75/164] Compiling InternalCollectionsUtilities _UniqueCollection.swift
[76/164] Compiling InternalCollectionsUtilities UnsafeMutableBufferPointer+Extras.swift
[77/164] Compiling InternalCollectionsUtilities UnsafeRawBufferPointer+Extras.swift
[78/164] Emitting module Logging
[79/164] Compiling InternalCollectionsUtilities UnsafeMutableRawBufferPointer+Extras.swift
[80/164] Compiling InternalCollectionsUtilities _SortedCollection.swift
[81/164] Compiling InternalCollectionsUtilities RandomAccessCollection+Offsets.swift
[82/164] Compiling SwiftExtractConfigurationShared LogLevel.swift
[83/164] Compiling Logging MetadataProvider.swift
[84/164] Compiling SystemPackage CInterop.swift
[85/164] Compiling SystemPackage Constants.swift
[86/164] Compiling SystemPackage Exports.swift
[87/164] Compiling SystemPackage Mocking.swift
[88/164] Compiling SystemPackage WindowsSyscallAdapters.swift
[89/164] Compiling SystemPackage MachPort.swift
[90/164] Compiling SystemPackage PlatformString.swift
[91/164] Compiling SystemPackage SystemString.swift
[92/164] Compiling Logging Locks.swift
[93/164] Compiling Logging SwiftLogNoOpLogHandler.swift
[94/164] Compiling SystemPackage RawBuffer.swift
[95/164] Compiling SystemPackage Syscalls.swift
[96/164] Compiling InternalCollectionsUtilities UInt+reversed.swift
[97/164] Compiling Logging MultiplexLogHandler.swift
[98/164] Compiling Logging StreamLogHandler.swift
[99/164] Compiling SystemPackage Stat.swift
[100/164] Compiling SystemPackage Backcompat.swift
[101/164] Compiling SystemPackage FilePathWindows.swift
[102/164] Compiling SystemPackage FilePermissions.swift
[103/164] Compiling Logging Logger+With.swift
[104/164] Compiling Logging Logger.swift
[105/164] Compiling SystemPackage UtilConsumers.swift
[106/164] Compiling SystemPackage WinSDK+Overlay.swift
[107/164] Compiling SwiftExtractConfigurationShared AccessLevelMode.swift
[108/164] Emitting module SwiftExtractConfigurationShared
[109/164] Compiling ArgumentParserToolInfo ToolInfo.swift
[110/164] Emitting module ArgumentParserToolInfo
[111/164] Compiling InternalCollectionsUtilities String+Padding.swift
[112/164] Compiling InternalCollectionsUtilities LifetimeOverride.swift
[113/178] Compiling Logging Logger+Attributes.swift
[114/223] Emitting module SwiftSyntax600
[115/223] Compiling SwiftSyntax600 Empty.swift
[116/223] Compiling InternalCollectionsUtilities _UnsafeBitSet+Index.swift
[117/223] Compiling InternalCollectionsUtilities UnsafeBufferPointer+Extras.swift
[118/223] Compiling InternalCollectionsUtilities _UnsafeBitSet+_Word.swift
[119/223] Compiling InternalCollectionsUtilities _UnsafeBitSet.swift
[120/330] Emitting module SystemPackage
[121/352] Compiling OrderedCollections OrderedSet+Partial SetAlgebra formIntersection.swift
[122/352] Compiling OrderedCollections OrderedSet+Partial SetAlgebra formSymmetricDifference.swift
[123/352] Compiling OrderedCollections OrderedSet+Partial SetAlgebra formUnion.swift
[124/355] Compiling OrderedCollections OrderedSet+Partial SetAlgebra isSuperset.swift
[125/355] Compiling OrderedCollections OrderedSet+Partial SetAlgebra subtract.swift
[126/355] Compiling OrderedCollections OrderedSet+Partial SetAlgebra subtracting.swift
[127/355] Compiling OrderedCollections OrderedDictionary+Codable.swift
[128/355] Compiling OrderedCollections OrderedDictionary+CustomReflectable.swift
[129/355] Compiling OrderedCollections OrderedDictionary+Deprecations.swift
[130/355] Compiling OrderedCollections OrderedDictionary+Descriptions.swift
[131/355] Compiling OrderedCollections OrderedSet+Partial SetAlgebra intersection.swift
[132/355] Compiling OrderedCollections OrderedSet+Partial SetAlgebra isDisjoint.swift
[133/355] Compiling OrderedCollections OrderedSet+Partial SetAlgebra isEqualSet.swift
[134/355] Compiling OrderedCollections OrderedSet+RandomAccessCollection.swift
[135/355] Compiling OrderedCollections OrderedSet+ReserveCapacity.swift
[136/355] Compiling OrderedCollections OrderedSet+Sendable.swift
[137/355] Compiling OrderedCollections OrderedSet+Partial SetAlgebra symmetricDifference.swift
[138/355] Compiling OrderedCollections OrderedSet+Partial SetAlgebra union.swift
[139/355] Compiling OrderedCollections OrderedSet+Partial SetAlgebra+Basics.swift
[140/355] Compiling OrderedCollections OrderedSet+Hashable.swift
[141/355] Compiling OrderedCollections OrderedSet+Initializers.swift
[142/355] Compiling OrderedCollections OrderedSet+Insertions.swift
[143/355] Compiling OrderedCollections OrderedSet+Invariants.swift
[144/355] Compiling OrderedCollections OrderedDictionary+Hashable.swift
[145/355] Compiling OrderedCollections OrderedDictionary+Initializers.swift
[146/355] Compiling OrderedCollections OrderedDictionary+Invariants.swift
[147/355] Compiling OrderedCollections OrderedDictionary+Move.swift
[148/355] Compiling OrderedCollections OrderedSet+Descriptions.swift
[149/355] Compiling OrderedCollections OrderedSet+Diffing.swift
[150/355] Compiling OrderedCollections OrderedSet+Equatable.swift
[151/355] Compiling OrderedCollections OrderedSet+ExpressibleByArrayLiteral.swift
[152/355] Compiling OrderedCollections OrderedDictionary+Partial MutableCollection.swift
[153/355] Compiling OrderedCollections OrderedDictionary+Partial RangeReplaceableCollection.swift
[154/355] Compiling OrderedCollections OrderedDictionary+Sendable.swift
[155/355] Compiling OrderedCollections OrderedDictionary+Sequence.swift
[156/355] Compiling OrderedCollections OrderedSet+Partial SetAlgebra isStrictSubset.swift
[157/355] Compiling OrderedCollections OrderedSet+Partial SetAlgebra isStrictSuperset.swift
[158/355] Compiling OrderedCollections OrderedSet+Partial SetAlgebra isSubset.swift
[159/355] Compiling OrderedCollections OrderedDictionary+Elements.SubSequence.swift
[160/355] Compiling OrderedCollections OrderedDictionary+Elements.swift
[161/355] Compiling OrderedCollections OrderedDictionary+Equatable.swift
[162/355] Compiling OrderedCollections OrderedDictionary+ExpressibleByDictionaryLiteral.swift
[163/355] Compiling OrderedCollections OrderedSet+UnstableInternals.swift
[164/355] Compiling OrderedCollections OrderedSet.swift
[165/355] Compiling OrderedCollections _UnsafeBitset.swift
[166/355] Compiling OrderedCollections _HashTable+Bucket.swift
[167/355] Compiling OrderedCollections _HashTable+BucketIterator.swift
[168/355] Compiling OrderedCollections _HashTable+Constants.swift
[169/355] Compiling OrderedCollections _HashTable+CustomStringConvertible.swift
[170/355] Compiling OrderedCollections OrderedDictionary+Values.swift
[171/355] Compiling OrderedCollections OrderedDictionary.swift
[172/355] Compiling OrderedCollections OrderedSet+Codable.swift
[173/355] Compiling OrderedCollections OrderedSet+CustomReflectable.swift
[174/355] Compiling OrderedCollections OrderedSet+SubSequence.swift
[175/355] Compiling OrderedCollections OrderedSet+Testing.swift
[176/355] Compiling OrderedCollections OrderedSet+UnorderedView.swift
[177/355] Compiling OrderedCollections _HashTable+Testing.swift
[178/355] Compiling OrderedCollections _HashTable+UnsafeHandle.swift
[179/355] Compiling OrderedCollections _HashTable.swift
[180/355] Compiling OrderedCollections _Hashtable+Header.swift
[181/355] Compiling OrderedCollections OrderedSet+Move.swift
[182/355] Compiling OrderedCollections OrderedSet+Partial MutableCollection.swift
[183/355] Compiling OrderedCollections OrderedSet+Partial RangeReplaceableCollection.swift
[192/358] Emitting module OrderedCollections
[227/381] Emitting module SwiftSyntax
[228/381] Compiling Subprocess AsyncIO+Windows.swift
[229/381] Compiling Subprocess Input.swift
[244/381] Compiling SwiftSyntax RawSyntaxValidation.swift
[245/381] Compiling SwiftSyntax SyntaxNodesAB.swift
[246/381] Compiling SwiftSyntax SyntaxNodesC.swift
[247/381] Compiling SwiftSyntax SyntaxNodesD.swift
[248/381] Compiling SwiftSyntax SyntaxNodesOP.swift
[249/381] Compiling SwiftSyntax SyntaxNodesQRS.swift
[250/381] Compiling SwiftSyntax SyntaxNodesTUVWXYZ.swift
[259/381] Compiling SwiftJavaConfigurationShared JavaSourceLevel.swift
[260/381] Compiling SwiftJavaConfigurationShared JavaSourceFeature.swift
[261/381] Compiling Subprocess Subprocess+Linux.swift
[262/382] Compiling Subprocess Subprocess+Windows.swift
[263/382] Compiling SwiftJavaJNICore JavaEnvironment.swift
[264/383] Compiling SwiftJavaJNICore MethodSignature.swift
[265/383] Compiling Subprocess Span+Subprocess.swift
[266/383] Compiling SwiftJavaJNICore JavaType+SwiftNames.swift
[267/383] Compiling Subprocess Result.swift
[268/383] Compiling SwiftJavaJNICore JavaType+JNI.swift
[269/383] Compiling SwiftJavaJNICore JavaType+JavaSource.swift
[270/383] Compiling SwiftJavaJNICore JavaExceptionType.swift
[282/383] Compiling SwiftJavaJNICore ThreadLocalStorage.swift
[283/383] Compiling Subprocess AsyncIO+Dispatch.swift
[284/383] Compiling Subprocess AsyncIO+Linux.swift
[285/383] Compiling Subprocess Error.swift
[286/383] Compiling Subprocess Execution.swift
[287/383] Compiling SwiftJavaJNICore JavaValue.swift
[288/446] Compiling SwiftParser TokenPrecedence.swift
[289/446] Compiling SwiftParser IsLexerClassified.swift
[290/446] Compiling SwiftParser LayoutNodes+Parsable.swift
[291/448] Compiling SwiftParser Cursor.swift
[292/448] Compiling SwiftParser Directives.swift
[293/448] Compiling SwiftParser IncrementalParseTransition.swift
[294/448] Compiling SwiftParser IsValidIdentifier.swift
[295/448] Compiling SwiftJavaJNICore LockedState.swift
[296/448] Compiling SwiftJavaJNICore JavaType.swift
[297/448] Compiling SwiftJavaJNICore Mangling.swift
[298/448] Compiling SwiftBasicFormat SyntaxProtocol+Formatted.swift
[299/448] Compiling SwiftBasicFormat Syntax+Extensions.swift
[300/448] Compiling SwiftDiagnostics Note.swift
[301/448] Compiling Subprocess Output.swift
[305/448] Compiling SwiftDiagnostics Message.swift
[306/448] Compiling SwiftBasicFormat Trivia+FormatExtensions.swift
[307/448] Compiling Subprocess Teardown.swift
[308/448] Compiling Subprocess Span+SubprocessFoundation.swift
[309/448] Compiling SwiftDiagnostics Convenience.swift
[310/448] Emitting module SwiftDiagnostics
[311/448] Compiling SwiftParser Lexeme.swift
[312/448] Compiling SwiftParser LexemeSequence.swift
[313/448] Compiling SwiftParser Lexer.swift
[314/448] Compiling SwiftParser LoopProgressCondition.swift
[315/448] Compiling SwiftParser Modifiers.swift
[316/448] Compiling SwiftParser Names.swift
[317/448] Compiling Subprocess Subprocess+Unix.swift
[320/450] Compiling SwiftParser StringLiterals.swift
[321/450] Compiling SwiftParser SwiftParserCompatibility.swift
[322/450] Compiling SwiftParser Specifiers.swift
[323/450] Compiling SwiftParser Statements.swift
[324/450] Compiling SwiftParser StringLiteralRepresentedLiteralValue.swift
[325/450] Compiling SwiftParser Parser.swift
[326/450] Compiling SwiftParser Patterns.swift
[327/450] Compiling SwiftParser Recovery.swift
[328/450] Compiling SwiftDiagnostics FixIt.swift
[329/450] Compiling SwiftDiagnostics GroupedDiagnostics.swift
[331/450] Compiling SwiftParser ExpressionInterpretedAsVersionTuple.swift
[332/450] Compiling SwiftParser Expressions.swift
[333/450] Emitting module ArgumentParser
[334/450] Compiling SwiftBasicFormat InferIndentation.swift
[335/450] Compiling SwiftBasicFormat Indenter.swift
[336/450] Compiling ArgumentParser PositionalArgumentsValidator.swift
[337/450] Compiling ArgumentParser UniqueNamesValidator.swift
[338/450] Compiling SwiftDiagnostics DiagnosticDecorator.swift
[339/450] Compiling SwiftDiagnostics ANSIDiagnosticDecorator.swift
[340/450] Compiling SwiftDiagnostics Diagnostic.swift
[341/450] Compiling SwiftDiagnostics BasicDiagnosticDecorator.swift
[342/450] Compiling SwiftDiagnostics DiagnosticsFormatter.swift
[343/450] Emitting module SwiftJavaJNICore
[344/450] Compiling SwiftParser Types.swift
[345/450] Compiling SwiftParser ExperimentalFeatures.swift
[346/450] Compiling SwiftParser TokenConsumer.swift
[347/450] Compiling SwiftParser SwiftVersion.swift
[348/450] Compiling SwiftParser SyntaxUtils.swift
[349/450] Compiling SwiftParser TopLevel.swift
[350/450] Compiling SwiftParser CollectionNodes+Parsable.swift
[351/450] Compiling SwiftParser CompilerFiles.swift
[352/450] Compiling SwiftParser Declarations.swift
[353/450] Compiling SwiftParser Attributes.swift
[354/450] Compiling SwiftParser Availability.swift
[355/450] Compiling SwiftParser CharacterInfo.swift
[356/450] Emitting module SwiftJavaShared
[357/450] Compiling SwiftJavaShared TerminalColors.swift
[358/450] Compiling Subprocess Output+Foundation.swift
[359/450] Compiling SwiftParser Nominals.swift
[360/450] Compiling SwiftParser Parameters.swift
[361/450] Compiling SwiftParser ParseSourceFile.swift
[362/450] Compiling Subprocess Input+Foundation.swift
[372/450] Compiling SwiftParser TriviaParser.swift
[373/450] Compiling SwiftParser TokenSpec.swift
[374/450] Compiling SwiftParser TokenSpecSet.swift
[375/450] Compiling SwiftBasicFormat BasicFormat.swift
[376/450] Emitting module SwiftBasicFormat
[377/450] Compiling SwiftParser Parser+TokenSpecSet.swift
[378/450] Compiling SwiftParser TokenSpecStaticMembers.swift
[383/450] Compiling SwiftJavaConfigurationShared JExtractMemoryManagementMode.swift
[384/450] Compiling SwiftJavaConfigurationShared JExtractGenerationMode.swift
[385/450] Compiling SwiftJavaConfigurationShared JExtractAsyncFuncMode.swift
[386/450] Compiling SwiftJavaConfigurationShared GradleDependencyParsing.swift
[397/450] Emitting module SwiftJavaConfigurationShared
[398/450] Compiling SwiftJavaConfigurationShared Configuration.swift
[399/450] Compiling SwiftParser RegexLiteralLexer.swift
[400/450] Compiling SwiftParser UnicodeScalarExtensions.swift
[401/450] Compiling SwiftParser Lookahead.swift
[402/450] Compiling Subprocess Subprocess+BSD.swift
[403/450] Compiling Subprocess Subprocess+Darwin.swift
[423/455] Compiling SwiftJavaJNICore SwiftJavaJNICore.swift
[424/455] Compiling SwiftJavaJNICore JavaVirtualMachine.swift
[431/455] Emitting module SwiftParser
[438/455] Compiling CodePrinting CodePrinter.swift
[439/455] Emitting module CodePrinting
[440/455] Compiling CodePrinting CodePrinter+Java.swift
[441/455] Compiling CodePrinting CodePrinter+Swift.swift
[442/455] Compiling CodePrinting CodePrinterLanguage.swift
[445/480] Compiling Subprocess Thread.swift
[446/480] Emitting module Subprocess
[451/480] Compiling SwiftParserDiagnostics TokenNameForDiagnostics.swift
[452/480] Compiling SwiftParserDiagnostics SyntaxKindNameForDiagnostics.swift
[453/480] Compiling SwiftOperators SyntaxSynthesis.swift
[454/480] Compiling SwiftOperators PrecedenceGroup.swift
[455/480] Compiling SwiftOperators PrecedenceGraph.swift
[456/480] Compiling SwiftOperators OperatorTable.swift
[457/480] Compiling SwiftOperators OperatorTable+Semantics.swift
[458/480] Compiling SwiftOperators OperatorError.swift
[459/480] Compiling SwiftOperators OperatorError+Diagnostics.swift
[460/480] Compiling SwiftOperators OperatorTable+Defaults.swift
[461/480] Emitting module SwiftOperators
[462/480] Compiling SwiftOperators Operator.swift
[463/480] Compiling SwiftOperators OperatorTable+Folding.swift
[464/480] Compiling SwiftParserDiagnostics ChildNameForDiagnostics.swift
[465/480] Compiling SwiftParserDiagnostics ParserDiagnosticMessages.swift
[466/480] Compiling SwiftParserDiagnostics PresenceUtils.swift
[467/480] Compiling SwiftParserDiagnostics SyntaxExtensions.swift
[468/480] Compiling SwiftParserDiagnostics Utils.swift
[469/480] Compiling SwiftParserDiagnostics MultiLineStringLiteralDiagnosticsGenerator.swift
[470/480] Compiling SwiftParserDiagnostics MissingNodesError.swift
[471/480] Compiling SwiftParserDiagnostics MissingTokenError.swift
[472/480] Emitting module SwiftParserDiagnostics
[473/480] Compiling SwiftParserDiagnostics DiagnosticExtensions.swift
[474/480] Compiling SwiftParserDiagnostics ParseDiagnosticsGenerator.swift
[475/480] Compiling SwiftParserDiagnostics LexerDiagnosticMessages.swift
[476/496] Compiling SwiftSyntaxBuilder SyntaxNodeWithBody.swift
[477/496] Compiling SwiftSyntaxBuilder RenamedChildrenBuilderCompatibility.swift
[478/496] Compiling SwiftSyntaxBuilder ValidatingSyntaxNodes.swift
[479/496] Compiling SwiftSyntaxBuilder BuildableNodes.swift
[480/496] Compiling SwiftSyntaxBuilder ListBuilder.swift
[481/496] Compiling SwiftSyntaxBuilder SwiftSyntaxBuilderCompatibility.swift
[482/496] Compiling SwiftSyntaxBuilder ResultBuilderExtensions.swift
[483/496] Compiling SwiftSyntaxBuilder ConvenienceInitializers.swift
[484/496] Compiling SwiftSyntaxBuilder SyntaxParsable+ExpressibleByStringInterpolation.swift
[485/496] Compiling SwiftSyntaxBuilder Syntax+StringInterpolation.swift
[486/496] Compiling SwiftSyntaxBuilder WithTrailingCommaSyntax+EnsuringTrailingComma.swift
[487/496] Compiling SwiftSyntaxBuilder SyntaxExpressibleByStringInterpolationConformances.swift
[488/496] Compiling SwiftSyntaxBuilder Indenter.swift
[489/496] Emitting module SwiftSyntaxBuilder
[490/496] Compiling SwiftSyntaxBuilder DeclSyntaxParseable.swift
[491/496] Compiling SwiftSyntaxBuilder ResultBuilders.swift
[492/512] Compiling SwiftIfConfig VersionTuple+Parsing.swift
[493/512] Compiling SwiftIfConfig VersionTuple.swift
[494/512] Compiling SwiftIfConfig SyntaxProtocol+IfConfig.swift
[495/512] Compiling SwiftIfConfig StaticBuildConfiguration.swift
[496/512] Compiling SwiftIfConfig SyntaxLiteralUtils.swift
[497/512] Compiling SwiftIfConfig IfConfigFunctions.swift
[498/512] Compiling SwiftIfConfig IfConfigDecl+IfConfig.swift
[499/512] Compiling SwiftIfConfig IfConfigDiagnostic.swift
[500/512] Compiling SwiftIfConfig ActiveSyntaxRewriter.swift
[501/512] Compiling SwiftIfConfig BuildConfiguration.swift
[502/512] Compiling SwiftIfConfig ActiveSyntaxVisitor.swift
[503/512] Compiling SwiftIfConfig IfConfigRegionState.swift
[504/512] Compiling SwiftIfConfig ConfiguredRegions.swift
[505/512] Compiling SwiftIfConfig ActiveClauseEvaluator.swift
[506/512] Compiling SwiftIfConfig IfConfigEvaluation.swift
[507/512] Emitting module SwiftIfConfig
[508/546] Compiling SwiftSyntaxMacros DeclarationMacro.swift
[509/546] Compiling SwiftSyntaxMacros MemberMacro.swift
[510/546] Compiling SwiftSyntaxMacros BodyMacro.swift
[511/546] Compiling SwiftSyntaxMacros FreestandingMacro.swift
[512/546] Compiling SwiftSyntaxMacros MemberAttributeMacro.swift
[513/546] Compiling SwiftSyntaxMacros CodeItemMacro.swift
[514/546] Compiling SwiftSyntaxMacros ExpressionMacro.swift
[515/546] Compiling SwiftSyntaxMacros ExtensionMacro.swift
[516/546] Compiling SwiftSyntaxMacros Macro.swift
[517/546] Compiling SwiftSyntaxMacros Macro+Format.swift
[518/546] Compiling SwiftSyntaxMacros PeerMacro.swift
[519/546] Compiling SwiftSyntaxMacros PreambleMacro.swift
[520/547] Compiling SwiftSyntaxMacros AccessorMacro.swift
[521/547] Compiling SwiftSyntaxMacros AttachedMacro.swift
[522/547] Compiling SwiftSyntaxMacros MacroExpansionDiagnosticMessages.swift
[523/547] Compiling SwiftSyntaxMacros AbstractSourceLocation.swift
[524/547] Compiling SwiftSyntaxMacros MacroExpansionContext.swift
[525/547] Emitting module SwiftSyntaxMacros
[526/547] Compiling SwiftSyntaxMacros Syntax+LexicalContext.swift
[527/557] Compiling SwiftLexicalLookup WithGenericParametersScopeSyntax.swift
[528/557] Compiling SwiftLexicalLookup SimpleLookupQueries.swift
[529/557] Compiling SwiftLexicalLookup IntroducingToSequentialParentScopeSyntax.swift
[530/557] Compiling SwiftLexicalLookup NominalTypeDeclSyntax.swift
[531/557] Compiling SwiftLexicalLookup SequentialScopeSyntax.swift
[532/557] Compiling SwiftLexicalLookup LookInMembersScopeSyntax.swift
[533/557] Compiling SwiftLexicalLookup GenericParameterScopeSyntax.swift
[534/557] Compiling SwiftLexicalLookup FunctionScopeSyntax.swift
[535/557] Compiling SwiftLexicalLookup LookupConfig.swift
[536/557] Compiling SwiftLexicalLookup CanInterleaveResultsLaterScopeSyntax.swift
[537/557] Compiling SwiftLexicalLookup LookupResult.swift
[538/557] Compiling SwiftLexicalLookup LookupName.swift
[539/557] Compiling SwiftLexicalLookup IdentifiableSyntax.swift
[540/557] Emitting module SwiftLexicalLookup
[541/557] Compiling SwiftLexicalLookup ScopeImplementations.swift
[542/557] Compiling SwiftLexicalLookup ScopeSyntax.swift
[543/594] Compiling SwiftSyntaxMacroExpansion MacroSystem.swift
[544/594] Compiling SwiftSyntaxMacroExpansion FunctionParameterUtils.swift
[545/594] Compiling SwiftSyntaxMacroExpansion IndentationUtils.swift
[546/594] Compiling SwiftSyntaxMacroExpansion MacroExpansion.swift
[547/594] Compiling SwiftSyntaxMacroExpansion MacroArgument.swift
[548/594] Compiling SwiftSyntaxMacroExpansion MacroSpec.swift
[549/594] Compiling SwiftSyntaxMacroExpansion MacroReplacement.swift
[550/594] Compiling SwiftSyntaxMacroExpansion MacroExpansionDiagnosticMessages.swift
[551/594] Compiling SwiftSyntaxMacroExpansion BasicMacroExpansionContext.swift
[552/594] Emitting module SwiftSyntaxMacroExpansion
[553/607] Compiling SwiftCompilerPluginMessageHandling StandardIOMessageConnection.swift
[554/607] Compiling SwiftCompilerPluginMessageHandling PluginMessageCompatibility.swift
[555/607] Compiling SwiftCompilerPluginMessageHandling LRUCache.swift
[556/607] Compiling SwiftCompilerPluginMessageHandling PluginMacroExpansionContext.swift
[557/607] Compiling SwiftCompilerPluginMessageHandling Macros.swift
[558/607] Compiling SwiftCompilerPluginMessageHandling JSONEncoding.swift
[559/607] Compiling SwiftCompilerPluginMessageHandling JSONDecoding.swift
[560/607] Compiling SwiftCompilerPluginMessageHandling JSON.swift
[561/607] Compiling SwiftCompilerPluginMessageHandling CodingUtilities.swift
[562/607] Compiling SwiftCompilerPluginMessageHandling Diagnostics.swift
[563/607] Compiling SwiftCompilerPluginMessageHandling CompilerPluginMessageHandler.swift
[564/607] Emitting module SwiftCompilerPluginMessageHandling
[565/607] Compiling SwiftCompilerPluginMessageHandling PluginMessages.swift
[566/609] Emitting module SwiftCompilerPlugin
[567/609] Compiling SwiftCompilerPlugin CompilerPlugin.swift
[568/619] Compiling SwiftExtract SwiftFunctionType.swift
[569/619] Compiling SwiftExtract SwiftKnownModules.swift
[570/621] Compiling SwiftJavaMacros MacroErrors.swift
[571/621] Compiling SwiftJavaMacros SwiftSyntaxUtils.swift
[572/621] Compiling SwiftJavaMacros JavaFieldMacro.swift
[573/621] Compiling SwiftJavaMacros SwiftJNIMacrosPlugin.swift
[574/621] Compiling SwiftJavaMacros JavaMethodMacro.swift
[575/621] Emitting module SwiftExtract
[576/621] Compiling SwiftJavaMacros JavaClassMacro.swift
[577/621] Compiling SwiftJavaMacros GenerationMode.swift
[578/621] Emitting module SwiftJavaMacros
[579/621] Compiling SwiftJavaMacros JavaExportMacro.swift
[580/621] Compiling SwiftJavaMacros ImplementsJavaMacro.swift
[580/621] Write Objects.LinkFileList
[582/621] Compiling SwiftExtract SwiftAnalyzer.swift
[583/621] Compiling SwiftExtract SwiftExtractConfiguration.swift
[584/621] Compiling SwiftExtract SwiftKnownTypeDecls.swift
[585/621] Compiling SwiftExtract SwiftKnownTypes.swift
[586/621] Compiling SwiftExtract Logger.swift
[587/621] Compiling SwiftExtract SourceDependencies.swift
[588/621] Compiling SwiftExtract AnalysisResult.swift
[589/621] Compiling SwiftExtract Collection+Extensions.swift
[590/621] Compiling SwiftExtract String+Extensions.swift
[591/621] Compiling SwiftExtract SwiftTypeLookupContext.swift
[592/621] Compiling SwiftExtract resource_bundle_accessor.swift
[593/621] Compiling SwiftExtract SwiftType+GenericTypes.swift
[594/621] Compiling SwiftExtract SwiftType.swift
[595/621] Compiling SwiftExtract SwiftQualifiedTypeName.swift
[596/621] Compiling SwiftExtract SwiftResult.swift
[597/621] Compiling SwiftExtract SwiftAnalysisVisitor.swift
[598/621] Compiling SwiftExtract SwiftAnalyzer+Foundation.swift
[599/621] Compiling SwiftExtract SwiftParameter.swift
[600/621] Compiling SwiftExtract SwiftParsedModuleSymbolTableBuilder.swift
[601/621] Compiling SwiftExtract ExtractedDecls+Attributes.swift
[602/621] Compiling SwiftExtract ExtractedDecls.swift
[603/621] Compiling SwiftExtract SwiftDependencyScanner.swift
[604/621] Compiling SwiftExtract SwiftEffectSpecifier.swift
[605/621] Compiling SwiftExtract SwiftSymbolTable.swift
[606/621] Compiling SwiftExtract SwiftSyntheticTypes.swift
[607/621] Compiling SwiftExtract SwiftModuleSymbolTable.swift
[608/621] Compiling SwiftExtract SwiftNominalTypeDeclaration.swift
[609/621] Compiling SwiftExtract SwiftSyntax+Extensions.swift
[610/621] Compiling SwiftExtract CrossModuleExtensions.swift
[611/621] Compiling SwiftExtract ExtractDecider.swift
[612/621] Compiling SwiftExtract SwiftEnumCaseParameter.swift
[613/621] Compiling SwiftExtract SwiftFunctionSignature.swift
[614/621] Compiling SwiftExtract SwiftExtractDefaultBuildConfiguration.swift
[615/621] Compiling SwiftExtract SwiftExtractDiagnostics.swift
[616/621] Compiling SwiftExtract SwiftFileFilter.swift
[617/621] Compiling SwiftExtract ExtractedSwiftModule.swift
[618/674] Compiling JExtractSwiftLib CEnum.swift
[619/674] Compiling JExtractSwiftLib CFunction.swift
[620/674] Compiling JExtractSwiftLib CParameter.swift
[621/674] Compiling JExtractSwiftLib CStruct.swift
[622/674] Compiling JExtractSwiftLib JavaSourceDependencies.swift
[623/674] Compiling JExtractSwiftLib JavaType+Collections.swift
[624/674] Compiling JExtractSwiftLib JavaType+Exceptions.swift
[625/677] Compiling JExtractSwiftLib CTag.swift
[626/677] Compiling JExtractSwiftLib CType.swift
[627/677] Compiling JExtractSwiftLib CUnion.swift
[628/677] Compiling JExtractSwiftLib ForeignValueLayouts.swift
[629/677] Compiling JExtractSwiftLib JNICaching.swift
[630/677] Compiling JExtractSwiftLib JNIJavaTypeTranslator.swift
[631/677] Compiling JExtractSwiftLib JavaTypeAnnotations.swift
[632/677] Compiling JExtractSwiftLib Configuration+SwiftExtract.swift
[633/677] Compiling JExtractSwiftLib JavaType+Extensions.swift
[633/677] Linking SwiftJavaMacros-tool
[635/677] Compiling JExtractSwiftLib SymbolTable+Printing.swift
[636/677] Compiling JExtractSwiftLib ThunkNameRegistry.swift
[637/677] Compiling JExtractSwiftLib TranslatedDocumentation.swift
[638/752] Compiling SwiftJava JavaVoid.swift
[639/752] Compiling SwiftJava List.swift
[640/752] Compiling SwiftJava ListIterator.swift
[641/752] Emitting module JExtractSwiftLib
[642/752] Compiling SwiftJava Path.swift
[643/752] Compiling SwiftJava PrintWriter.swift
[644/752] Compiling SwiftJava Readable.swift
[645/752] Compiling SwiftJava AndroidSupport.swift
[646/752] Compiling SwiftJava AnyJavaObject.swift
[647/752] Compiling SwiftJava JavaBoxing.swift
[648/752] Compiling SwiftJava JavaInteger.swift
[649/752] Compiling SwiftJava JavaIterator.swift
[650/752] Compiling SwiftJava OutputStream.swift
[651/752] Compiling SwiftJava Macros.swift
[652/752] Compiling SwiftJava JavaError.swift
[653/752] Compiling SwiftJava JavaFloat.swift
[654/752] Compiling SwiftJava JavaValue+Dictionary.swift
[655/752] Compiling SwiftJava JavaValue+Set.swift
[656/752] Compiling SwiftJava JavaURL.swift
[657/752] Compiling SwiftJava JavaBoolean.swift
[658/752] Compiling SwiftJava JavaByte.swift
[659/752] Compiling SwiftJava JavaCharacter.swift
[660/752] Compiling SwiftJava JavaString+Extensions.swift
[661/752] Compiling SwiftJava JavaValue+LocalRef.swift
[662/752] Compiling SwiftJava KnownJavaVMOptions.swift
[663/752] Compiling SwiftJava JavaClass.swift
[664/752] Compiling SwiftJava ExceptionHandling.swift
[665/752] Compiling SwiftJava Throwable+Error.swift
[666/752] Compiling SwiftJava JavaObject+Inheritance.swift
[667/752] Compiling SwiftJava JavaObject+MethodCalls.swift
[668/752] Compiling SwiftJava JavaOptional.swift
[669/752] Compiling SwiftJava JNI.swift
[670/752] Compiling SwiftJava JavaClass+CustomStringConvertible.swift
[671/752] Compiling SwiftJava JavaClass+Initialization.swift
[672/752] Compiling SwiftJava ByteBuffer.swift
[673/752] Compiling SwiftJava CharSequence.swift
[674/752] Compiling SwiftJava JavaObjectHolder.swift
[686/756] Compiling SwiftJava JavaOptionalDouble.swift
[687/756] Compiling SwiftJava JavaOptionalInt.swift
[688/756] Compiling SwiftJava JavaOptionalLong.swift
[689/756] Compiling SwiftJava Optional+JavaObject.swift
[690/756] Compiling SwiftJava Optional+JavaOptional.swift
[691/756] Compiling SwiftJava String+Extensions.swift
[692/756] Compiling SwiftJava SwiftJavaConversionError.swift
[693/756] Compiling SwiftJava SwiftObjects.swift
[694/756] Compiling SwiftJava Charset.swift
[695/756] Compiling SwiftJava Closeable.swift
[696/756] Compiling SwiftJava Enumeration.swift
[697/756] Compiling SwiftJava Exception.swift
[698/756] Compiling SwiftJava RuntimeException.swift
[699/756] Compiling SwiftJava StringWriter.swift
[700/756] Compiling SwiftJava Throwable.swift
[701/756] Compiling SwiftJava Writer.swift
[702/756] Compiling SwiftJava File.swift
[703/756] Compiling SwiftJava Flushable.swift
[704/756] Compiling SwiftJava InputStream.swift
[705/756] Compiling SwiftJava JavaArray.swift
[710/756] Compiling SwiftJava JobjectBridge.swift
[711/756] Compiling SwiftJava SwiftDictionaryMap+JNI.swift
[712/756] Compiling SwiftJava SwiftSet+JNI.swift
[713/756] Compiling SwiftJava CSwiftJavaJNI+Reexport.swift
[714/756] Compiling SwiftJava Exception+Error.swift
[715/756] Compiling SwiftJava SwiftPlatform.swift
[716/756] Compiling SwiftJava Appendable.swift
[719/756] Compiling SwiftJava JavaClassLoader.swift
[720/756] Compiling SwiftJava JavaCollection.swift
[721/756] Compiling SwiftJava JavaDouble.swift
[722/756] Compiling SwiftJava JavaEnum.swift
[723/756] Compiling SwiftJava Enumeration+Sequence.swift
[724/756] Compiling SwiftJava JavaIterator+Iterator.swift
[725/756] Compiling SwiftJava List+Sequence.swift
[741/756] Compiling SwiftJava JavaLong.swift
[742/756] Compiling SwiftJava JavaMap.swift
[743/756] Compiling SwiftJava JavaNumber.swift
[744/756] Compiling SwiftJava JavaObject.swift
[745/756] Emitting module SwiftJava
[746/756] Compiling SwiftJava JavaSet.swift
[747/756] Compiling SwiftJava JavaShort.swift
[748/756] Compiling SwiftJava JavaString.swift
[749/756] Compiling SwiftJava JavaThread.swift
[754/770] Compiling JavaUtil RandomAccess.swift
[755/770] Compiling JavaUtil PriorityQueue.swift
[756/770] Compiling JavaUtil Queue.swift
[757/770] Compiling JavaUtil TreeSet.swift
[758/770] Compiling JavaUtil Stack.swift
[759/770] Compiling JavaUtil TreeMap.swift
[760/770] Compiling JavaUtil BitSet.swift
[761/770] Compiling JavaUtil ArrayList.swift
[762/770] Emitting module JavaUtil
[763/770] Compiling JavaUtil ArrayDeque.swift
[764/770] Compiling JavaUtil JavaDictionary.swift
[765/770] Compiling JavaUtil HashSet.swift
[766/770] Compiling JavaUtil LinkedList.swift
[767/770] Compiling JavaUtil HashMap.swift
[768/812] Compiling JavaLangReflect JavaClass+Reflection.swift
[769/812] Compiling JavaLangReflect Method+Utilities.swift
[770/813] Compiling JavaLangReflect ParameterizedType.swift
[771/813] Compiling JavaLangReflect Constructor+Utilities.swift
[772/813] Compiling JavaLangReflect Executable+Utilities.swift
[773/813] Compiling JavaLangReflect Field+Utilities.swift
[774/813] Compiling JavaLangReflect HasJavaModifiers.swift
[775/813] Compiling JavaLangReflect GenericArrayType.swift
[776/813] Compiling JavaLangReflect WildcardType.swift
[777/813] Compiling JavaUtilJar Manifest.swift
[778/813] Compiling JavaUtilJar ZipEntry.swift
[779/813] Compiling JavaLangReflect Type.swift
[780/813] Compiling JavaLangReflect TypeVariable.swift
[781/813] Compiling JavaLangReflect ParameterizedType+Extensions.swift
[782/813] Compiling JavaLangReflect Type+Extensions.swift
[783/813] Compiling JavaLangReflect TypeVariable+Extensions.swift
[784/813] Compiling JavaLangReflect AccessibleObject.swift
[785/813] Compiling JavaLangReflect Parameter.swift
[786/813] Emitting module JavaLangReflect
[787/813] Compiling JavaUtilJar JarOutputStream.swift
[788/813] Compiling JavaUtilJar JarInputStream.swift
[789/813] Compiling JavaUtilJar JarEntry.swift
[790/813] Emitting module JavaUtilJar
[791/813] Compiling JavaUtilJar JarFile.swift
[792/813] Compiling JavaUtilJar Attributes.swift
[793/813] Compiling JavaLangReflect Field.swift
[794/813] Compiling JavaLangReflect Executable.swift
[795/813] Compiling JavaLangReflect JavaClass+Extensions.swift
[796/813] Compiling JavaLangReflect GenericDeclaration.swift
[797/813] Compiling JavaLangReflect Method.swift
[798/813] Compiling JavaNet URLClassLoader.swift
[799/813] Compiling JavaNet URI.swift
[800/813] Compiling JavaNet Path+Extensions.swift
[801/813] Compiling JavaNet JavaURL+Extensions.swift
[802/813] Compiling JavaNet HttpURLConnection.swift
[803/813] Emitting module JavaNet
[804/813] Compiling JavaNet File+Extensions.swift
[805/813] Compiling JavaNet JavaURL+URIConversions.swift
[806/813] Compiling JavaNet URLConnection.swift
[807/813] Compiling JavaLangReflect AnnotatedType.swift
[808/813] Compiling JavaLangReflect Annotation.swift
[809/813] Compiling JavaLangReflect Array.swift
[810/813] Compiling JavaLangReflect Constructor.swift
[811/837] Compiling SwiftJavaToolLib SwiftVersion.swift
[812/838] Compiling SwiftJavaToolLib StringExtras.swift
[813/838] Compiling SwiftJavaToolLib OptionalKind.swift
[814/838] Compiling SwiftJavaToolLib TranslationError.swift
[815/838] Compiling SwiftJavaToolLib JavaRuntimeInvisibleAnnotations.swift
[816/838] Compiling SwiftJavaToolLib JVMDescriptors.swift
[817/838] Compiling SwiftJavaToolLib JavaMember+Sorting.swift
[818/838] Compiling SwiftJavaToolLib AndroidAPILevel.swift
[819/838] Compiling SwiftJavaToolLib AndroidAPIVersions.swift
[820/838] Compiling SwiftJavaToolLib AndroidAPIVersionsParser.swift
[821/838] Compiling SwiftJavaToolLib JavaClassFileReader.swift
[822/838] Compiling SwiftJavaToolLib JavaConstantPool.swift
[823/838] Compiling SwiftJavaToolLib JavaRuntimeInvisibleAnnotation.swift
[824/838] Compiling SwiftJavaToolLib JavaType+Equality.swift
[825/838] Compiling SwiftJavaToolLib KnownJavaAnnotation.swift
[826/838] Compiling SwiftJavaToolLib JavaGenericsSupport.swift
[827/838] Compiling SwiftJavaToolLib JavaHomeSupport.swift
[828/838] Compiling SwiftJavaToolLib JavaParameterizedType.swift
[829/838] Compiling SwiftJavaToolLib JavaTranslator.swift
[830/838] Compiling SwiftJavaToolLib JavaTranslator+Validation.swift
[831/838] Compiling SwiftJavaToolLib MethodVariance.swift
[832/838] Emitting module SwiftJavaToolLib
[833/838] Compiling SwiftJavaToolLib JavaTranslator+Configuration.swift
[834/838] Compiling SwiftJavaToolLib JavaClassTranslator.swift
[835/838] Compiling SwiftJavaToolLib JavaDependencyResolver.swift
[836/849] Compiling swift_java ExcludedJDKTypes.swift
[837/849] Compiling swift_java SwiftJavaBaseAsyncParsableCommand.swift
[838/849] Compiling swift_java SwiftJava.swift
[839/849] Compiling swift_java JavaClassLoader.swift
[840/849] Compiling swift_java CommonOptions.swift
[841/849] Compiling swift_java ResolveCommand.swift
[842/849] Compiling swift_java JavaCallbacksBuildCommand.swift
[843/849] Compiling swift_java ConfigureCommand.swift
[844/849] Compiling swift_java JExtractCommand.swift
[845/849] Emitting module swift_java
[846/849] Compiling swift_java WrapJavaCommand.swift
[846/849] Write Objects.LinkFileList
[847/849] Linking swift-java-tool
[848/849] Applying swift-java-tool
[849/854] Write StaticBuildConfigPluginExecutable-tool-entitlement.plist
[850/855] Write sources
[851/855] Write swift-version-43AF9A9ED32E53B.txt
[853/857] Emitting module StaticBuildConfigPluginExecutable
[854/857] Compiling StaticBuildConfigPluginExecutable StaticBuildConfigPluginExecutable.swift
[854/857] Write Objects.LinkFileList
[855/857] Linking StaticBuildConfigPluginExecutable-tool
[856/857] Applying StaticBuildConfigPluginExecutable-tool
Building for debugging...
[0/67] Write sources
[29/67] Copying dummy.json
[29/67] Write sources
[48/67] Compiling CSwiftJavaJNI dummy.c
[50/67] Compiling CSystem shims.c
[51/67] Compiling _SwiftSyntaxCShims PlatformMutex.c
[52/67] Write swift-version-43AF9A9ED32E53B.txt
[53/67] Compiling _SubprocessCShims process_shims.c
[55/145] Compiling SwiftJavaJNICore SwiftJavaJNICore.swift
[56/145] Compiling SwiftUICore ControlStyles.swift
[57/145] Compiling SwiftUICore InteractionModifiers.swift
[58/146] Compiling SwiftJavaJNICore JavaType+JNI.swift
[59/146] Compiling SwiftJavaJNICore JavaValue.swift
[60/146] Compiling SwiftJavaJNICore MethodSignature.swift
[61/146] Compiling SwiftJavaJNICore JavaEnvironment.swift
[62/146] Compiling SwiftJavaJNICore JavaExceptionType.swift
[63/146] Compiling SwiftJavaJNICore JavaType.swift
[64/146] Compiling SwiftJavaJNICore JavaType+SwiftNames.swift
[65/146] Compiling SwiftJavaJNICore JavaType+JavaSource.swift
[66/146] Compiling SwiftJavaJNICore ThreadLocalStorage.swift
[67/146] Compiling SwiftJavaJNICore Mangling.swift
[68/146] Compiling SwiftUICore Grids.swift
[69/146] Compiling SwiftUICore List.swift
[70/146] Compiling SwiftJavaJNICore LockedState.swift
[71/146] Compiling SwiftJavaJNICore JavaVirtualMachine.swift
[72/146] Compiling SwiftUICore FocusState.swift
[73/146] Compiling SwiftUICore Gesture.swift
[74/146] Emitting module SwiftJavaJNICore
[75/146] Compiling SwiftUICore Accessibility.swift
[76/146] Compiling SwiftUICore AppearanceModifiers.swift
[77/146] Compiling SwiftUICore KeyboardModifiers.swift
[78/146] Compiling SwiftUICore Modifiers.swift
[78/146] Write Objects.LinkFileList
[80/146] Linking StaticBuildConfigPluginExecutable-tool
[82/146] Compiling SwiftUICore Map.swift
[83/146] Compiling SwiftUICore Menu.swift
[84/146] Compiling SwiftUICore Overlay.swift
[85/149] Emitting module SwiftUICore
[86/149] Compiling SwiftUICore SubtreeAnchors.swift
[87/149] Compiling SwiftUICore TabView.swift
[88/149] Compiling SwiftUICore Toolbar.swift
[89/149] Compiling SwiftUICore Views.swift
[90/149] Compiling SwiftUICore RenderNode.swift
[91/149] Compiling SwiftUICore State.swift
[92/149] Compiling SwiftUICore Text.swift
[93/149] Compiling SwiftUICore Transition.swift
[94/149] Compiling SwiftUICore VideoPlayer.swift
[95/149] Compiling SwiftUICore Form.swift
[96/149] Compiling SwiftUICore GeometryReader.swift
[97/149] Compiling SwiftUICore Gradient.swift
[98/149] Compiling SwiftUICore Presentation.swift
[99/149] Compiling SwiftUICore AsyncImage.swift
[100/149] Compiling SwiftUICore Button.swift
[100/149] Linking SwiftJavaMacros-tool
[101/149] Run -print-static-build-config
[102/149] Copying static-build-config.json
[104/149] Compiling SwiftUICore Picker.swift
[105/149] Compiling SwiftUICore Popover.swift
[106/149] Compiling SwiftUICore ProgressView.swift
[107/149] Compiling SwiftUICore Shapes.swift
[108/149] Compiling SwiftUICore Stacks.swift
[109/149] Compiling SwiftUICore Stepper.swift
[110/167] Compiling SwiftUICore View.swift
[111/167] Compiling SwiftUICore ViewBuilder.swift
[112/167] Compiling SwiftUICore ViewHost.swift
[113/277] Compiling SwiftJava JavaValue+Dictionary.swift
[114/277] Compiling SwiftJava JavaValue+Set.swift
[115/277] Compiling SwiftJava JobjectBridge.swift
[116/277] Compiling SwiftJava AndroidSupport.swift
[117/277] Compiling SwiftJava AnyJavaObject.swift
[118/277] Compiling SwiftJava JavaBoxing.swift
[119/290] Compiling SwiftJava JavaMap.swift
[120/290] Compiling SwiftJava JavaNumber.swift
[121/290] Compiling SwiftJava JavaObject.swift
[122/290] Compiling SwiftJava CharSequence.swift
[123/290] Compiling SwiftJava Charset.swift
[124/290] Compiling SwiftJava Closeable.swift
[125/295] Compiling SwiftJava JavaObject+Inheritance.swift
[126/295] Compiling SwiftJava JavaObject+MethodCalls.swift
[127/295] Compiling SwiftJava Optional+JavaObject.swift
[128/297] Compiling SwiftJava JNI.swift
[129/297] Compiling SwiftJava JavaClass+CustomStringConvertible.swift
[130/297] Compiling SwiftJava JavaClass+Initialization.swift
[131/299] Compiling SwiftJava JavaObjectHolder.swift
[132/299] Compiling SwiftJava JavaString+Extensions.swift
[133/299] Compiling SwiftJava JavaValue+LocalRef.swift
[134/299] Compiling SwiftJava KnownJavaVMOptions.swift
[135/299] Compiling SwiftJava SwiftDictionaryMap+JNI.swift
/Users/mac/SwiftKey/AndroidSwiftUI/SwiftUICore/Sources/SwiftUICore/List.swift:48:17: warning: variable 'rowContext' was never mutated; consider changing to 'let' constant
46 |             let element = elements[index]
47 |             let key = "#\(identityString(keyFor(element)))"
48 |             var rowContext = ResolveContext(
   |                 `- warning: variable 'rowContext' was never mutated; consider changing to 'let' constant
49 |                 storage: storage,
50 |                 callbacks: callbacks,
[136/299] Compiling SwiftJava SwiftSet+JNI.swift
/Users/mac/SwiftKey/AndroidSwiftUI/SwiftUICore/Sources/SwiftUICore/List.swift:48:17: warning: variable 'rowContext' was never mutated; consider changing to 'let' constant
46 |             let element = elements[index]
47 |             let key = "#\(identityString(keyFor(element)))"
48 |             var rowContext = ResolveContext(
   |                 `- warning: variable 'rowContext' was never mutated; consider changing to 'let' constant
49 |                 storage: storage,
50 |                 callbacks: callbacks,
[137/299] Compiling SwiftJava CSwiftJavaJNI+Reexport.swift
/Users/mac/SwiftKey/AndroidSwiftUI/SwiftUICore/Sources/SwiftUICore/List.swift:48:17: warning: variable 'rowContext' was never mutated; consider changing to 'let' constant
46 |             let element = elements[index]
47 |             let key = "#\(identityString(keyFor(element)))"
48 |             var rowContext = ResolveContext(
   |                 `- warning: variable 'rowContext' was never mutated; consider changing to 'let' constant
49 |                 storage: storage,
50 |                 callbacks: callbacks,
[138/299] Compiling SwiftJava Exception+Error.swift
/Users/mac/SwiftKey/AndroidSwiftUI/SwiftUICore/Sources/SwiftUICore/List.swift:48:17: warning: variable 'rowContext' was never mutated; consider changing to 'let' constant
46 |             let element = elements[index]
47 |             let key = "#\(identityString(keyFor(element)))"
48 |             var rowContext = ResolveContext(
   |                 `- warning: variable 'rowContext' was never mutated; consider changing to 'let' constant
49 |                 storage: storage,
50 |                 callbacks: callbacks,
[139/299] Compiling SwiftJava Optional+JavaOptional.swift
[140/299] Compiling SwiftJava String+Extensions.swift
[141/299] Compiling SwiftJava SwiftJavaConversionError.swift
[142/299] Compiling SwiftJava SwiftObjects.swift
[143/299] Compiling SwiftJava Enumeration+Sequence.swift
[144/299] Compiling SwiftJava JavaIterator+Iterator.swift
[145/299] Compiling SwiftJava List+Sequence.swift
[155/303] Compiling SwiftJava Enumeration.swift
[156/303] Compiling SwiftJava Exception.swift
[172/307] Compiling SwiftJava RuntimeException.swift
[173/307] Compiling SwiftJava StringWriter.swift
[174/307] Compiling SwiftJava Throwable.swift
[175/307] Compiling SwiftJava Writer.swift
[176/307] Compiling SwiftJava JavaOptional.swift
[177/307] Compiling SwiftJava JavaOptionalDouble.swift
[178/307] Compiling SwiftJava JavaOptionalInt.swift
[179/307] Compiling SwiftJava JavaOptionalLong.swift
[180/307] Compiling SwiftJava File.swift
[181/307] Compiling SwiftJava Flushable.swift
[182/307] Compiling SwiftJava InputStream.swift
[183/307] Compiling SwiftJava JavaArray.swift
[188/307] Compiling SwiftJava Macros.swift
[189/307] Compiling SwiftJava ExceptionHandling.swift
[190/307] Compiling SwiftJava Throwable+Error.swift
[203/307] Compiling SwiftJava SwiftPlatform.swift
[204/307] Compiling SwiftJava Appendable.swift
[205/307] Compiling SwiftJava ByteBuffer.swift
[207/307] Compiling SwiftJava JavaSet.swift
[208/307] Compiling SwiftJava JavaShort.swift
[209/307] Compiling SwiftJava JavaString.swift
[210/307] Compiling SwiftJava JavaThread.swift
[211/307] Compiling SwiftJava JavaInteger.swift
[212/307] Compiling SwiftJava JavaIterator.swift
[216/307] Compiling SwiftJava JavaDouble.swift
[217/307] Compiling SwiftJava JavaEnum.swift
[218/307] Compiling SwiftJava JavaError.swift
[219/307] Compiling SwiftJava JavaFloat.swift
[220/307] Compiling SwiftJava OutputStream.swift
[221/307] Compiling SwiftJava Path.swift
[222/307] Compiling SwiftJava PrintWriter.swift
[223/307] Compiling SwiftJava Readable.swift
[224/307] Compiling SwiftJava JavaURL.swift
[225/307] Compiling SwiftJava JavaVoid.swift
[226/307] Compiling SwiftJava List.swift
[227/307] Compiling SwiftJava ListIterator.swift
[228/307] Compiling SwiftJava JavaClassLoader.swift
[229/307] Compiling SwiftJava JavaCollection.swift
[245/307] Emitting module SwiftJava
[246/307] Compiling SwiftJava JavaLong.swift
[250/307] Emitting module SwiftJava
[264/307] Compiling SwiftJava JavaBoolean.swift
[265/307] Compiling SwiftJava JavaByte.swift
[266/307] Compiling SwiftJava JavaCharacter.swift
[267/307] Compiling SwiftJava JavaClass.swift
[301/333] Compiling JavaUtil PriorityQueue.swift
[302/333] Compiling JavaUtil Queue.swift
[303/333] Compiling JavaUtil TreeSet.swift
[304/333] Compiling JavaUtil Stack.swift
[305/333] Compiling JavaUtil RandomAccess.swift
[306/333] Compiling JavaUtil TreeMap.swift
[307/333] Compiling SwiftJavaRuntimeSupport JavaSwiftInstance.swift
[308/333] Compiling SwiftJavaRuntimeSupport JavaSwiftMemoryManagement.swift
[309/333] Compiling SwiftJavaRuntimeSupport JavaSwiftArena.swift
[310/333] Compiling SwiftJavaRuntimeSupport JextractedTypeBridge.swift
[311/333] Compiling SwiftJavaRuntimeSupport JavaJNISwiftInstance.swift
[312/333] Compiling SwiftJavaRuntimeSupport _JNIMethodIDCache.swift
[313/333] Compiling SwiftJavaRuntimeSupport JavaSwiftArena+Extensions.swift
[314/333] Compiling SwiftJavaRuntimeSupport JavaJNISwiftInstance+Extensions.swift
[315/333] Emitting module SwiftJavaRuntimeSupport
[316/333] Compiling SwiftJavaRuntimeSupport CollectionBridge.swift
[317/333] Compiling SwiftJavaRuntimeSupport JNIMethodIDCaches.swift
[318/333] Compiling SwiftJavaRuntimeSupport _JNIBoxedConversions.swift
[318/333] Write Objects.LinkFileList
[320/333] Compiling JavaUtil JavaDictionary.swift
[321/333] Compiling JavaUtil HashSet.swift
[322/333] Compiling JavaUtil HashMap.swift
[323/333] Compiling JavaUtil ArrayList.swift
[324/333] Compiling JavaUtil BitSet.swift
[325/333] Compiling JavaUtil ArrayDeque.swift
[326/333] Emitting module JavaUtil
[327/333] Compiling JavaUtil LinkedList.swift
[327/375] Linking libSwiftJava.dylib
[329/380] Compiling JavaLangReflect JavaClass+Reflection.swift
[330/380] Compiling JavaLangReflect Method+Utilities.swift
[331/381] Compiling JavaLangReflect Constructor+Utilities.swift
[332/381] Compiling JavaLangReflect Executable+Utilities.swift
[333/381] Compiling JavaLangReflect ParameterizedType+Extensions.swift
[334/381] Compiling JavaLangReflect Type+Extensions.swift
[335/381] Compiling JavaLangReflect Field+Utilities.swift
[336/381] Compiling JavaLangReflect HasJavaModifiers.swift
[337/381] Compiling JavaLangReflect WildcardType.swift
[338/381] Compiling JavaUtilJar JarEntry.swift
[339/381] Compiling JavaUtilJar JarOutputStream.swift
[340/381] Compiling JavaUtilJar ZipEntry.swift
[341/381] Compiling JavaUtilJar Manifest.swift
[342/381] Compiling JavaUtilJar JarInputStream.swift
[343/381] Compiling JavaUtilJar JarFile.swift
[344/381] Compiling JavaLangReflect TypeVariable+Extensions.swift
[345/381] Compiling JavaLangReflect AccessibleObject.swift
[346/381] Emitting module JavaLangReflect
[347/381] Compiling JavaLangReflect TypeVariable.swift
[348/381] Compiling JavaLangReflect Type.swift
[349/381] Emitting module JavaUtilJar
[350/381] Compiling JavaUtilJar Attributes.swift
[351/381] Compiling JavaLangReflect Parameter.swift
[352/381] Compiling JavaLangReflect GenericArrayType.swift
[353/381] Compiling JavaLangReflect ParameterizedType.swift
[354/381] Compiling JavaLangReflect JavaClass+Extensions.swift
[355/381] Compiling JavaLangReflect GenericDeclaration.swift
[356/381] Compiling JavaLangReflect Field.swift
[357/381] Compiling JavaLangReflect Executable.swift
[358/381] Compiling JavaLangReflect Method.swift
[359/381] Compiling JavaNet JavaURL+Extensions.swift
[360/381] Compiling JavaNet File+Extensions.swift
[361/381] Compiling JavaNet URLClassLoader.swift
[362/381] Compiling JavaNet HttpURLConnection.swift
[363/381] Compiling JavaNet URLConnection.swift
[364/381] Compiling JavaNet JavaURL+URIConversions.swift
[365/381] Emitting module JavaNet
[366/381] Compiling JavaNet Path+Extensions.swift
[367/381] Compiling JavaNet URI.swift
[368/381] Compiling JavaLangReflect Array.swift
[369/381] Compiling JavaLangReflect Constructor.swift
[370/381] Compiling JavaLangReflect AnnotatedType.swift
[371/381] Compiling JavaLangReflect Annotation.swift
[372/384] Compiling swift_java JavaClassLoader.swift
[373/384] Emitting module swift_java
[374/384] Compiling swift_java WrapJavaCommand.swift
[374/384] Write Objects.LinkFileList
[376/384] Compiling ComposeUI SwiftCallbackSink.swift
[377/384] Compiling ComposeUI KotlinBindings.swift
[378/384] Compiling ComposeUI BridgeRuntime.swift
[379/384] Emitting module ComposeUI
[380/384] Compiling ComposeUI Materializer.swift
[380/384] Linking swift-java-tool
2026-09-19T09:20:54-0700 info swift-java: [swift_java] Run JExtractCommand: /Users/mac/SwiftKey/AndroidSwiftUI/.build/arm64-apple-macosx/debug/swift-java-tool jextract --config /Users/mac/SwiftKey/AndroidSwiftUI/Sources/BridgeExport/swift-java.config --swift-module BridgeExport --input-swift /Users/mac/SwiftKey/AndroidSwiftUI/Sources/BridgeExport/ --output-java /Users/mac/SwiftKey/AndroidSwiftUI/.build/plugins/outputs/androidswiftui/BridgeExport/destination/JExtractSwiftPlugin/src/generated/java --output-swift /Users/mac/SwiftKey/AndroidSwiftUI/.build/plugins/outputs/androidswiftui/BridgeExport/destination/JExtractSwiftPlugin/Sources --write-empty-files --depends-on SwiftJava=/Users/mac/SwiftKey/AndroidSwiftUI/.build/checkouts/swift-java/Sources/SwiftJava/swift-java.config,/Users/mac/SwiftKey/AndroidSwiftUI/.build/checkouts/swift-java/Sources/SwiftJava/ --depends-on SwiftJavaRuntimeSupport=/Users/mac/SwiftKey/AndroidSwiftUI/.build/checkouts/swift-java/Sources/SwiftJavaRuntimeSupport/swift-java.config,/Users/mac/SwiftKey/AndroidSwiftUI/.build/checkouts/swift-java/Sources/SwiftJavaRuntimeSupport/ --depends-on SwiftJava=/Users/mac/SwiftKey/AndroidSwiftUI/.build/checkouts/swift-java/Sources/SwiftJava/swift-java.config,/Users/mac/SwiftKey/AndroidSwiftUI/.build/checkouts/swift-java/Sources/SwiftJava/ --depends-on SwiftJavaRuntimeSupport=/Users/mac/SwiftKey/AndroidSwiftUI/.build/checkouts/swift-java/Sources/SwiftJavaRuntimeSupport/swift-java.config,/Users/mac/SwiftKey/AndroidSwiftUI/.build/checkouts/swift-java/Sources/SwiftJavaRuntimeSupport/ --linker-export-list-output /Users/mac/SwiftKey/AndroidSwiftUI/.build/plugins/outputs/androidswiftui/BridgeExport/destination/JExtractSwiftPlugin/swift-java-jni-exports.map --generated-java-sources-list-file-output jextract-generated-sources.txt
2026-09-19T09:20:54-0700 info swift-java: [swift_java] Current work directory: /Users/mac/SwiftKey/AndroidSwiftUI
[debug][swift-java] Load config from passed in path: file:///Users/mac/SwiftKey/AndroidSwiftUI/Sources/BridgeExport/swift-java.config
[debug][swift-java] Running 'swift-java jextract' in mode: jni
[debug][swift-java] Dependency configs: 4
[info][JExtractSwiftLib/Swift2Java.swift:51](run()) Input swift = /Users/mac/SwiftKey/AndroidSwiftUI/Sources/BridgeExport/ 
[info][JExtractSwiftLib/Swift2Java.swift:53](run()) Input paths = [/Users/mac/SwiftKey/AndroidSwiftUI/Sources/BridgeExport/] 
[info][JExtractSwiftLib/JavaSourceDependencies.swift:78](loadSwiftSources(from:log:)) Loaded 78 source file(s) for dependency module 'SwiftJava' from ["/Users/mac/SwiftKey/AndroidSwiftUI/.build/checkouts/swift-java/Sources/SwiftJava"] 
[info][JExtractSwiftLib/JavaSourceDependencies.swift:78](loadSwiftSources(from:log:)) Loaded 11 source file(s) for dependency module 'SwiftJavaRuntimeSupport' from ["/Users/mac/SwiftKey/AndroidSwiftUI/.build/checkouts/swift-java/Sources/SwiftJavaRuntimeSupport"] 
[info][JExtractSwiftLib/JavaSourceDependencies.swift:78](loadSwiftSources(from:log:)) Loaded 78 source file(s) for dependency module 'SwiftJava' from ["/Users/mac/SwiftKey/AndroidSwiftUI/.build/checkouts/swift-java/Sources/SwiftJava"] 
[info][JExtractSwiftLib/JavaSourceDependencies.swift:78](loadSwiftSources(from:log:)) Loaded 11 source file(s) for dependency module 'SwiftJavaRuntimeSupport' from ["/Users/mac/SwiftKey/AndroidSwiftUI/.build/checkouts/swift-java/Sources/SwiftJavaRuntimeSupport"] 
[info][JExtractSwiftLib/JNISwift2JavaGenerator+SwiftThunkPrinting.swift:73](writeSwiftThunkSources(_:)) Generated: BridgeExportModule+SwiftJava.swift (at file:///Users/mac/SwiftKey/AndroidSwiftUI/.build/plugins/outputs/androidswiftui/BridgeExport/destination/JExtractSwiftPlugin/Sources/BridgeExportModule+SwiftJava.swift) 
[warning][JExtractSwiftLib/JNISwift2JavaGenerator+SwiftThunkPrinting.swift:93](writeSwiftThunkSources(_:)) Writing types in file group: /Users/mac/SwiftKey/AndroidSwiftUI/Sources/BridgeExport/BridgeExport.swift: ["SwiftTask", "BridgeHost"] 
[info][JExtractSwiftLib/JNISwift2JavaGenerator+SwiftThunkPrinting.swift:103](writeSwiftThunkSources(_:)) Printing Swift thunks for type: BridgeHost 
[info][JExtractSwiftLib/JNISwift2JavaGenerator+SwiftThunkPrinting.swift:103](writeSwiftThunkSources(_:)) Printing Swift thunks for type: SwiftTask 
[warning][JExtractSwiftLib/JNISwift2JavaGenerator+SwiftThunkPrinting.swift:116](writeSwiftThunkSources(_:)) Write Swift thunks file: BridgeExport+SwiftJava.swift 
[info][JExtractSwiftLib/JNISwift2JavaGenerator+SwiftThunkPrinting.swift:123](writeSwiftThunkSources(_:)) Done writing Swift thunks to: file:///Users/mac/SwiftKey/AndroidSwiftUI/.build/plugins/outputs/androidswiftui/BridgeExport/destination/JExtractSwiftPlugin/Sources/BridgeExport+SwiftJava.swift 
[info][JExtractSwiftLib/JNISwift2JavaGenerator+JavaBindingsPrinting.swift:104](writeGeneratedFile(_:filename:displayName:into:)) [swift-java] Generated: BridgeHost.java (at file:///Users/mac/SwiftKey/AndroidSwiftUI/.build/plugins/outputs/androidswiftui/BridgeExport/destination/JExtractSwiftPlugin/src/generated/java/com/pureswift/bridge/BridgeHost.java) 
[info][JExtractSwiftLib/JNISwift2JavaGenerator+JavaBindingsPrinting.swift:104](writeGeneratedFile(_:filename:displayName:into:)) [swift-java] Generated: SwiftTask.java (at file:///Users/mac/SwiftKey/AndroidSwiftUI/.build/plugins/outputs/androidswiftui/BridgeExport/destination/JExtractSwiftPlugin/src/generated/java/com/pureswift/bridge/SwiftTask.java) 
[info][JExtractSwiftLib/JNISwift2JavaGenerator+JavaBindingsPrinting.swift:104](writeGeneratedFile(_:filename:displayName:into:)) [swift-java] Generated: BridgeExport.java (at file:///Users/mac/SwiftKey/AndroidSwiftUI/.build/plugins/outputs/androidswiftui/BridgeExport/destination/JExtractSwiftPlugin/src/generated/java/com/pureswift/bridge/BridgeExport.java) 
[info][JExtractSwiftLib/JNISwift2JavaGenerator+JavaBindingsPrinting.swift:104](writeGeneratedFile(_:filename:displayName:into:)) [swift-java] Generated: BridgeHostBox.java (at file:///Users/mac/SwiftKey/AndroidSwiftUI/.build/plugins/outputs/androidswiftui/BridgeExport/destination/JExtractSwiftPlugin/src/generated/java/com/pureswift/bridge/BridgeHostBox.java) 
[info][JExtractSwiftLib/JNISwift2JavaGenerator+JavaBindingsPrinting.swift:85](writeExportedJavaSources(_:)) Generated file at file:///Users/mac/SwiftKey/AndroidSwiftUI/.build/plugins/outputs/androidswiftui/BridgeExport/destination/JExtractSwiftPlugin/src/generated/java/jextract-generated-sources.txt 
[info][JExtractSwiftLib/JNISwift2JavaGenerator+SwiftThunkPrinting.swift:177](writeLinkerExportList()) [swift-java] Generated linker export list (15 symbols): /Users/mac/SwiftKey/AndroidSwiftUI/.build/plugins/outputs/androidswiftui/BridgeExport/destination/JExtractSwiftPlugin/swift-java-jni-exports.map 
[swift-java] Write empty [1] 'expected' files in: /Users/mac/SwiftKey/AndroidSwiftUI/.build/plugins/outputs/androidswiftui/BridgeExport/destination/JExtractSwiftPlugin/Sources/
[swift-java] Imported Swift module 'BridgeExport': done.
[381/384] Generate Java wrappers for Swift types
To honour the JVM settings for this build a single-use Daemon process will be forked. For more on this, please refer to https://docs.gradle.org/9.4.0/userguide/gradle_daemon.html#sec:disabling_the_daemon in the Gradle documentation.
Daemon will be stopped at the end of the build 
Configuration on demand is an incubating feature.
[swift-java] JDK 21 detected — skipping: SwiftKitFFM, Samples:SwiftAndJavaJarFFMSampleLib, Samples:SwiftJavaExtractFFMSampleApp
Type-safe project accessors is an incubating feature.
> Task :BuildLogic:checkKotlinGradlePluginConfigurationErrors SKIPPED
> Task :BuildLogic:generateExternalPluginSpecBuilders UP-TO-DATE
> Task :BuildLogic:extractPrecompiledScriptPluginPlugins UP-TO-DATE
> Task :BuildLogic:compilePluginsBlocks UP-TO-DATE
> Task :BuildLogic:generatePrecompiledScriptPluginAccessors UP-TO-DATE
> Task :BuildLogic:generateScriptPluginAdapters UP-TO-DATE
> Task :BuildLogic:compileKotlin UP-TO-DATE
> Task :BuildLogic:compileJava NO-SOURCE
> Task :BuildLogic:pluginDescriptors UP-TO-DATE
> Task :BuildLogic:processResources UP-TO-DATE
> Task :BuildLogic:classes UP-TO-DATE
> Task :BuildLogic:jar UP-TO-DATE
> Task :SwiftKitCore:compileJava UP-TO-DATE
> Task :SwiftKitCore:processResources UP-TO-DATE
> Task :SwiftKitCore:classes UP-TO-DATE
> Task :SwiftKitCore:jar UP-TO-DATE
> Task :SwiftKitCore:startScripts UP-TO-DATE
> Task :SwiftKitCore:distTar UP-TO-DATE
> Task :SwiftKitCore:distZip UP-TO-DATE
> Task :SwiftKitCore:assemble UP-TO-DATE
> Task :SwiftKitCore:compileTestJava UP-TO-DATE
> Task :SwiftKitCore:processTestResources NO-SOURCE
> Task :SwiftKitCore:testClasses UP-TO-DATE

> Task :SwiftKitCore:test

AutoArenaTest > cleaner_releases_native_resource() PASSED

SimpleCompletableFutureTest > testCompleteExceptionallyThenComplete() PASSED

SimpleCompletableFutureTest > testThenApplyExceptionally() PASSED

SimpleCompletableFutureTest > testThenApplyOnCompletedFuture() PASSED

SimpleCompletableFutureTest > testThenApplyTransformationThrows() PASSED

SimpleCompletableFutureTest > testCompleteAndGet() PASSED

SimpleCompletableFutureTest > testCompleteWithNullAndGet() PASSED

SimpleCompletableFutureTest > testGetWithTimeout_completesInTime() PASSED

SimpleCompletableFutureTest > testThenApply() PASSED

SimpleCompletableFutureTest > testThenApplyWithNull() PASSED

SimpleCompletableFutureTest > testCompleteExceptionallyAndGet() PASSED

SimpleCompletableFutureTest > testCompleteThenCompleteExceptionally() PASSED

SimpleCompletableFutureTest > testGetWithTimeout_timesOut() PASSED

SimpleCompletableFutureTest > testIsDone() PASSED

SimpleCompletableFutureTest > testGetWithTimeout_completesInTimeAfterWait() PASSED

SimpleCompletableFutureTest > testIsDoneExceptionally() PASSED

SimpleCompletableFutureTest > testCompleteTwice() PASSED

> Task :SwiftKitCore:check
> Task :SwiftKitCore:compileSwift UP-TO-DATE
> Task :SwiftKitCore:build

BUILD SUCCESSFUL in 4s
18 actionable tasks: 1 executed, 17 up-to-date
2026-09-19T09:21:01-0700 info swift-java: [swift_java] Run ConfigureCommand: /Users/mac/SwiftKey/AndroidSwiftUI/.build/arm64-apple-macosx/debug/swift-java-tool configure --output-directory /Users/mac/SwiftKey/AndroidSwiftUI/.build/plugins/outputs/androidswiftui/BridgeExport/destination/JExtractSwiftPlugin/compiled-java-output --cp /Users/mac/SwiftKey/AndroidSwiftUI/.build/plugins/outputs/androidswiftui/BridgeExport/destination/JExtractSwiftPlugin/compiled-java-output --swift-module BridgeExport --swift-type-prefix Java
2026-09-19T09:21:01-0700 info swift-java: [swift_java] Current work directory: /Users/mac/SwiftKey/AndroidSwiftUI
[debug][swift-java] Load config from module base directory: /Users/mac/SwiftKey/AndroidSwiftUI/Sources/BridgeExport
[debug][swift-java] Searching for *.swift-java.classpath files in: file:///Users/mac/SwiftKey/AndroidSwiftUI/Sources/BridgeExport/
[warning][swift-java][JavaVirtualMachine] Missing classpath element: file:///Users/mac/SwiftKey/AndroidSwiftUI/%5B%22/Users/mac/SwiftKey/AndroidSwiftUI/.build/plugins/outputs/androidswiftui/BridgeExport/destination/JExtractSwiftPlugin/compiled-java-output%22%5D
2026-09-19T09:21:01-0700 info swift-java:configure: [swift_java] Run: emit configuration...
2026-09-19T09:21:01-0700 info swift-java: [swift_java] Configure Java type 'com.pureswift.bridge.BridgeHostBox' as 'JavaBridgeHostBox' Swift type.
2026-09-19T09:21:01-0700 info swift-java: [swift_java] Configure Java type 'com.pureswift.bridge.BridgeHost' as 'JavaBridgeHost' Swift type.
2026-09-19T09:21:01-0700 info swift-java: [swift_java] Configure Java type 'com.pureswift.bridge.BridgeExport$bridgeScheduleMain' as 'JavaBridgeExport.bridgeScheduleMain' Swift type.
2026-09-19T09:21:01-0700 info swift-java: [swift_java] Configure Java type 'com.pureswift.bridge.BridgeExport' as 'JavaBridgeExport' Swift type.
2026-09-19T09:21:01-0700 info swift-java: [swift_java] Configure Java type 'com.pureswift.bridge.SwiftTask' as 'JavaSwiftTask' Swift type.
2026-09-19T09:21:01-0700 info swift-java: [swift_java] Configure Java type 'com.pureswift.bridge.BridgeExport$bridgeScheduleMain$block' as 'JavaBridgeExport.bridgeScheduleMain.block' Swift type.
[debug][swift-java] Importing classpath entry: /Users/mac/SwiftKey/AndroidSwiftUI/.build/plugins/outputs/androidswiftui/BridgeExport/destination/JExtractSwiftPlugin/compiled-java-output
[debug][swift-java] Importing classpath as directory: /Users/mac/SwiftKey/AndroidSwiftUI/.build/plugins/outputs/androidswiftui/BridgeExport/destination/JExtractSwiftPlugin/compiled-java-output
[trace][swift-java] Writing swift-java configuration file to '/Users/mac/SwiftKey/AndroidSwiftUI/.build/plugins/outputs/androidswiftui/BridgeExport/destination/JExtractSwiftPlugin/compiled-java-output/swift-java.config'... done.
2026-09-19T09:21:01-0700 info swift-java: [swift_java] Run WrapJavaCommand: /Users/mac/SwiftKey/AndroidSwiftUI/.build/arm64-apple-macosx/debug/swift-java-tool wrap-java --swift-module BridgeExport --output-directory /Users/mac/SwiftKey/AndroidSwiftUI/.build/plugins/outputs/androidswiftui/BridgeExport/destination/JExtractSwiftPlugin/Sources --config /Users/mac/SwiftKey/AndroidSwiftUI/.build/plugins/outputs/androidswiftui/BridgeExport/destination/JExtractSwiftPlugin/compiled-java-output/swift-java.config --cp /Users/mac/SwiftKey/AndroidSwiftUI/.build/checkouts/swift-java/SwiftKitCore/build/classes/java/main --single-swift-file-output WrapJavaGenerated.swift --depends-on SwiftJava=/Users/mac/SwiftKey/AndroidSwiftUI/.build/checkouts/swift-java/Sources/SwiftJava/swift-java.config,/Users/mac/SwiftKey/AndroidSwiftUI/.build/checkouts/swift-java/Sources/SwiftJava/ --depends-on SwiftJavaRuntimeSupport=/Users/mac/SwiftKey/AndroidSwiftUI/.build/checkouts/swift-java/Sources/SwiftJavaRuntimeSupport/swift-java.config,/Users/mac/SwiftKey/AndroidSwiftUI/.build/checkouts/swift-java/Sources/SwiftJavaRuntimeSupport/ --depends-on SwiftJava=/Users/mac/SwiftKey/AndroidSwiftUI/.build/checkouts/swift-java/Sources/SwiftJava/swift-java.config,/Users/mac/SwiftKey/AndroidSwiftUI/.build/checkouts/swift-java/Sources/SwiftJava/ --depends-on SwiftJavaRuntimeSupport=/Users/mac/SwiftKey/AndroidSwiftUI/.build/checkouts/swift-java/Sources/SwiftJavaRuntimeSupport/swift-java.config,/Users/mac/SwiftKey/AndroidSwiftUI/.build/checkouts/swift-java/Sources/SwiftJavaRuntimeSupport/
2026-09-19T09:21:01-0700 info swift-java: [swift_java] Current work directory: /Users/mac/SwiftKey/AndroidSwiftUI
[debug][swift-java] Load config from passed in path: file:///Users/mac/SwiftKey/AndroidSwiftUI/.build/plugins/outputs/androidswiftui/BridgeExport/destination/JExtractSwiftPlugin/compiled-java-output/swift-java.config
self.filterInclude = []
[trace][swift-java] Cache directory: none
[debug][swift-java] Searching for *.swift-java.classpath files in: file:///Users/mac/SwiftKey/AndroidSwiftUI/Sources/BridgeExport/
[debug][swift-java] Dependency configs: 4
[trace][swift-java] Add dependency config (SwiftJava) classpath elements: 0
[trace][swift-java] Add dependency config (SwiftJavaRuntimeSupport) classpath elements: 1
[trace][swift-java] Add dependency config (SwiftJavaRuntimeSupport) classpath element: SwiftKitCore/build/classes/java/main
[trace][swift-java] Add dependency config (SwiftJava) classpath elements: 0
[trace][swift-java] Add dependency config (SwiftJavaRuntimeSupport) classpath elements: 1
[trace][swift-java] Add dependency config (SwiftJavaRuntimeSupport) classpath element: SwiftKitCore/build/classes/java/main
[warning][swift-java][JavaVirtualMachine] Missing classpath element: file:///Users/mac/SwiftKey/AndroidSwiftUI/%5B%22/Users/mac/SwiftKey/AndroidSwiftUI/.build/plugins/outputs/androidswiftui/BridgeExport/destination/JExtractSwiftPlugin/compiled-java-output%22%5D
[warning][swift-java][JavaVirtualMachine] Missing classpath element: file:///Users/mac/SwiftKey/AndroidSwiftUI/%5B%22/Users/mac/SwiftKey/AndroidSwiftUI/.build/checkouts/swift-java/SwiftKitCore/build/classes/java/main%22%5D
[warning][swift-java][JavaVirtualMachine] Missing classpath element: file:///Users/mac/SwiftKey/AndroidSwiftUI/SwiftKitCore/build/classes/java/main
[warning][swift-java][JavaVirtualMachine] Missing classpath element: file:///Users/mac/SwiftKey/AndroidSwiftUI/SwiftKitCore/build/classes/java/main
2026-09-19T09:21:01-0700 info swift-java: [swift_java] Active include filters: []
2026-09-19T09:21:01-0700 info swift-java: [swift_java] Active exclude filters: []
2026-09-19T09:21:01-0700 info swift-java: [swift_java] Wrapping java type: com.pureswift.bridge.BridgeHost
2026-09-19T09:21:01-0700 info swift-java: [swift_java] Wrapping java type: com.pureswift.bridge.BridgeExport$bridgeScheduleMain$block
2026-09-19T09:21:01-0700 info swift-java: [swift_java] Wrapping java type: com.pureswift.bridge.BridgeExport
2026-09-19T09:21:01-0700 info swift-java: [swift_java] Skip Java type: com.pureswift.bridge.BridgeHostBox (does not match minimum access level)
2026-09-19T09:21:01-0700 info swift-java: [swift_java] Wrapping java type: com.pureswift.bridge.BridgeExport$bridgeScheduleMain
2026-09-19T09:21:01-0700 info swift-java: [swift_java] Wrapping java type: com.pureswift.bridge.SwiftTask
2026-09-19T09:21:01-0700 info swift-java: [swift_java] OK now we go to nested classes
[warning] Unable to translate 'com.pureswift.bridge.BridgeHost' interface 'org.swift.swiftkit.core.SwiftDowncastable': Java class 'org.swift.swiftkit.core.SwiftDowncastable' has not been translated into Swift
[warning] Unable to translate 'com.pureswift.bridge.SwiftTask' method '$cleanup': Java class 'org.swift.swiftkit.core.SwiftInstanceCleanup' has not been translated into Swift
[trace][swift-java] Writing Java class translation to '/Users/mac/SwiftKey/AndroidSwiftUI/.build/plugins/outputs/androidswiftui/BridgeExport/destination/JExtractSwiftPlugin/Sources/WrapJavaGenerated.swift'... done.
[382/384] Build SwiftKitCore, compile Java callbacks, and generate Swift wrappers
[383/384] Write sources
[385/390] Compiling BridgeExport WrapJavaGenerated.swift
[386/390] Compiling BridgeExport BridgeExport.swift
[387/390] Emitting module BridgeExport
[388/390] Compiling BridgeExport BridgeExport+SwiftJava.swift
[389/390] Compiling BridgeExport BridgeExportModule+SwiftJava.swift
[390/390] Compiling BridgeExport Foundation+SwiftJava.swift
Build of target: 'BridgeExport' complete! (55.48s)
