Command line invocation:
    /Applications/Xcode.app/Contents/Developer/usr/bin/xcodebuild -scheme DemoApp -destination "platform=iOS Simulator,id=BE17EFB3-4CF9-4A09-91C1-21F7942871C8" -derivedDataPath /Users/mac/SwiftKey/ios-simulator/DerivedData PRODUCT_BUNDLE_IDENTIFIER=com.swiftkey.catalog.demo CODE_SIGNING_ALLOWED=NO build

Build settings from command line:
    CODE_SIGNING_ALLOWED = NO
    PRODUCT_BUNDLE_IDENTIFIER = com.swiftkey.catalog.demo
    TOOLCHAINS = com.apple.dt.toolchain.Xcode

Resolve Package Graph
2026-09-19 09:19:28.232 xcodebuild[36719:33928817] [MT] IDERunDestination: Supported platforms for the buildables in the current scheme is empty.


Resolved source packages:
  DemoApp: /Users/mac/SwiftKey/ios-simulator/App.swiftpm

ComputePackagePrebuildTargetDependencyGraph

Prepare packages

CreateBuildRequest

SendProjectDescription

CreateBuildOperation

ComputeTargetDependencyGraph
note: Building targets in dependency order
note: Target dependency graph (1 target)
    Target 'DemoApp' in project 'DemoApp' (no dependencies)

GatherProvisioningInputs

CreateBuildDescription

note: Using global toolchain override 'com.apple.dt.toolchain.Xcode'.
ClangStatCache /Applications/Xcode.app/Contents/Developer/Toolchains/XcodeDefault.xctoolchain/usr/bin/clang-stat-cache /Applications/Xcode.app/Contents/Developer/Platforms/iPhoneSimulator.platform/Developer/SDKs/iPhoneSimulator26.4.sdk /Users/mac/SwiftKey/ios-simulator/DerivedData/SDKStatCaches.noindex/iphonesimulator26.4-23E252-7f12df34e8336710d3a34b6079cd84e6686eebb5dc1d8ecb277353a59184f4aa.sdkstatcache
    cd /Users/mac/SwiftKey/ios-simulator/App.swiftpm/.swiftpm/xcode
    /Applications/Xcode.app/Contents/Developer/Toolchains/XcodeDefault.xctoolchain/usr/bin/clang-stat-cache /Applications/Xcode.app/Contents/Developer/Platforms/iPhoneSimulator.platform/Developer/SDKs/iPhoneSimulator26.4.sdk -o /Users/mac/SwiftKey/ios-simulator/DerivedData/SDKStatCaches.noindex/iphonesimulator26.4-23E252-7f12df34e8336710d3a34b6079cd84e6686eebb5dc1d8ecb277353a59184f4aa.sdkstatcache

note: Disabling hardened runtime with ad-hoc codesigning. (in target 'DemoApp' from project 'DemoApp')
note: Using global toolchain override 'com.apple.dt.toolchain.Xcode'. (in target 'DemoApp' from project 'DemoApp')
warning: Skipping duplicate build file in Compile Sources build phase: /Users/mac/SwiftKey/ios-simulator/App.swiftpm/Assets.xcassets (in target 'DemoApp' from project 'DemoApp')
SwiftDriver DemoApp normal arm64 com.apple.xcode.tools.swift.compiler (in target 'DemoApp' from project 'DemoApp')
    cd /Users/mac/SwiftKey/ios-simulator/App.swiftpm/.swiftpm/xcode
    builtin-SwiftDriver -- /Applications/Xcode.app/Contents/Developer/Toolchains/XcodeDefault.xctoolchain/usr/bin/swiftc -module-name DemoApp -Onone @/Users/mac/SwiftKey/ios-simulator/DerivedData/Build/Intermediates.noindex/DemoApp.build/Debug-iphonesimulator/DemoApp.build/Objects-normal/arm64/DemoApp.SwiftFileList -DSWIFT_PACKAGE -DDEBUG -DXcode -enable-upcoming-feature BareSlashRegexLiterals -plugin-path /Applications/Xcode.app/Contents/Developer/Toolchains/XcodeDefault.xctoolchain/usr/lib/swift/host/plugins/testing -enable-experimental-feature DebugDescriptionMacro -sdk /Applications/Xcode.app/Contents/Developer/Platforms/iPhoneSimulator.platform/Developer/SDKs/iPhoneSimulator26.4.sdk -target arm64-apple-ios18.1-simulator -g -module-cache-path /Users/mac/SwiftKey/ios-simulator/DerivedData/ModuleCache.noindex -Xfrontend -serialize-debugging-options -enable-testing -index-store-path /Users/mac/SwiftKey/ios-simulator/DerivedData/Index.noindex/DataStore -Xcc -D_LIBCPP_HARDENING_MODE\=_LIBCPP_HARDENING_MODE_DEBUG -swift-version 5 -I /Users/mac/SwiftKey/ios-simulator/DerivedData/Build/Products/Debug-iphonesimulator -Isystem /Applications/Xcode.app/Contents/Developer/Platforms/iPhoneSimulator.platform/Developer/usr/lib -F /Users/mac/SwiftKey/ios-simulator/DerivedData/Build/Products/Debug-iphonesimulator -F /Applications/Xcode.app/Contents/Developer/Platforms/iPhoneSimulator.platform/Developer/Library/Frameworks -F /Applications/Xcode.app/Contents/Developer/Platforms/iPhoneSimulator.platform/Developer/SDKs/iPhoneSimulator26.4.sdk/Developer/Library/Frameworks -c -j18 -enable-batch-mode -incremental -Xcc -ivfsstatcache -Xcc /Users/mac/SwiftKey/ios-simulator/DerivedData/SDKStatCaches.noindex/iphonesimulator26.4-23E252-7f12df34e8336710d3a34b6079cd84e6686eebb5dc1d8ecb277353a59184f4aa.sdkstatcache -output-file-map /Users/mac/SwiftKey/ios-simulator/DerivedData/Build/Intermediates.noindex/DemoApp.build/Debug-iphonesimulator/DemoApp.build/Objects-normal/arm64/DemoApp-OutputFileMap.json -use-frontend-parseable-output -save-temps -no-color-diagnostics -explicit-module-build -module-cache-path /Users/mac/SwiftKey/ios-simulator/DerivedData/Build/Intermediates.noindex/SwiftExplicitPrecompiledModules -clang-scanner-module-cache-path /Users/mac/SwiftKey/ios-simulator/DerivedData/ModuleCache.noindex -sdk-module-cache-path /Users/mac/SwiftKey/ios-simulator/DerivedData/ModuleCache.noindex -serialize-diagnostics -emit-dependencies -emit-module -emit-module-path /Users/mac/SwiftKey/ios-simulator/DerivedData/Build/Intermediates.noindex/DemoApp.build/Debug-iphonesimulator/DemoApp.build/Objects-normal/arm64/DemoApp.swiftmodule -validate-clang-modules-once -clang-build-session-file /Users/mac/SwiftKey/ios-simulator/DerivedData/ModuleCache.noindex/Session.modulevalidation -package-name app_swiftpm -emit-const-values -Xfrontend -const-gather-protocols-file -Xfrontend /Users/mac/SwiftKey/ios-simulator/DerivedData/Build/Intermediates.noindex/DemoApp.build/Debug-iphonesimulator/DemoApp.build/Objects-normal/arm64/DemoApp_const_extract_protocols.json -Xcc -I/Users/mac/SwiftKey/ios-simulator/DerivedData/Build/Products/Debug-iphonesimulator/include -Xcc -I/Users/mac/SwiftKey/ios-simulator/DerivedData/Build/Intermediates.noindex/DemoApp.build/Debug-iphonesimulator/DemoApp.build/DerivedSources-normal/arm64 -Xcc -I/Users/mac/SwiftKey/ios-simulator/DerivedData/Build/Intermediates.noindex/DemoApp.build/Debug-iphonesimulator/DemoApp.build/DerivedSources/arm64 -Xcc -I/Users/mac/SwiftKey/ios-simulator/DerivedData/Build/Intermediates.noindex/DemoApp.build/Debug-iphonesimulator/DemoApp.build/DerivedSources -Xcc -DSWIFT_PACKAGE -Xcc -DDEBUG\=1 -working-directory /Users/mac/SwiftKey/ios-simulator/App.swiftpm/.swiftpm/xcode -experimental-emit-module-separately -disable-cmo

SwiftCompile normal arm64 Compiling\ NativeAdapters.swift /Users/mac/SwiftKey/ios-simulator/App.swiftpm/Sources/NativeAdapters.swift (in target 'DemoApp' from project 'DemoApp')

SwiftCompile normal arm64 /Users/mac/SwiftKey/ios-simulator/App.swiftpm/Sources/NativeAdapters.swift (in target 'DemoApp' from project 'DemoApp')
    cd /Users/mac/SwiftKey/ios-simulator/App.swiftpm/.swiftpm/xcode
    

SwiftEmitModule normal arm64 Emitting\ module\ for\ DemoApp (in target 'DemoApp' from project 'DemoApp')

EmitSwiftModule normal arm64 (in target 'DemoApp' from project 'DemoApp')
    cd /Users/mac/SwiftKey/ios-simulator/App.swiftpm/.swiftpm/xcode
    

SwiftCompile normal arm64 Compiling\ PresentationPlaygrounds.swift /Users/mac/SwiftKey/ios-simulator/App.swiftpm/Sources/PresentationPlaygrounds.swift (in target 'DemoApp' from project 'DemoApp')

SwiftCompile normal arm64 /Users/mac/SwiftKey/ios-simulator/App.swiftpm/Sources/PresentationPlaygrounds.swift (in target 'DemoApp' from project 'DemoApp')
    cd /Users/mac/SwiftKey/ios-simulator/App.swiftpm/.swiftpm/xcode
    

SwiftCompile normal arm64 Compiling\ ControlStylePlaygrounds.swift /Users/mac/SwiftKey/ios-simulator/App.swiftpm/Sources/ControlStylePlaygrounds.swift (in target 'DemoApp' from project 'DemoApp')

SwiftCompile normal arm64 /Users/mac/SwiftKey/ios-simulator/App.swiftpm/Sources/ControlStylePlaygrounds.swift (in target 'DemoApp' from project 'DemoApp')
    cd /Users/mac/SwiftKey/ios-simulator/App.swiftpm/.swiftpm/xcode
    

SwiftCompile normal arm64 Compiling\ RepresentablePlaygrounds.swift /Users/mac/SwiftKey/ios-simulator/App.swiftpm/Sources/RepresentablePlaygrounds.swift (in target 'DemoApp' from project 'DemoApp')

SwiftCompile normal arm64 /Users/mac/SwiftKey/ios-simulator/App.swiftpm/Sources/RepresentablePlaygrounds.swift (in target 'DemoApp' from project 'DemoApp')
    cd /Users/mac/SwiftKey/ios-simulator/App.swiftpm/.swiftpm/xcode
    

SwiftCompile normal arm64 Compiling\ MapPlaygrounds.swift /Users/mac/SwiftKey/ios-simulator/App.swiftpm/Sources/MapPlaygrounds.swift (in target 'DemoApp' from project 'DemoApp')

SwiftCompile normal arm64 /Users/mac/SwiftKey/ios-simulator/App.swiftpm/Sources/MapPlaygrounds.swift (in target 'DemoApp' from project 'DemoApp')
    cd /Users/mac/SwiftKey/ios-simulator/App.swiftpm/.swiftpm/xcode
    

SwiftDriverJobDiscovery normal arm64 Compiling MapPlaygrounds.swift (in target 'DemoApp' from project 'DemoApp')

SwiftDriverJobDiscovery normal arm64 Compiling RepresentablePlaygrounds.swift (in target 'DemoApp' from project 'DemoApp')

SwiftCompile normal arm64 Compiling\ Catalog.swift /Users/mac/SwiftKey/ios-simulator/App.swiftpm/Sources/Catalog.swift (in target 'DemoApp' from project 'DemoApp')
SwiftCompile normal arm64 /Users/mac/SwiftKey/ios-simulator/App.swiftpm/Sources/Catalog.swift (in target 'DemoApp' from project 'DemoApp')
    cd /Users/mac/SwiftKey/ios-simulator/App.swiftpm/.swiftpm/xcode
    

SwiftDriverJobDiscovery normal arm64 Compiling ControlStylePlaygrounds.swift (in target 'DemoApp' from project 'DemoApp')

SwiftDriverJobDiscovery normal arm64 Compiling PresentationPlaygrounds.swift (in target 'DemoApp' from project 'DemoApp')

SwiftDriverJobDiscovery normal arm64 Emitting module for DemoApp (in target 'DemoApp' from project 'DemoApp')

SwiftDriver\ Compilation\ Requirements DemoApp normal arm64 com.apple.xcode.tools.swift.compiler (in target 'DemoApp' from project 'DemoApp')
    cd /Users/mac/SwiftKey/ios-simulator/App.swiftpm/.swiftpm/xcode
    builtin-Swift-Compilation-Requirements -- /Applications/Xcode.app/Contents/Developer/Toolchains/XcodeDefault.xctoolchain/usr/bin/swiftc -module-name DemoApp -Onone @/Users/mac/SwiftKey/ios-simulator/DerivedData/Build/Intermediates.noindex/DemoApp.build/Debug-iphonesimulator/DemoApp.build/Objects-normal/arm64/DemoApp.SwiftFileList -DSWIFT_PACKAGE -DDEBUG -DXcode -enable-upcoming-feature BareSlashRegexLiterals -plugin-path /Applications/Xcode.app/Contents/Developer/Toolchains/XcodeDefault.xctoolchain/usr/lib/swift/host/plugins/testing -enable-experimental-feature DebugDescriptionMacro -sdk /Applications/Xcode.app/Contents/Developer/Platforms/iPhoneSimulator.platform/Developer/SDKs/iPhoneSimulator26.4.sdk -target arm64-apple-ios18.1-simulator -g -module-cache-path /Users/mac/SwiftKey/ios-simulator/DerivedData/ModuleCache.noindex -Xfrontend -serialize-debugging-options -enable-testing -index-store-path /Users/mac/SwiftKey/ios-simulator/DerivedData/Index.noindex/DataStore -Xcc -D_LIBCPP_HARDENING_MODE\=_LIBCPP_HARDENING_MODE_DEBUG -swift-version 5 -I /Users/mac/SwiftKey/ios-simulator/DerivedData/Build/Products/Debug-iphonesimulator -Isystem /Applications/Xcode.app/Contents/Developer/Platforms/iPhoneSimulator.platform/Developer/usr/lib -F /Users/mac/SwiftKey/ios-simulator/DerivedData/Build/Products/Debug-iphonesimulator -F /Applications/Xcode.app/Contents/Developer/Platforms/iPhoneSimulator.platform/Developer/Library/Frameworks -F /Applications/Xcode.app/Contents/Developer/Platforms/iPhoneSimulator.platform/Developer/SDKs/iPhoneSimulator26.4.sdk/Developer/Library/Frameworks -c -j18 -enable-batch-mode -incremental -Xcc -ivfsstatcache -Xcc /Users/mac/SwiftKey/ios-simulator/DerivedData/SDKStatCaches.noindex/iphonesimulator26.4-23E252-7f12df34e8336710d3a34b6079cd84e6686eebb5dc1d8ecb277353a59184f4aa.sdkstatcache -output-file-map /Users/mac/SwiftKey/ios-simulator/DerivedData/Build/Intermediates.noindex/DemoApp.build/Debug-iphonesimulator/DemoApp.build/Objects-normal/arm64/DemoApp-OutputFileMap.json -use-frontend-parseable-output -save-temps -no-color-diagnostics -explicit-module-build -module-cache-path /Users/mac/SwiftKey/ios-simulator/DerivedData/Build/Intermediates.noindex/SwiftExplicitPrecompiledModules -clang-scanner-module-cache-path /Users/mac/SwiftKey/ios-simulator/DerivedData/ModuleCache.noindex -sdk-module-cache-path /Users/mac/SwiftKey/ios-simulator/DerivedData/ModuleCache.noindex -serialize-diagnostics -emit-dependencies -emit-module -emit-module-path /Users/mac/SwiftKey/ios-simulator/DerivedData/Build/Intermediates.noindex/DemoApp.build/Debug-iphonesimulator/DemoApp.build/Objects-normal/arm64/DemoApp.swiftmodule -validate-clang-modules-once -clang-build-session-file /Users/mac/SwiftKey/ios-simulator/DerivedData/ModuleCache.noindex/Session.modulevalidation -package-name app_swiftpm -emit-const-values -Xfrontend -const-gather-protocols-file -Xfrontend /Users/mac/SwiftKey/ios-simulator/DerivedData/Build/Intermediates.noindex/DemoApp.build/Debug-iphonesimulator/DemoApp.build/Objects-normal/arm64/DemoApp_const_extract_protocols.json -Xcc -I/Users/mac/SwiftKey/ios-simulator/DerivedData/Build/Products/Debug-iphonesimulator/include -Xcc -I/Users/mac/SwiftKey/ios-simulator/DerivedData/Build/Intermediates.noindex/DemoApp.build/Debug-iphonesimulator/DemoApp.build/DerivedSources-normal/arm64 -Xcc -I/Users/mac/SwiftKey/ios-simulator/DerivedData/Build/Intermediates.noindex/DemoApp.build/Debug-iphonesimulator/DemoApp.build/DerivedSources/arm64 -Xcc -I/Users/mac/SwiftKey/ios-simulator/DerivedData/Build/Intermediates.noindex/DemoApp.build/Debug-iphonesimulator/DemoApp.build/DerivedSources -Xcc -DSWIFT_PACKAGE -Xcc -DDEBUG\=1 -working-directory /Users/mac/SwiftKey/ios-simulator/App.swiftpm/.swiftpm/xcode -experimental-emit-module-separately -disable-cmo

Copy /Users/mac/SwiftKey/ios-simulator/DerivedData/Build/Products/Debug-iphonesimulator/DemoApp.swiftmodule/arm64-apple-ios-simulator.swiftmodule /Users/mac/SwiftKey/ios-simulator/DerivedData/Build/Intermediates.noindex/DemoApp.build/Debug-iphonesimulator/DemoApp.build/Objects-normal/arm64/DemoApp.swiftmodule (in target 'DemoApp' from project 'DemoApp')
    cd /Users/mac/SwiftKey/ios-simulator/App.swiftpm
    builtin-copy -exclude .DS_Store -exclude CVS -exclude .svn -exclude .git -exclude .hg -resolve-src-symlinks -rename /Users/mac/SwiftKey/ios-simulator/DerivedData/Build/Intermediates.noindex/DemoApp.build/Debug-iphonesimulator/DemoApp.build/Objects-normal/arm64/DemoApp.swiftmodule /Users/mac/SwiftKey/ios-simulator/DerivedData/Build/Products/Debug-iphonesimulator/DemoApp.swiftmodule/arm64-apple-ios-simulator.swiftmodule

Copy /Users/mac/SwiftKey/ios-simulator/DerivedData/Build/Products/Debug-iphonesimulator/DemoApp.swiftmodule/arm64-apple-ios-simulator.abi.json /Users/mac/SwiftKey/ios-simulator/DerivedData/Build/Intermediates.noindex/DemoApp.build/Debug-iphonesimulator/DemoApp.build/Objects-normal/arm64/DemoApp.abi.json (in target 'DemoApp' from project 'DemoApp')
    cd /Users/mac/SwiftKey/ios-simulator/App.swiftpm
    builtin-copy -exclude .DS_Store -exclude CVS -exclude .svn -exclude .git -exclude .hg -resolve-src-symlinks -rename /Users/mac/SwiftKey/ios-simulator/DerivedData/Build/Intermediates.noindex/DemoApp.build/Debug-iphonesimulator/DemoApp.build/Objects-normal/arm64/DemoApp.abi.json /Users/mac/SwiftKey/ios-simulator/DerivedData/Build/Products/Debug-iphonesimulator/DemoApp.swiftmodule/arm64-apple-ios-simulator.abi.json

Copy /Users/mac/SwiftKey/ios-simulator/DerivedData/Build/Products/Debug-iphonesimulator/DemoApp.swiftmodule/Project/arm64-apple-ios-simulator.swiftsourceinfo /Users/mac/SwiftKey/ios-simulator/DerivedData/Build/Intermediates.noindex/DemoApp.build/Debug-iphonesimulator/DemoApp.build/Objects-normal/arm64/DemoApp.swiftsourceinfo (in target 'DemoApp' from project 'DemoApp')
    cd /Users/mac/SwiftKey/ios-simulator/App.swiftpm
    builtin-copy -exclude .DS_Store -exclude CVS -exclude .svn -exclude .git -exclude .hg -resolve-src-symlinks -rename /Users/mac/SwiftKey/ios-simulator/DerivedData/Build/Intermediates.noindex/DemoApp.build/Debug-iphonesimulator/DemoApp.build/Objects-normal/arm64/DemoApp.swiftsourceinfo /Users/mac/SwiftKey/ios-simulator/DerivedData/Build/Products/Debug-iphonesimulator/DemoApp.swiftmodule/Project/arm64-apple-ios-simulator.swiftsourceinfo

SwiftDriverJobDiscovery normal arm64 Compiling NativeAdapters.swift (in target 'DemoApp' from project 'DemoApp')

SwiftCompile normal arm64 Compiling\ CatalogSupport.swift,\ ContainerPlaygrounds.swift /Users/mac/SwiftKey/ios-simulator/App.swiftpm/Sources/CatalogSupport.swift /Users/mac/SwiftKey/ios-simulator/App.swiftpm/Sources/ContainerPlaygrounds.swift (in target 'DemoApp' from project 'DemoApp')
SwiftCompile normal arm64 /Users/mac/SwiftKey/ios-simulator/App.swiftpm/Sources/CatalogSupport.swift (in target 'DemoApp' from project 'DemoApp')
    cd /Users/mac/SwiftKey/ios-simulator/App.swiftpm/.swiftpm/xcode
    

SwiftCompile normal arm64 /Users/mac/SwiftKey/ios-simulator/App.swiftpm/Sources/ContainerPlaygrounds.swift (in target 'DemoApp' from project 'DemoApp')
    cd /Users/mac/SwiftKey/ios-simulator/App.swiftpm/.swiftpm/xcode
    

SwiftCompile normal arm64 Compiling\ AccessibilityPlaygrounds.swift,\ AnimationPlaygrounds.swift /Users/mac/SwiftKey/ios-simulator/App.swiftpm/Sources/AccessibilityPlaygrounds.swift /Users/mac/SwiftKey/ios-simulator/App.swiftpm/Sources/AnimationPlaygrounds.swift (in target 'DemoApp' from project 'DemoApp')
SwiftCompile normal arm64 /Users/mac/SwiftKey/ios-simulator/App.swiftpm/Sources/AccessibilityPlaygrounds.swift (in target 'DemoApp' from project 'DemoApp')
    cd /Users/mac/SwiftKey/ios-simulator/App.swiftpm/.swiftpm/xcode
    

SwiftCompile normal arm64 /Users/mac/SwiftKey/ios-simulator/App.swiftpm/Sources/AnimationPlaygrounds.swift (in target 'DemoApp' from project 'DemoApp')
    cd /Users/mac/SwiftKey/ios-simulator/App.swiftpm/.swiftpm/xcode
    

SwiftCompile normal arm64 Compiling\ AppearancePlaygrounds.swift,\ BindablePlaygrounds.swift /Users/mac/SwiftKey/ios-simulator/App.swiftpm/Sources/AppearancePlaygrounds.swift /Users/mac/SwiftKey/ios-simulator/App.swiftpm/Sources/BindablePlaygrounds.swift (in target 'DemoApp' from project 'DemoApp')
SwiftCompile normal arm64 /Users/mac/SwiftKey/ios-simulator/App.swiftpm/Sources/AppearancePlaygrounds.swift (in target 'DemoApp' from project 'DemoApp')
    cd /Users/mac/SwiftKey/ios-simulator/App.swiftpm/.swiftpm/xcode
    

SwiftCompile normal arm64 /Users/mac/SwiftKey/ios-simulator/App.swiftpm/Sources/BindablePlaygrounds.swift (in target 'DemoApp' from project 'DemoApp')
    cd /Users/mac/SwiftKey/ios-simulator/App.swiftpm/.swiftpm/xcode
    

SwiftCompile normal arm64 Compiling\ FormInputPlaygrounds.swift,\ FormPlaygrounds.swift /Users/mac/SwiftKey/ios-simulator/App.swiftpm/Sources/FormInputPlaygrounds.swift /Users/mac/SwiftKey/ios-simulator/App.swiftpm/Sources/FormPlaygrounds.swift (in target 'DemoApp' from project 'DemoApp')

SwiftCompile normal arm64 /Users/mac/SwiftKey/ios-simulator/App.swiftpm/Sources/FormInputPlaygrounds.swift (in target 'DemoApp' from project 'DemoApp')
    cd /Users/mac/SwiftKey/ios-simulator/App.swiftpm/.swiftpm/xcode
    

SwiftCompile normal arm64 /Users/mac/SwiftKey/ios-simulator/App.swiftpm/Sources/FormPlaygrounds.swift (in target 'DemoApp' from project 'DemoApp')
    cd /Users/mac/SwiftKey/ios-simulator/App.swiftpm/.swiftpm/xcode
    

SwiftCompile normal arm64 Compiling\ ContextMenuPlaygrounds.swift,\ ControlPlaygrounds.swift /Users/mac/SwiftKey/ios-simulator/App.swiftpm/Sources/ContextMenuPlaygrounds.swift /Users/mac/SwiftKey/ios-simulator/App.swiftpm/Sources/ControlPlaygrounds.swift (in target 'DemoApp' from project 'DemoApp')
SwiftCompile normal arm64 /Users/mac/SwiftKey/ios-simulator/App.swiftpm/Sources/ContextMenuPlaygrounds.swift (in target 'DemoApp' from project 'DemoApp')
    cd /Users/mac/SwiftKey/ios-simulator/App.swiftpm/.swiftpm/xcode
    

SwiftCompile normal arm64 /Users/mac/SwiftKey/ios-simulator/App.swiftpm/Sources/ControlPlaygrounds.swift (in target 'DemoApp' from project 'DemoApp')
    cd /Users/mac/SwiftKey/ios-simulator/App.swiftpm/.swiftpm/xcode
    

SwiftCompile normal arm64 Compiling\ DisclosurePlaygrounds.swift,\ FocusPlaygrounds.swift /Users/mac/SwiftKey/ios-simulator/App.swiftpm/Sources/DisclosurePlaygrounds.swift /Users/mac/SwiftKey/ios-simulator/App.swiftpm/Sources/FocusPlaygrounds.swift (in target 'DemoApp' from project 'DemoApp')

SwiftCompile normal arm64 /Users/mac/SwiftKey/ios-simulator/App.swiftpm/Sources/DisclosurePlaygrounds.swift (in target 'DemoApp' from project 'DemoApp')
    cd /Users/mac/SwiftKey/ios-simulator/App.swiftpm/.swiftpm/xcode
    

SwiftCompile normal arm64 /Users/mac/SwiftKey/ios-simulator/App.swiftpm/Sources/FocusPlaygrounds.swift (in target 'DemoApp' from project 'DemoApp')
    cd /Users/mac/SwiftKey/ios-simulator/App.swiftpm/.swiftpm/xcode
    

SwiftCompile normal arm64 Compiling\ App.swift,\ AppStoragePlaygrounds.swift /Users/mac/SwiftKey/ios-simulator/App.swiftpm/Sources/App.swift /Users/mac/SwiftKey/ios-simulator/App.swiftpm/Sources/AppStoragePlaygrounds.swift (in target 'DemoApp' from project 'DemoApp')

SwiftCompile normal arm64 /Users/mac/SwiftKey/ios-simulator/App.swiftpm/Sources/App.swift (in target 'DemoApp' from project 'DemoApp')
    cd /Users/mac/SwiftKey/ios-simulator/App.swiftpm/.swiftpm/xcode
    

SwiftCompile normal arm64 /Users/mac/SwiftKey/ios-simulator/App.swiftpm/Sources/AppStoragePlaygrounds.swift (in target 'DemoApp' from project 'DemoApp')
    cd /Users/mac/SwiftKey/ios-simulator/App.swiftpm/.swiftpm/xcode
    

SwiftCompile normal arm64 Compiling\ FramePlaygrounds.swift,\ GeometryPlaygrounds.swift /Users/mac/SwiftKey/ios-simulator/App.swiftpm/Sources/FramePlaygrounds.swift /Users/mac/SwiftKey/ios-simulator/App.swiftpm/Sources/GeometryPlaygrounds.swift (in target 'DemoApp' from project 'DemoApp')

SwiftCompile normal arm64 /Users/mac/SwiftKey/ios-simulator/App.swiftpm/Sources/FramePlaygrounds.swift (in target 'DemoApp' from project 'DemoApp')
    cd /Users/mac/SwiftKey/ios-simulator/App.swiftpm/.swiftpm/xcode
    

SwiftCompile normal arm64 /Users/mac/SwiftKey/ios-simulator/App.swiftpm/Sources/GeometryPlaygrounds.swift (in target 'DemoApp' from project 'DemoApp')
    cd /Users/mac/SwiftKey/ios-simulator/App.swiftpm/.swiftpm/xcode
    

SwiftCompile normal arm64 Compiling\ GesturePlaygrounds.swift,\ GraphicsPlaygrounds.swift /Users/mac/SwiftKey/ios-simulator/App.swiftpm/Sources/GesturePlaygrounds.swift /Users/mac/SwiftKey/ios-simulator/App.swiftpm/Sources/GraphicsPlaygrounds.swift (in target 'DemoApp' from project 'DemoApp')

SwiftCompile normal arm64 /Users/mac/SwiftKey/ios-simulator/App.swiftpm/Sources/GesturePlaygrounds.swift (in target 'DemoApp' from project 'DemoApp')
    cd /Users/mac/SwiftKey/ios-simulator/App.swiftpm/.swiftpm/xcode
    

SwiftCompile normal arm64 /Users/mac/SwiftKey/ios-simulator/App.swiftpm/Sources/GraphicsPlaygrounds.swift (in target 'DemoApp' from project 'DemoApp')
    cd /Users/mac/SwiftKey/ios-simulator/App.swiftpm/.swiftpm/xcode
    

SwiftCompile normal arm64 Compiling\ LazyStackPlaygrounds.swift,\ LinkPlaygrounds.swift /Users/mac/SwiftKey/ios-simulator/App.swiftpm/Sources/LazyStackPlaygrounds.swift /Users/mac/SwiftKey/ios-simulator/App.swiftpm/Sources/LinkPlaygrounds.swift (in target 'DemoApp' from project 'DemoApp')

SwiftCompile normal arm64 /Users/mac/SwiftKey/ios-simulator/App.swiftpm/Sources/LazyStackPlaygrounds.swift (in target 'DemoApp' from project 'DemoApp')
    cd /Users/mac/SwiftKey/ios-simulator/App.swiftpm/.swiftpm/xcode
    

SwiftCompile normal arm64 /Users/mac/SwiftKey/ios-simulator/App.swiftpm/Sources/LinkPlaygrounds.swift (in target 'DemoApp' from project 'DemoApp')
    cd /Users/mac/SwiftKey/ios-simulator/App.swiftpm/.swiftpm/xcode
    

SwiftCompile normal arm64 Compiling\ ImagePlaygrounds.swift,\ InteractionPlaygrounds.swift /Users/mac/SwiftKey/ios-simulator/App.swiftpm/Sources/ImagePlaygrounds.swift /Users/mac/SwiftKey/ios-simulator/App.swiftpm/Sources/InteractionPlaygrounds.swift (in target 'DemoApp' from project 'DemoApp')

SwiftCompile normal arm64 /Users/mac/SwiftKey/ios-simulator/App.swiftpm/Sources/ImagePlaygrounds.swift (in target 'DemoApp' from project 'DemoApp')
    cd /Users/mac/SwiftKey/ios-simulator/App.swiftpm/.swiftpm/xcode
    

SwiftCompile normal arm64 /Users/mac/SwiftKey/ios-simulator/App.swiftpm/Sources/InteractionPlaygrounds.swift (in target 'DemoApp' from project 'DemoApp')
    cd /Users/mac/SwiftKey/ios-simulator/App.swiftpm/.swiftpm/xcode
    

SwiftCompile normal arm64 Compiling\ PreferencePlaygrounds.swift,\ SearchablePlaygrounds.swift /Users/mac/SwiftKey/ios-simulator/App.swiftpm/Sources/PreferencePlaygrounds.swift /Users/mac/SwiftKey/ios-simulator/App.swiftpm/Sources/SearchablePlaygrounds.swift (in target 'DemoApp' from project 'DemoApp')

SwiftCompile normal arm64 /Users/mac/SwiftKey/ios-simulator/App.swiftpm/Sources/PreferencePlaygrounds.swift (in target 'DemoApp' from project 'DemoApp')
    cd /Users/mac/SwiftKey/ios-simulator/App.swiftpm/.swiftpm/xcode
    

SwiftCompile normal arm64 /Users/mac/SwiftKey/ios-simulator/App.swiftpm/Sources/SearchablePlaygrounds.swift (in target 'DemoApp' from project 'DemoApp')
    cd /Users/mac/SwiftKey/ios-simulator/App.swiftpm/.swiftpm/xcode
    

SwiftCompile normal arm64 Compiling\ LabelPlaygrounds.swift,\ LayoutPlaygrounds.swift /Users/mac/SwiftKey/ios-simulator/App.swiftpm/Sources/LabelPlaygrounds.swift /Users/mac/SwiftKey/ios-simulator/App.swiftpm/Sources/LayoutPlaygrounds.swift (in target 'DemoApp' from project 'DemoApp')

SwiftCompile normal arm64 /Users/mac/SwiftKey/ios-simulator/App.swiftpm/Sources/LabelPlaygrounds.swift (in target 'DemoApp' from project 'DemoApp')
    cd /Users/mac/SwiftKey/ios-simulator/App.swiftpm/.swiftpm/xcode
    

SwiftCompile normal arm64 /Users/mac/SwiftKey/ios-simulator/App.swiftpm/Sources/LayoutPlaygrounds.swift (in target 'DemoApp' from project 'DemoApp')
    cd /Users/mac/SwiftKey/ios-simulator/App.swiftpm/.swiftpm/xcode
    

SwiftCompile normal arm64 Compiling\ StylePlaygrounds.swift /Users/mac/SwiftKey/ios-simulator/App.swiftpm/Sources/StylePlaygrounds.swift (in target 'DemoApp' from project 'DemoApp')

SwiftCompile normal arm64 /Users/mac/SwiftKey/ios-simulator/App.swiftpm/Sources/StylePlaygrounds.swift (in target 'DemoApp' from project 'DemoApp')
    cd /Users/mac/SwiftKey/ios-simulator/App.swiftpm/.swiftpm/xcode
    

SwiftCompile normal arm64 Compiling\ StatePlaygrounds.swift /Users/mac/SwiftKey/ios-simulator/App.swiftpm/Sources/StatePlaygrounds.swift (in target 'DemoApp' from project 'DemoApp')

SwiftCompile normal arm64 /Users/mac/SwiftKey/ios-simulator/App.swiftpm/Sources/StatePlaygrounds.swift (in target 'DemoApp' from project 'DemoApp')
    cd /Users/mac/SwiftKey/ios-simulator/App.swiftpm/.swiftpm/xcode
    

SwiftCompile normal arm64 Compiling\ VideoPlaygrounds.swift /Users/mac/SwiftKey/ios-simulator/App.swiftpm/Sources/VideoPlaygrounds.swift (in target 'DemoApp' from project 'DemoApp')

SwiftCompile normal arm64 /Users/mac/SwiftKey/ios-simulator/App.swiftpm/Sources/VideoPlaygrounds.swift (in target 'DemoApp' from project 'DemoApp')
    cd /Users/mac/SwiftKey/ios-simulator/App.swiftpm/.swiftpm/xcode
    

SwiftCompile normal arm64 Compiling\ ToolbarPlaygrounds.swift /Users/mac/SwiftKey/ios-simulator/App.swiftpm/Sources/ToolbarPlaygrounds.swift (in target 'DemoApp' from project 'DemoApp')

SwiftCompile normal arm64 /Users/mac/SwiftKey/ios-simulator/App.swiftpm/Sources/ToolbarPlaygrounds.swift (in target 'DemoApp' from project 'DemoApp')
    cd /Users/mac/SwiftKey/ios-simulator/App.swiftpm/.swiftpm/xcode
    

SwiftCompile normal arm64 Compiling\ MoreControlsPlaygrounds.swift,\ PopoverPlaygrounds.swift /Users/mac/SwiftKey/ios-simulator/App.swiftpm/Sources/MoreControlsPlaygrounds.swift /Users/mac/SwiftKey/ios-simulator/App.swiftpm/Sources/PopoverPlaygrounds.swift (in target 'DemoApp' from project 'DemoApp')

SwiftCompile normal arm64 /Users/mac/SwiftKey/ios-simulator/App.swiftpm/Sources/MoreControlsPlaygrounds.swift (in target 'DemoApp' from project 'DemoApp')
    cd /Users/mac/SwiftKey/ios-simulator/App.swiftpm/.swiftpm/xcode
    

SwiftCompile normal arm64 /Users/mac/SwiftKey/ios-simulator/App.swiftpm/Sources/PopoverPlaygrounds.swift (in target 'DemoApp' from project 'DemoApp')
    cd /Users/mac/SwiftKey/ios-simulator/App.swiftpm/.swiftpm/xcode
    

SwiftDriverJobDiscovery normal arm64 Compiling Catalog.swift (in target 'DemoApp' from project 'DemoApp')

SwiftDriverJobDiscovery normal arm64 Compiling VideoPlaygrounds.swift (in target 'DemoApp' from project 'DemoApp')

SwiftDriverJobDiscovery normal arm64 Compiling ToolbarPlaygrounds.swift (in target 'DemoApp' from project 'DemoApp')

SwiftDriverJobDiscovery normal arm64 Compiling LazyStackPlaygrounds.swift, LinkPlaygrounds.swift (in target 'DemoApp' from project 'DemoApp')

SwiftDriverJobDiscovery normal arm64 Compiling FramePlaygrounds.swift, GeometryPlaygrounds.swift (in target 'DemoApp' from project 'DemoApp')

SwiftDriverJobDiscovery normal arm64 Compiling App.swift, AppStoragePlaygrounds.swift (in target 'DemoApp' from project 'DemoApp')

SwiftDriverJobDiscovery normal arm64 Compiling DisclosurePlaygrounds.swift, FocusPlaygrounds.swift (in target 'DemoApp' from project 'DemoApp')

SwiftDriverJobDiscovery normal arm64 Compiling FormInputPlaygrounds.swift, FormPlaygrounds.swift (in target 'DemoApp' from project 'DemoApp')

SwiftDriverJobDiscovery normal arm64 Compiling StylePlaygrounds.swift (in target 'DemoApp' from project 'DemoApp')

SwiftDriverJobDiscovery normal arm64 Compiling StatePlaygrounds.swift (in target 'DemoApp' from project 'DemoApp')

SwiftDriverJobDiscovery normal arm64 Compiling GesturePlaygrounds.swift, GraphicsPlaygrounds.swift (in target 'DemoApp' from project 'DemoApp')

SwiftDriverJobDiscovery normal arm64 Compiling CatalogSupport.swift, ContainerPlaygrounds.swift (in target 'DemoApp' from project 'DemoApp')

SwiftDriverJobDiscovery normal arm64 Compiling AccessibilityPlaygrounds.swift, AnimationPlaygrounds.swift (in target 'DemoApp' from project 'DemoApp')

SwiftDriverJobDiscovery normal arm64 Compiling PreferencePlaygrounds.swift, SearchablePlaygrounds.swift (in target 'DemoApp' from project 'DemoApp')

SwiftDriverJobDiscovery normal arm64 Compiling LabelPlaygrounds.swift, LayoutPlaygrounds.swift (in target 'DemoApp' from project 'DemoApp')

SwiftDriverJobDiscovery normal arm64 Compiling ImagePlaygrounds.swift, InteractionPlaygrounds.swift (in target 'DemoApp' from project 'DemoApp')

SwiftDriverJobDiscovery normal arm64 Compiling AppearancePlaygrounds.swift, BindablePlaygrounds.swift (in target 'DemoApp' from project 'DemoApp')

SwiftDriverJobDiscovery normal arm64 Compiling MoreControlsPlaygrounds.swift, PopoverPlaygrounds.swift (in target 'DemoApp' from project 'DemoApp')

SwiftDriverJobDiscovery normal arm64 Compiling ContextMenuPlaygrounds.swift, ControlPlaygrounds.swift (in target 'DemoApp' from project 'DemoApp')

SwiftDriver\ Compilation DemoApp normal arm64 com.apple.xcode.tools.swift.compiler (in target 'DemoApp' from project 'DemoApp')
    cd /Users/mac/SwiftKey/ios-simulator/App.swiftpm/.swiftpm/xcode
    builtin-Swift-Compilation -- /Applications/Xcode.app/Contents/Developer/Toolchains/XcodeDefault.xctoolchain/usr/bin/swiftc -module-name DemoApp -Onone @/Users/mac/SwiftKey/ios-simulator/DerivedData/Build/Intermediates.noindex/DemoApp.build/Debug-iphonesimulator/DemoApp.build/Objects-normal/arm64/DemoApp.SwiftFileList -DSWIFT_PACKAGE -DDEBUG -DXcode -enable-upcoming-feature BareSlashRegexLiterals -plugin-path /Applications/Xcode.app/Contents/Developer/Toolchains/XcodeDefault.xctoolchain/usr/lib/swift/host/plugins/testing -enable-experimental-feature DebugDescriptionMacro -sdk /Applications/Xcode.app/Contents/Developer/Platforms/iPhoneSimulator.platform/Developer/SDKs/iPhoneSimulator26.4.sdk -target arm64-apple-ios18.1-simulator -g -module-cache-path /Users/mac/SwiftKey/ios-simulator/DerivedData/ModuleCache.noindex -Xfrontend -serialize-debugging-options -enable-testing -index-store-path /Users/mac/SwiftKey/ios-simulator/DerivedData/Index.noindex/DataStore -Xcc -D_LIBCPP_HARDENING_MODE\=_LIBCPP_HARDENING_MODE_DEBUG -swift-version 5 -I /Users/mac/SwiftKey/ios-simulator/DerivedData/Build/Products/Debug-iphonesimulator -Isystem /Applications/Xcode.app/Contents/Developer/Platforms/iPhoneSimulator.platform/Developer/usr/lib -F /Users/mac/SwiftKey/ios-simulator/DerivedData/Build/Products/Debug-iphonesimulator -F /Applications/Xcode.app/Contents/Developer/Platforms/iPhoneSimulator.platform/Developer/Library/Frameworks -F /Applications/Xcode.app/Contents/Developer/Platforms/iPhoneSimulator.platform/Developer/SDKs/iPhoneSimulator26.4.sdk/Developer/Library/Frameworks -c -j18 -enable-batch-mode -incremental -Xcc -ivfsstatcache -Xcc /Users/mac/SwiftKey/ios-simulator/DerivedData/SDKStatCaches.noindex/iphonesimulator26.4-23E252-7f12df34e8336710d3a34b6079cd84e6686eebb5dc1d8ecb277353a59184f4aa.sdkstatcache -output-file-map /Users/mac/SwiftKey/ios-simulator/DerivedData/Build/Intermediates.noindex/DemoApp.build/Debug-iphonesimulator/DemoApp.build/Objects-normal/arm64/DemoApp-OutputFileMap.json -use-frontend-parseable-output -save-temps -no-color-diagnostics -explicit-module-build -module-cache-path /Users/mac/SwiftKey/ios-simulator/DerivedData/Build/Intermediates.noindex/SwiftExplicitPrecompiledModules -clang-scanner-module-cache-path /Users/mac/SwiftKey/ios-simulator/DerivedData/ModuleCache.noindex -sdk-module-cache-path /Users/mac/SwiftKey/ios-simulator/DerivedData/ModuleCache.noindex -serialize-diagnostics -emit-dependencies -emit-module -emit-module-path /Users/mac/SwiftKey/ios-simulator/DerivedData/Build/Intermediates.noindex/DemoApp.build/Debug-iphonesimulator/DemoApp.build/Objects-normal/arm64/DemoApp.swiftmodule -validate-clang-modules-once -clang-build-session-file /Users/mac/SwiftKey/ios-simulator/DerivedData/ModuleCache.noindex/Session.modulevalidation -package-name app_swiftpm -emit-const-values -Xfrontend -const-gather-protocols-file -Xfrontend /Users/mac/SwiftKey/ios-simulator/DerivedData/Build/Intermediates.noindex/DemoApp.build/Debug-iphonesimulator/DemoApp.build/Objects-normal/arm64/DemoApp_const_extract_protocols.json -Xcc -I/Users/mac/SwiftKey/ios-simulator/DerivedData/Build/Products/Debug-iphonesimulator/include -Xcc -I/Users/mac/SwiftKey/ios-simulator/DerivedData/Build/Intermediates.noindex/DemoApp.build/Debug-iphonesimulator/DemoApp.build/DerivedSources-normal/arm64 -Xcc -I/Users/mac/SwiftKey/ios-simulator/DerivedData/Build/Intermediates.noindex/DemoApp.build/Debug-iphonesimulator/DemoApp.build/DerivedSources/arm64 -Xcc -I/Users/mac/SwiftKey/ios-simulator/DerivedData/Build/Intermediates.noindex/DemoApp.build/Debug-iphonesimulator/DemoApp.build/DerivedSources -Xcc -DSWIFT_PACKAGE -Xcc -DDEBUG\=1 -working-directory /Users/mac/SwiftKey/ios-simulator/App.swiftpm/.swiftpm/xcode -experimental-emit-module-separately -disable-cmo

Ld /Users/mac/SwiftKey/ios-simulator/DerivedData/Build/Products/Debug-iphonesimulator/DemoApp.app/DemoApp.debug.dylib normal (in target 'DemoApp' from project 'DemoApp')
    cd /Users/mac/SwiftKey/ios-simulator/App.swiftpm
    /Applications/Xcode.app/Contents/Developer/Toolchains/XcodeDefault.xctoolchain/usr/bin/clang -Xlinker -reproducible -target arm64-apple-ios18.1-simulator -dynamiclib -isysroot /Applications/Xcode.app/Contents/Developer/Platforms/iPhoneSimulator.platform/Developer/SDKs/iPhoneSimulator26.4.sdk -O0 -L/Users/mac/SwiftKey/ios-simulator/DerivedData/Build/Intermediates.noindex/EagerLinkingTBDs/Debug-iphonesimulator -L/Users/mac/SwiftKey/ios-simulator/DerivedData/Build/Products/Debug-iphonesimulator -L/Applications/Xcode.app/Contents/Developer/Platforms/iPhoneSimulator.platform/Developer/usr/lib -F/Users/mac/SwiftKey/ios-simulator/DerivedData/Build/Intermediates.noindex/EagerLinkingTBDs/Debug-iphonesimulator -F/Users/mac/SwiftKey/ios-simulator/DerivedData/Build/Products/Debug-iphonesimulator -iframework /Applications/Xcode.app/Contents/Developer/Platforms/iPhoneSimulator.platform/Developer/Library/Frameworks -iframework /Applications/Xcode.app/Contents/Developer/Platforms/iPhoneSimulator.platform/Developer/SDKs/iPhoneSimulator26.4.sdk/Developer/Library/Frameworks -filelist /Users/mac/SwiftKey/ios-simulator/DerivedData/Build/Intermediates.noindex/DemoApp.build/Debug-iphonesimulator/DemoApp.build/Objects-normal/arm64/DemoApp.LinkFileList -install_name @rpath/DemoApp.debug.dylib -Xlinker -rpath -Xlinker /usr/lib/swift -Xlinker -rpath -Xlinker @executable_path/../lib -Xlinker -dead_strip -Xlinker -object_path_lto -Xlinker /Users/mac/SwiftKey/ios-simulator/DerivedData/Build/Intermediates.noindex/DemoApp.build/Debug-iphonesimulator/DemoApp.build/Objects-normal/arm64/DemoApp_lto.o -rdynamic -Xlinker -no_deduplicate -Xlinker -objc_abi_version -Xlinker 2 -Xlinker -dependency_info -Xlinker /Users/mac/SwiftKey/ios-simulator/DerivedData/Build/Intermediates.noindex/DemoApp.build/Debug-iphonesimulator/DemoApp.build/Objects-normal/arm64/DemoApp_dependency_info.dat -fobjc-link-runtime -L/Applications/Xcode.app/Contents/Developer/Toolchains/XcodeDefault.xctoolchain/usr/lib/swift/iphonesimulator -L/usr/lib/swift -Xlinker -add_ast_path -Xlinker /Users/mac/SwiftKey/ios-simulator/DerivedData/Build/Intermediates.noindex/DemoApp.build/Debug-iphonesimulator/DemoApp.build/Objects-normal/arm64/DemoApp.swiftmodule @/Users/mac/SwiftKey/ios-simulator/DerivedData/Build/Intermediates.noindex/DemoApp.build/Debug-iphonesimulator/DemoApp.build/Objects-normal/arm64/DemoApp-linker-args.resp -Xlinker -alias -Xlinker _main -Xlinker ___debug_main_executable_dylib_entry_point -o /Users/mac/SwiftKey/ios-simulator/DerivedData/Build/Products/Debug-iphonesimulator/DemoApp.app/DemoApp.debug.dylib

ConstructStubExecutorLinkFileList /Users/mac/SwiftKey/ios-simulator/DerivedData/Build/Intermediates.noindex/DemoApp.build/Debug-iphonesimulator/DemoApp.build/DemoApp-ExecutorLinkFileList-normal-arm64.txt (in target 'DemoApp' from project 'DemoApp')
    cd /Users/mac/SwiftKey/ios-simulator/App.swiftpm
    construct-stub-executor-link-file-list /Users/mac/SwiftKey/ios-simulator/DerivedData/Build/Products/Debug-iphonesimulator/DemoApp.app/DemoApp.debug.dylib /Applications/Xcode.app/Contents/Developer/Platforms/iPhoneSimulator.platform/Developer/usr/lib/libPreviewsJITStubExecutor_no_swift_entry_point.a /Applications/Xcode.app/Contents/Developer/Platforms/iPhoneSimulator.platform/Developer/usr/lib/libPreviewsJITStubExecutor.a --output /Users/mac/SwiftKey/ios-simulator/DerivedData/Build/Intermediates.noindex/DemoApp.build/Debug-iphonesimulator/DemoApp.build/DemoApp-ExecutorLinkFileList-normal-arm64.txt
note: Using stub executor library with Swift entry point. (in target 'DemoApp' from project 'DemoApp')

Ld /Users/mac/SwiftKey/ios-simulator/DerivedData/Build/Products/Debug-iphonesimulator/DemoApp.app/DemoApp normal (in target 'DemoApp' from project 'DemoApp')
    cd /Users/mac/SwiftKey/ios-simulator/App.swiftpm
    /Applications/Xcode.app/Contents/Developer/Toolchains/XcodeDefault.xctoolchain/usr/bin/clang -Xlinker -reproducible -target arm64-apple-ios18.1-simulator -isysroot /Applications/Xcode.app/Contents/Developer/Platforms/iPhoneSimulator.platform/Developer/SDKs/iPhoneSimulator26.4.sdk -O0 -L/Users/mac/SwiftKey/ios-simulator/DerivedData/Build/Products/Debug-iphonesimulator -L/Applications/Xcode.app/Contents/Developer/Platforms/iPhoneSimulator.platform/Developer/usr/lib -F/Users/mac/SwiftKey/ios-simulator/DerivedData/Build/Products/Debug-iphonesimulator -iframework /Applications/Xcode.app/Contents/Developer/Platforms/iPhoneSimulator.platform/Developer/Library/Frameworks -iframework /Applications/Xcode.app/Contents/Developer/Platforms/iPhoneSimulator.platform/Developer/SDKs/iPhoneSimulator26.4.sdk/Developer/Library/Frameworks -Xlinker -rpath -Xlinker @executable_path -Xlinker -rpath -Xlinker @executable_path/../lib -rdynamic -Xlinker -no_deduplicate -Xlinker -objc_abi_version -Xlinker 2 -e ___debug_blank_executor_main -Xlinker -sectcreate -Xlinker __TEXT -Xlinker __debug_dylib -Xlinker /Users/mac/SwiftKey/ios-simulator/DerivedData/Build/Intermediates.noindex/DemoApp.build/Debug-iphonesimulator/DemoApp.build/DemoApp-DebugDylibPath-normal-arm64.txt -Xlinker -sectcreate -Xlinker __TEXT -Xlinker __debug_instlnm -Xlinker /Users/mac/SwiftKey/ios-simulator/DerivedData/Build/Intermediates.noindex/DemoApp.build/Debug-iphonesimulator/DemoApp.build/DemoApp-DebugDylibInstallName-normal-arm64.txt -Xlinker -filelist -Xlinker /Users/mac/SwiftKey/ios-simulator/DerivedData/Build/Intermediates.noindex/DemoApp.build/Debug-iphonesimulator/DemoApp.build/DemoApp-ExecutorLinkFileList-normal-arm64.txt /Users/mac/SwiftKey/ios-simulator/DerivedData/Build/Products/Debug-iphonesimulator/DemoApp.app/DemoApp.debug.dylib -o /Users/mac/SwiftKey/ios-simulator/DerivedData/Build/Products/Debug-iphonesimulator/DemoApp.app/DemoApp

CopySwiftLibs /Users/mac/SwiftKey/ios-simulator/DerivedData/Build/Products/Debug-iphonesimulator/DemoApp.app (in target 'DemoApp' from project 'DemoApp')
    cd /Users/mac/SwiftKey/ios-simulator/App.swiftpm
    builtin-swiftStdLibTool --copy --verbose --scan-executable /Users/mac/SwiftKey/ios-simulator/DerivedData/Build/Products/Debug-iphonesimulator/DemoApp.app/DemoApp.debug.dylib --scan-folder /Users/mac/SwiftKey/ios-simulator/DerivedData/Build/Products/Debug-iphonesimulator/DemoApp.app/Frameworks --scan-folder /Users/mac/SwiftKey/ios-simulator/DerivedData/Build/Products/Debug-iphonesimulator/DemoApp.app/PlugIns --scan-folder /Users/mac/SwiftKey/ios-simulator/DerivedData/Build/Products/Debug-iphonesimulator/DemoApp.app/SystemExtensions --scan-folder /Users/mac/SwiftKey/ios-simulator/DerivedData/Build/Products/Debug-iphonesimulator/DemoApp.app/Extensions --platform iphonesimulator --toolchain /Applications/Xcode.app/Contents/Developer/Toolchains/XcodeDefault.xctoolchain --destination /Users/mac/SwiftKey/ios-simulator/DerivedData/Build/Products/Debug-iphonesimulator/DemoApp.app/Frameworks --strip-bitcode --strip-bitcode-tool /Applications/Xcode.app/Contents/Developer/Toolchains/XcodeDefault.xctoolchain/usr/bin/bitcode_strip --emit-dependency-info /Users/mac/SwiftKey/ios-simulator/DerivedData/Build/Intermediates.noindex/DemoApp.build/Debug-iphonesimulator/DemoApp.build/SwiftStdLibToolInputDependencies.dep --filter-for-swift-os
Ignoring --strip-bitcode because --sign was not passed

ExtractAppIntentsMetadata (in target 'DemoApp' from project 'DemoApp')
    cd /Users/mac/SwiftKey/ios-simulator/App.swiftpm
    /Applications/Xcode.app/Contents/Developer/Toolchains/XcodeDefault.xctoolchain/usr/bin/appintentsmetadataprocessor --toolchain-dir /Applications/Xcode.app/Contents/Developer/Toolchains/XcodeDefault.xctoolchain --module-name DemoApp --sdk-root /Applications/Xcode.app/Contents/Developer/Platforms/iPhoneSimulator.platform/Developer/SDKs/iPhoneSimulator26.4.sdk --xcode-version 17E202 --platform-family iOS --deployment-target 18.1 --bundle-identifier com.swiftkey.catalog.demo --output /Users/mac/SwiftKey/ios-simulator/DerivedData/Build/Products/Debug-iphonesimulator/DemoApp.app --target-triple arm64-apple-ios18.1-simulator --binary-file /Users/mac/SwiftKey/ios-simulator/DerivedData/Build/Products/Debug-iphonesimulator/DemoApp.app/DemoApp --dependency-file /Users/mac/SwiftKey/ios-simulator/DerivedData/Build/Intermediates.noindex/DemoApp.build/Debug-iphonesimulator/DemoApp.build/Objects-normal/arm64/DemoApp_dependency_info.dat --stringsdata-file /Users/mac/SwiftKey/ios-simulator/DerivedData/Build/Intermediates.noindex/DemoApp.build/Debug-iphonesimulator/DemoApp.build/Objects-normal/arm64/ExtractedAppShortcutsMetadata.stringsdata --source-file-list /Users/mac/SwiftKey/ios-simulator/DerivedData/Build/Intermediates.noindex/DemoApp.build/Debug-iphonesimulator/DemoApp.build/Objects-normal/arm64/DemoApp.SwiftFileList --metadata-file-list /Users/mac/SwiftKey/ios-simulator/DerivedData/Build/Intermediates.noindex/DemoApp.build/Debug-iphonesimulator/DemoApp.build/DemoApp.DependencyMetadataFileList --static-metadata-file-list /Users/mac/SwiftKey/ios-simulator/DerivedData/Build/Intermediates.noindex/DemoApp.build/Debug-iphonesimulator/DemoApp.build/DemoApp.DependencyStaticMetadataFileList --swift-const-vals-list /Users/mac/SwiftKey/ios-simulator/DerivedData/Build/Intermediates.noindex/DemoApp.build/Debug-iphonesimulator/DemoApp.build/Objects-normal/arm64/DemoApp.SwiftConstValuesFileList --compile-time-extraction --deployment-aware-processing --validate-assistant-intents --no-app-shortcuts-localization
2026-09-19 09:19:29.642 appintentsmetadataprocessor[36761:33929135] Starting appintentsmetadataprocessor export
2026-09-19 09:19:29.646 appintentsmetadataprocessor[36761:33929135] warning: Metadata extraction skipped. No AppIntents.framework dependency found.

AppIntentsSSUTraining (in target 'DemoApp' from project 'DemoApp')
    cd /Users/mac/SwiftKey/ios-simulator/App.swiftpm
    /Applications/Xcode.app/Contents/Developer/Toolchains/XcodeDefault.xctoolchain/usr/bin/appintentsnltrainingprocessor --infoplist-path /Users/mac/SwiftKey/ios-simulator/DerivedData/Build/Products/Debug-iphonesimulator/DemoApp.app/Info.plist --temp-dir-path /Users/mac/SwiftKey/ios-simulator/DerivedData/Build/Intermediates.noindex/DemoApp.build/Debug-iphonesimulator/DemoApp.build/ssu --bundle-id com.swiftkey.catalog.demo --product-path /Users/mac/SwiftKey/ios-simulator/DerivedData/Build/Products/Debug-iphonesimulator/DemoApp.app --extracted-metadata-path /Users/mac/SwiftKey/ios-simulator/DerivedData/Build/Products/Debug-iphonesimulator/DemoApp.app/Metadata.appintents --metadata-file-list /Users/mac/SwiftKey/ios-simulator/DerivedData/Build/Intermediates.noindex/DemoApp.build/Debug-iphonesimulator/DemoApp.build/DemoApp.DependencyMetadataFileList --source-file /Users/mac/SwiftKey/ios-simulator/DerivedData/Build/Products/Debug-iphonesimulator/DemoApp.app/Info.plist --archive-ssu-assets
2026-09-19 09:19:29.662 appintentsnltrainingprocessor[36762:33929137] Parsing options for appintentsnltrainingprocessor
2026-09-19 09:19:29.662 appintentsnltrainingprocessor[36762:33929137] Starting AppIntents SSU YAML Generation
2026-09-19 09:19:29.664 appintentsnltrainingprocessor[36762:33929137] No AppShortcuts found - Skipping.

RegisterExecutionPolicyException /Users/mac/SwiftKey/ios-simulator/DerivedData/Build/Products/Debug-iphonesimulator/DemoApp.app (in target 'DemoApp' from project 'DemoApp')
    cd /Users/mac/SwiftKey/ios-simulator/App.swiftpm
    builtin-RegisterExecutionPolicyException /Users/mac/SwiftKey/ios-simulator/DerivedData/Build/Products/Debug-iphonesimulator/DemoApp.app

Validate /Users/mac/SwiftKey/ios-simulator/DerivedData/Build/Products/Debug-iphonesimulator/DemoApp.app (in target 'DemoApp' from project 'DemoApp')
    cd /Users/mac/SwiftKey/ios-simulator/App.swiftpm
    builtin-validationUtility /Users/mac/SwiftKey/ios-simulator/DerivedData/Build/Products/Debug-iphonesimulator/DemoApp.app -shallow-bundle -infoplist-subpath Info.plist

Touch /Users/mac/SwiftKey/ios-simulator/DerivedData/Build/Products/Debug-iphonesimulator/DemoApp.app (in target 'DemoApp' from project 'DemoApp')
    cd /Users/mac/SwiftKey/ios-simulator/App.swiftpm
    /usr/bin/touch -c /Users/mac/SwiftKey/ios-simulator/DerivedData/Build/Products/Debug-iphonesimulator/DemoApp.app

** BUILD SUCCEEDED **

