Fetching https://github.com/vapor/vapor.git
Updating https://github.com/apple/swift-crypto.git
Updated https://github.com/apple/swift-crypto.git (0.44s)
[1/81402] Fetching vapor
Updating https://github.com/apple/swift-asn1.git
Fetched https://github.com/vapor/vapor.git from cache (1.73s)
Updated https://github.com/apple/swift-asn1.git (0.45s)
Computing version for https://github.com/apple/swift-asn1.git
Computed https://github.com/apple/swift-asn1.git at 1.7.3 (2.23s)
Computing version for https://github.com/apple/swift-crypto.git
Computed https://github.com/apple/swift-crypto.git at 4.5.2 (0.04s)
Computing version for https://github.com/vapor/vapor.git
Computed https://github.com/vapor/vapor.git at 4.122.2 (0.42s)
Fetching https://github.com/vapor/websocket-kit.git
Fetching https://github.com/vapor/multipart-kit.git
Fetching https://github.com/vapor/routing-kit.git
Updating https://github.com/apple/swift-atomics.git
Updated https://github.com/apple/swift-atomics.git (0.45s)
Updating https://github.com/apple/swift-log.git
[1/2670] Fetching websocket-kit
[349/8948] Fetching websocket-kit, multipart-kit
[1619/30504] Fetching websocket-kit, multipart-kit, routing-kit
Updating https://github.com/apple/swift-distributed-tracing.git
Updating https://github.com/apple/swift-nio-extras.git
Updating https://github.com/apple/swift-certificates.git
Fetched https://github.com/vapor/websocket-kit.git from cache (0.83s)
[1786/27834] Fetching multipart-kit, routing-kit
Fetching https://github.com/vapor/async-kit.git
Updated https://github.com/apple/swift-log.git (0.54s)
Updating https://github.com/swift-server/async-http-client.git
Updated https://github.com/apple/swift-certificates.git (0.51s)
Updated https://github.com/apple/swift-distributed-tracing.git (0.51s)
Updated https://github.com/apple/swift-nio-extras.git (0.51s)
Fetching https://github.com/vapor/console-kit.git
[7862/30348] Fetching multipart-kit, routing-kit, async-kit
Updating https://github.com/apple/swift-nio-http2.git
Fetched https://github.com/vapor/multipart-kit.git from cache (1.54s)
[3044/24070] Fetching routing-kit, async-kit
Updated https://github.com/swift-server/async-http-client.git (0.54s)
Fetched https://github.com/vapor/async-kit.git from cache (0.79s)
[3449/21556] Fetching routing-kit
[3882/28399] Fetching routing-kit, console-kit
Updated https://github.com/apple/swift-nio-http2.git (0.52s)
Fetched https://github.com/vapor/console-kit.git from cache (0.80s)
[6467/21556] Fetching routing-kit
Updating https://github.com/apple/swift-nio.git
Updating https://github.com/apple/swift-metrics.git
Updating https://github.com/apple/swift-algorithms.git
Updating https://github.com/apple/swift-service-context.git
Updating https://github.com/apple/swift-nio-ssl.git
Fetched https://github.com/vapor/routing-kit.git from cache (6.61s)
Updated https://github.com/apple/swift-nio.git (0.70s)
Updated https://github.com/apple/swift-nio-ssl.git (0.70s)
Updated https://github.com/apple/swift-metrics.git (0.70s)
Updated https://github.com/apple/swift-service-context.git (0.70s)
Updated https://github.com/apple/swift-algorithms.git (0.70s)
Computing version for https://github.com/apple/swift-atomics.git
Computed https://github.com/apple/swift-atomics.git at 1.3.1 (7.80s)
Computing version for https://github.com/apple/swift-algorithms.git
Computed https://github.com/apple/swift-algorithms.git at 1.2.1 (0.61s)
Updating https://github.com/apple/swift-numerics.git
Updated https://github.com/apple/swift-numerics.git (0.50s)
Computing version for https://github.com/vapor/routing-kit.git
Computed https://github.com/vapor/routing-kit.git at 4.9.3 (0.93s)
Computing version for https://github.com/apple/swift-service-context.git
Computed https://github.com/apple/swift-service-context.git at 1.3.0 (0.37s)
Computing version for https://github.com/vapor/websocket-kit.git
Computed https://github.com/vapor/websocket-kit.git at 2.16.2 (0.40s)
Updating https://github.com/apple/swift-nio-transport-services.git
Updated https://github.com/apple/swift-nio-transport-services.git (0.47s)
Computing version for https://github.com/apple/swift-numerics.git
Computed https://github.com/apple/swift-numerics.git at 1.1.1 (0.91s)
Computing version for https://github.com/vapor/console-kit.git
Computed https://github.com/vapor/console-kit.git at 4.16.1 (0.40s)
Computing version for https://github.com/apple/swift-log.git
Computed https://github.com/apple/swift-log.git at 1.15.1 (0.49s)
Computing version for https://github.com/vapor/async-kit.git
Computed https://github.com/vapor/async-kit.git at 1.22.0 (0.45s)
Updating https://github.com/apple/swift-collections.git
Updated https://github.com/apple/swift-collections.git (0.51s)
Computing version for https://github.com/apple/swift-collections.git
Computed https://github.com/apple/swift-collections.git at 1.6.0 (1.05s)
Computing version for https://github.com/apple/swift-metrics.git
Computed https://github.com/apple/swift-metrics.git at 2.11.0 (0.42s)
Computing version for https://github.com/apple/swift-nio-ssl.git
Computed https://github.com/apple/swift-nio-ssl.git at 2.37.5 (0.43s)
Computing version for https://github.com/apple/swift-nio.git
Computed https://github.com/apple/swift-nio.git at 2.103.0 (0.45s)
Updating https://github.com/apple/swift-system.git
Updated https://github.com/apple/swift-system.git (0.51s)
Computing version for https://github.com/vapor/multipart-kit.git
Computed https://github.com/vapor/multipart-kit.git at 4.7.1 (0.96s)
Computing version for https://github.com/apple/swift-distributed-tracing.git
Computed https://github.com/apple/swift-distributed-tracing.git at 1.5.0 (0.40s)
Computing version for https://github.com/apple/swift-certificates.git
Computed https://github.com/apple/swift-certificates.git at 1.20.0 (0.53s)
Computing version for https://github.com/apple/swift-nio-transport-services.git
Computed https://github.com/apple/swift-nio-transport-services.git at 1.28.0 (0.45s)
Computing version for https://github.com/apple/swift-system.git
Computed https://github.com/apple/swift-system.git at 1.8.1 (0.42s)
Computing version for https://github.com/apple/swift-nio-extras.git
Computed https://github.com/apple/swift-nio-extras.git at 1.35.1 (0.53s)
Updating https://github.com/apple/swift-async-algorithms.git
Updating https://github.com/apple/swift-http-types.git
Updating https://github.com/swift-server/swift-service-lifecycle.git
Updating https://github.com/apple/swift-http-structured-headers.git
Updated https://github.com/apple/swift-http-types.git (0.94s)
Updated https://github.com/apple/swift-async-algorithms.git (0.94s)
Updated https://github.com/swift-server/swift-service-lifecycle.git (0.94s)
Updated https://github.com/apple/swift-http-structured-headers.git (0.94s)
Computing version for https://github.com/swift-server/swift-service-lifecycle.git
Computed https://github.com/swift-server/swift-service-lifecycle.git at 2.12.0 (1.40s)
Computing version for https://github.com/apple/swift-async-algorithms.git
Computed https://github.com/apple/swift-async-algorithms.git at 1.1.5 (0.41s)
Computing version for https://github.com/apple/swift-http-structured-headers.git
Computed https://github.com/apple/swift-http-structured-headers.git at 1.7.0 (0.40s)
Computing version for https://github.com/apple/swift-http-types.git
Computed https://github.com/apple/swift-http-types.git at 1.8.0 (0.40s)
Computing version for https://github.com/apple/swift-nio-http2.git
Computed https://github.com/apple/swift-nio-http2.git at 1.46.0 (0.41s)
Computing version for https://github.com/swift-server/async-http-client.git
Computed https://github.com/swift-server/async-http-client.git at 1.36.1 (0.42s)
Updating https://github.com/apple/swift-configuration.git
Updated https://github.com/apple/swift-configuration.git (0.42s)
Computing version for https://github.com/apple/swift-configuration.git
Computed https://github.com/apple/swift-configuration.git at 1.2.0 (0.97s)
Removing https://github.com/hummingbird-project/hummingbird.git
Creating working copy for https://github.com/vapor/websocket-kit.git
Working copy of https://github.com/vapor/websocket-kit.git resolved at 2.16.2
Creating working copy for https://github.com/vapor/vapor.git
Working copy of https://github.com/vapor/vapor.git resolved at 4.122.2
Creating working copy for https://github.com/vapor/async-kit.git
Working copy of https://github.com/vapor/async-kit.git resolved at 1.22.0
Creating working copy for https://github.com/vapor/console-kit.git
Working copy of https://github.com/vapor/console-kit.git resolved at 4.16.1
Creating working copy for https://github.com/vapor/multipart-kit.git
Working copy of https://github.com/vapor/multipart-kit.git resolved at 4.7.1
Creating working copy for https://github.com/vapor/routing-kit.git
Working copy of https://github.com/vapor/routing-kit.git resolved at 4.9.3
